Archive member included to satisfy reference by file (symbol)

../../libDaisy//build\libdaisy.a(daisy_seed.o)
                              build/303Sequencer.o (daisy::DaisySeed::Configure())
../../libDaisy//build\libdaisy.a(codec_ak4556.o)
                              ../../libDaisy//build\libdaisy.a(daisy_seed.o) (daisy::Ak4556::Init(dsy_gpio_pin))
../../libDaisy//build\libdaisy.a(codec_wm8731.o)
                              ../../libDaisy//build\libdaisy.a(daisy_seed.o) (daisy::Wm8731::Init(daisy::Wm8731::Config const&, daisy::I2CHandle))
../../libDaisy//build\libdaisy.a(sdram.o)
                              ../../libDaisy//build\libdaisy.a(daisy_seed.o) (SdramHandle::Init())
../../libDaisy//build\libdaisy.a(audio.o)
                              ../../libDaisy//build\libdaisy.a(daisy_seed.o) (daisy::AudioHandle::Init(daisy::AudioHandle::Config const&, daisy::SaiHandle))
../../libDaisy//build\libdaisy.a(switch.o)
                              build/303Sequencer.o (daisy::Switch::Init(dsy_gpio_pin, float))
../../libDaisy//build\libdaisy.a(gpio.o)
                              ../../libDaisy//build\libdaisy.a(daisy_seed.o) (dsy_gpio_init)
../../libDaisy//build\libdaisy.a(i2c.o)
                              ../../libDaisy//build\libdaisy.a(daisy_seed.o) (daisy::I2CHandle::Init(daisy::I2CHandle::Config const&))
../../libDaisy//build\libdaisy.a(qspi.o)
                              ../../libDaisy//build\libdaisy.a(daisy_seed.o) (daisy::QSPIHandle::Init(daisy::QSPIHandle::Config const&))
../../libDaisy//build\libdaisy.a(sai.o)
                              ../../libDaisy//build\libdaisy.a(daisy_seed.o) (daisy::SaiHandle::Init(daisy::SaiHandle::Config const&))
../../libDaisy//build\libdaisy.a(system.o)
                              ../../libDaisy//build\libdaisy.a(daisy_seed.o) (daisy::System::DeInit())
../../libDaisy//build\libdaisy.a(system_stm32h7xx.o)
                              build/startup_stm32h750xx.o (SystemInit)
../../libDaisy//build\libdaisy.a(usbd_conf.o)
                              ../../libDaisy//build\libdaisy.a(system.o) (hpcd_USB_OTG_HS)
../../libDaisy//build\libdaisy.a(usbh_conf.o)
                              ../../libDaisy//build\libdaisy.a(system.o) (hhcd_USB_OTG_HS)
../../libDaisy//build\libdaisy.a(hal_map.o)
                              ../../libDaisy//build\libdaisy.a(gpio.o) (dsy_hal_map_get_port)
../../libDaisy//build\libdaisy.a(stm32h7xx_hal.o)
                              ../../libDaisy//build\libdaisy.a(system.o) (HAL_Init)
../../libDaisy//build\libdaisy.a(stm32h7xx_hal_cortex.o)
                              ../../libDaisy//build\libdaisy.a(stm32h7xx_hal.o) (HAL_NVIC_SetPriorityGrouping)
../../libDaisy//build\libdaisy.a(stm32h7xx_hal_dma.o)
                              ../../libDaisy//build\libdaisy.a(i2c.o) (HAL_DMA_Init)
../../libDaisy//build\libdaisy.a(stm32h7xx_hal_gpio.o)
                              ../../libDaisy//build\libdaisy.a(sdram.o) (HAL_GPIO_Init)
../../libDaisy//build\libdaisy.a(stm32h7xx_hal_hcd.o)
                              ../../libDaisy//build\libdaisy.a(usbh_conf.o) (HAL_HCD_HC_Init)
../../libDaisy//build\libdaisy.a(stm32h7xx_hal_i2c.o)
                              ../../libDaisy//build\libdaisy.a(i2c.o) (HAL_I2C_Init)
../../libDaisy//build\libdaisy.a(stm32h7xx_hal_i2c_ex.o)
                              ../../libDaisy//build\libdaisy.a(i2c.o) (HAL_I2CEx_ConfigAnalogFilter)
../../libDaisy//build\libdaisy.a(stm32h7xx_hal_pcd.o)
                              ../../libDaisy//build\libdaisy.a(usbd_conf.o) (HAL_PCD_Init)
../../libDaisy//build\libdaisy.a(stm32h7xx_hal_pcd_ex.o)
                              ../../libDaisy//build\libdaisy.a(usbd_conf.o) (HAL_PCDEx_SetTxFiFo)
../../libDaisy//build\libdaisy.a(stm32h7xx_hal_pwr_ex.o)
                              ../../libDaisy//build\libdaisy.a(system.o) (HAL_PWREx_ConfigSupply)
../../libDaisy//build\libdaisy.a(stm32h7xx_hal_qspi.o)
                              ../../libDaisy//build\libdaisy.a(qspi.o) (HAL_QSPI_Init)
../../libDaisy//build\libdaisy.a(stm32h7xx_hal_rcc.o)
                              ../../libDaisy//build\libdaisy.a(system.o) (HAL_RCC_OscConfig)
../../libDaisy//build\libdaisy.a(stm32h7xx_hal_rcc_ex.o)
                              ../../libDaisy//build\libdaisy.a(system.o) (HAL_RCCEx_PeriphCLKConfig)
../../libDaisy//build\libdaisy.a(stm32h7xx_hal_sai.o)
                              ../../libDaisy//build\libdaisy.a(sai.o) (HAL_SAI_InitProtocol)
../../libDaisy//build\libdaisy.a(stm32h7xx_hal_sdram.o)
                              ../../libDaisy//build\libdaisy.a(sdram.o) (HAL_SDRAM_Init)
../../libDaisy//build\libdaisy.a(stm32h7xx_ll_fmc.o)
                              ../../libDaisy//build\libdaisy.a(stm32h7xx_hal_sdram.o) (FMC_SDRAM_Init)
../../libDaisy//build\libdaisy.a(stm32h7xx_ll_usb.o)
                              ../../libDaisy//build\libdaisy.a(stm32h7xx_hal_hcd.o) (USB_CoreInit)
../../libDaisy//build\libdaisy.a(usbd_core.o)
[...]
Memory Configuration

Name             Origin             Length             Attributes
FLASH            0x08000000         0x00020000         xr
DTCMRAM          0x20000000         0x00020000         xrw
SRAM             0x24000000         0x00080000         xrw
RAM_D2           0x30000000         0x00048000         xrw
RAM_D3           0x38000000         0x00010000         xrw
ITCMRAM          0x00000000         0x00010000         xrw
SDRAM            0xc0000000         0x04000000         xrw
QSPIFLASH        0x90000000         0x00800000         xr
*default*        0x00000000         0xffffffff

Linker script and memory map

LOAD c:/program files/daisytoolchain/bin/../lib/gcc/arm-none-eabi/10.2.1/thumb/v7e-m+dp/hard/crti.o
LOAD c:/program files/daisytoolchain/bin/../lib/gcc/arm-none-eabi/10.2.1/thumb/v7e-m+dp/hard/crtbegin.o
LOAD c:/program files/daisytoolchain/bin/../lib/gcc/arm-none-eabi/10.2.1/../../../../arm-none-eabi/lib/thumb/v7e-m+dp/hard/crt0.o
LOAD build/startup_stm32h750xx.o
LOAD build/303Sequencer.o
LOAD ../../libDaisy//build\libdaisy.a
LOAD c:/program files/daisytoolchain/bin/../lib/gcc/arm-none-eabi/10.2.1/../../../../arm-none-eabi/lib/thumb/v7e-m+dp/hard\libnosys.a
LOAD ../../DaisySP//build\libdaisysp.a
LOAD c:/program files/daisytoolchain/bin/../lib/gcc/arm-none-eabi/10.2.1/../../../../arm-none-eabi/lib/thumb/v7e-m+dp/hard\libstdc++_nano.a
LOAD c:/program files/daisytoolchain/bin/../lib/gcc/arm-none-eabi/10.2.1/../../../../arm-none-eabi/lib/thumb/v7e-m+dp/hard\libm.a
LOAD c:/program files/daisytoolchain/bin/../lib/gcc/arm-none-eabi/10.2.1/../../../../arm-none-eabi/lib/thumb/v7e-m+dp/hard\libc_nano.a
START GROUP
LOAD c:/program files/daisytoolchain/bin/../lib/gcc/arm-none-eabi/10.2.1/thumb/v7e-m+dp/hard\libgcc.a
LOAD c:/program files/daisytoolchain/bin/../lib/gcc/arm-none-eabi/10.2.1/../../../../arm-none-eabi/lib/thumb/v7e-m+dp/hard\libc_nano.a
END GROUP
START GROUP
LOAD c:/program files/daisytoolchain/bin/../lib/gcc/arm-none-eabi/10.2.1/thumb/v7e-m+dp/hard\libgcc.a
LOAD c:/program files/daisytoolchain/bin/../lib/gcc/arm-none-eabi/10.2.1/../../../../arm-none-eabi/lib/thumb/v7e-m+dp/hard\libc_nano.a
LOAD c:/program files/daisytoolchain/bin/../lib/gcc/arm-none-eabi/10.2.1/../../../../arm-none-eabi/lib/thumb/v7e-m+dp/hard\libnosys.a
END GROUP
START GROUP
LOAD c:/program files/daisytoolchain/bin/../lib/gcc/arm-none-eabi/10.2.1/thumb/v7e-m+dp/hard\libgcc.a
LOAD c:/program files/daisytoolchain/bin/../lib/gcc/arm-none-eabi/10.2.1/../../../../arm-none-eabi/lib/thumb/v7e-m+dp/hard\libc_nano.a
LOAD c:/program files/daisytoolchain/bin/../lib/gcc/arm-none-eabi/10.2.1/../../../../arm-none-eabi/lib/thumb/v7e-m+dp/hard\libnosys.a
END GROUP
LOAD c:/program files/daisytoolchain/bin/../lib/gcc/arm-none-eabi/10.2.1/thumb/v7e-m+dp/hard/crtend.o
LOAD c:/program files/daisytoolchain/bin/../lib/gcc/arm-none-eabi/10.2.1/thumb/v7e-m+dp/hard/crtn.o
                0x20020000                _estack = 0x20020000

.isr_vector     0x08000000      0x298
                0x08000000                . = ALIGN (0x4)
 *(.isr_vector)
 .isr_vector    0x08000000      0x298 build/startup_stm32h750xx.o
                0x08000000                g_pfnVectors
                0x08000298                . = ALIGN (0x4)

.text           0x080002a0    0x137c0
                0x080002a0                . = ALIGN (0x4)
                0x080002a0                _stext = .
 *(.text)
 .text          0x080002a0       0x40 c:/program files/daisytoolchain/bin/../lib/gcc/arm-none-eabi/10.2.1/thumb/v7e-m+dp/hard/crtbegin.o
 .text          0x080002e0       0xa0 c:/program files/daisytoolchain/bin/../lib/gcc/arm-none-eabi/10.2.1/../../../../arm-none-eabi/lib/thumb/v7e-m+dp/hard\libc_nano.a(lib_a-memchr.o)
                0x080002e0                memchr
 .text          0x08000380       0x10 c:/program files/daisytoolchain/bin/../lib/gcc/arm-none-eabi/10.2.1/../../../../arm-none-eabi/lib/thumb/v7e-m+dp/hard\libc_nano.a(lib_a-strlen.o)
                0x08000380                strlen
 .text          0x08000390      0x378 c:/program files/daisytoolchain/bin/../lib/gcc/arm-none-eabi/10.2.1/thumb/v7e-m+dp/hard\libgcc.a(_arm_addsubdf3.o)
                0x08000390                __aeabi_drsub
                0x08000398                __aeabi_dsub
                0x08000398                __subdf3
                0x0800039c                __aeabi_dadd
                0x0800039c                __adddf3
                0x08000614                __floatunsidf
                0x08000614                __aeabi_ui2d
                0x08000634                __floatsidf
                0x08000634                __aeabi_i2d
                0x08000658                __aeabi_f2d
                0x08000658                __extendsfdf2
                0x0800069c                __floatundidf
                0x0800069c                __aeabi_ul2d
                0x080006ac                __floatdidf
                0x080006ac                __aeabi_l2d
 .text          0x08000708       0x30 c:/program files/daisytoolchain/bin/../lib/gcc/arm-none-eabi/10.2.1/thumb/v7e-m+dp/hard\libgcc.a(_aeabi_uldivmod.o)
                0x08000708                __aeabi_uldivmod
 .text          0x08000738      0x2d0 c:/program files/daisytoolchain/bin/../lib/gcc/arm-none-eabi/10.2.1/thumb/v7e-m+dp/hard\libgcc.a(_udivmoddi4.o)
                0x08000738                __udivmoddi4
 .text          0x08000a08        0x4 c:/program files/daisytoolchain/bin/../lib/gcc/arm-none-eabi/10.2.1/thumb/v7e-m+dp/hard\libgcc.a(_dvmd_tls.o)
                0x08000a08                __aeabi_idiv0
                0x08000a08                __aeabi_ldiv0
 *(.text*)
 .text.Default_Handler
                0x08000a0c        0x4 build/startup_stm32h750xx.o
                0x08000a0c                RTC_Alarm_IRQHandler
                0x08000a0c                HASH_RNG_IRQHandler
                0x08000a0c                EXTI2_IRQHandler
                0x08000a0c                TIM8_CC_IRQHandler
                0x08000a0c                HRTIM1_Master_IRQHandler
                0x08000a0c                DebugMon_Handler
                0x08000a0c                TIM1_CC_IRQHandler
                0x08000a0c                BDMA_Channel6_IRQHandler
                0x08000a0c                DMA2_Stream5_IRQHandler
                0x08000a0c                HRTIM1_FLT_IRQHandler
                0x08000a0c                JPEG_IRQHandler
                0x08000a0c                BDMA_Channel1_IRQHandler
                0x08000a0c                HRTIM1_TIMD_IRQHandler
                0x08000a0c                TAMP_STAMP_IRQHandler
                0x08000a0c                PendSV_Handler
                0x08000a0c                NMI_Handler
                0x08000a0c                EXTI3_IRQHandler
                0x08000a0c                LPTIM4_IRQHandler
                0x08000a0c                TIM8_TRG_COM_TIM14_IRQHandler
                0x08000a0c                LPTIM2_IRQHandler
                0x08000a0c                DFSDM1_FLT1_IRQHandler
                0x08000a0c                DMAMUX2_OVR_IRQHandler
                0x08000a0c                TIM8_UP_TIM13_IRQHandler
                0x08000a0c                I2C3_ER_IRQHandler
                0x08000a0c                DFSDM1_FLT2_IRQHandler
                0x08000a0c                MDMA_IRQHandler
                0x08000a0c                LPTIM3_IRQHandler
                0x08000a0c                HSEM1_IRQHandler
                0x08000a0c                EXTI0_IRQHandler
                0x08000a0c                DMA1_Stream2_IRQHandler
                0x08000a0c                FPU_IRQHandler
                0x08000a0c                OTG_HS_WKUP_IRQHandler
                0x08000a0c                FDCAN1_IT1_IRQHandler
                0x08000a0c                UsageFault_Handler
                0x08000a0c                LTDC_ER_IRQHandler
                0x08000a0c                HRTIM1_TIME_IRQHandler
                0x08000a0c                TIM6_DAC_IRQHandler
                0x08000a0c                DCMI_IRQHandler
                0x08000a0c                HRTIM1_TIMC_IRQHandler
                0x08000a0c                SAI2_IRQHandler
                0x08000a0c                DFSDM1_FLT3_IRQHandler
                0x08000a0c                TIM17_IRQHandler
                0x08000a0c                CRYP_IRQHandler
                0x08000a0c                BDMA_Channel7_IRQHandler
                0x08000a0c                LPTIM5_IRQHandler
                0x08000a0c                ADC3_IRQHandler
                0x08000a0c                DMA2_Stream0_IRQHandler
                0x08000a0c                BDMA_Channel2_IRQHandler
                0x08000a0c                DMAMUX1_OVR_IRQHandler
                0x08000a0c                TIM16_IRQHandler
                0x08000a0c                BDMA_Channel5_IRQHandler
                0x08000a0c                RCC_IRQHandler
                0x08000a0c                TIM8_BRK_TIM12_IRQHandler
                0x08000a0c                TIM1_TRG_COM_IRQHandler
                0x08000a0c                Default_Handler
                0x08000a0c                ECC_IRQHandler
                0x08000a0c                CEC_IRQHandler
                0x08000a0c                EXTI15_10_IRQHandler
                0x08000a0c                BDMA_Channel0_IRQHandler
                0x08000a0c                ADC_IRQHandler
                0x08000a0c                DMA1_Stream7_IRQHandler
                0x08000a0c                HRTIM1_TIMA_IRQHandler
                0x08000a0c                TIM7_IRQHandler
                0x08000a0c                SDMMC1_IRQHandler
                0x08000a0c                DMA2_Stream7_IRQHandler
                0x08000a0c                TIM15_IRQHandler
                0x08000a0c                PVD_AVD_IRQHandler
                0x08000a0c                EXTI9_5_IRQHandler
                0x08000a0c                RTC_WKUP_IRQHandler
                0x08000a0c                LTDC_IRQHandler
                0x08000a0c                SAI3_IRQHandler
                0x08000a0c                ETH_WKUP_IRQHandler
                0x08000a0c                SPDIF_RX_IRQHandler
                0x08000a0c                MemManage_Handler
                0x08000a0c                SVC_Handler
                0x08000a0c                CRS_IRQHandler
                0x08000a0c                EXTI4_IRQHandler
                0x08000a0c                HRTIM1_TIMB_IRQHandler
                0x08000a0c                FDCAN2_IT1_IRQHandler
                0x08000a0c                ETH_IRQHandler
                0x08000a0c                TIM1_UP_IRQHandler
                0x08000a0c                BDMA_Channel4_IRQHandler
                0x08000a0c                WWDG_IRQHandler
                0x08000a0c                SPI6_IRQHandler
                0x08000a0c                I2C4_EV_IRQHandler
                0x08000a0c                MDIOS_IRQHandler
                0x08000a0c                FDCAN2_IT0_IRQHandler
                0x08000a0c                FDCAN1_IT0_IRQHandler
                0x08000a0c                OTG_FS_WKUP_IRQHandler
                0x08000a0c                DMA2D_IRQHandler
                0x08000a0c                TIM1_BRK_IRQHandler
                0x08000a0c                EXTI1_IRQHandler
                0x08000a0c                SDMMC2_IRQHandler
                0x08000a0c                OTG_FS_EP1_OUT_IRQHandler
                0x08000a0c                BDMA_Channel3_IRQHandler
                0x08000a0c                MDIOS_WKUP_IRQHandler
                0x08000a0c                DFSDM1_FLT0_IRQHandler
                0x08000a0c                SAI4_IRQHandler
                0x08000a0c                I2C2_ER_IRQHandler
                0x08000a0c                DMA2_Stream1_IRQHandler
                0x08000a0c                FLASH_IRQHandler
                0x08000a0c                BusFault_Handler
                0x08000a0c                OTG_FS_IRQHandler
                0x08000a0c                WAKEUP_PIN_IRQHandler
                0x08000a0c                OTG_FS_EP1_IN_IRQHandler
                0x08000a0c                I2C1_ER_IRQHandler
                0x08000a0c                FMC_IRQHandler
                0x08000a0c                FDCAN_CAL_IRQHandler
                0x08000a0c                SWPMI1_IRQHandler
                0x08000a0c                COMP1_IRQHandler
                0x08000a0c                LPTIM1_IRQHandler
                0x08000a0c                I2C4_ER_IRQHandler
                0x08000a0c                DMA2_Stream6_IRQHandler
                0x08000a0c                SAI1_IRQHandler
 .text.Reset_Handler
                0x08000a10       0x44 build/startup_stm32h750xx.o
                0x08000a10                Reset_Handler
 .text._ZN5daisy6SwitchD2Ev
                0x08000a54        0x4 build/303Sequencer.o
                0x08000a54                daisy::Switch::~Switch()
                0x08000a54                daisy::Switch::~Switch()
 .text._ZN5daisy9DaisySeedD2Ev
                0x08000a58        0x4 build/303Sequencer.o
                0x08000a58                daisy::DaisySeed::~DaisySeed()
                0x08000a58                daisy::DaisySeed::~DaisySeed()
 .text._ZN7daisysp5AdEnvD2Ev
                0x08000a5c        0x4 build/303Sequencer.o
                0x08000a5c                daisysp::AdEnv::~AdEnv()
                0x08000a5c                daisysp::AdEnv::~AdEnv()
 .text._ZN7daisysp10OscillatorD2Ev
                0x08000a60        0x4 build/303Sequencer.o
                0x08000a60                daisysp::Oscillator::~Oscillator()
                0x08000a60                daisysp::Oscillator::~Oscillator()
 .text._ZN7daisysp5MetroD2Ev
                0x08000a64        0x4 build/303Sequencer.o
                0x08000a64                daisysp::Metro::~Metro()
                0x08000a64                daisysp::Metro::~Metro()
 .text.startup._ZNSt7__cxx1112basic_stringIcSt11char_traitsIcESaIcEEC2EPKcRKS3_.constprop.0.isra.0
                0x08000a68       0x64 build/303Sequencer.o
 .text._ZNSt10_HashtableINSt7__cxx1112basic_stringIcSt11char_traitsIcESaIcEEESt4pairIKS5_St6vectorIdSaIdEEESaISB_ENSt8__detail10_Select1stESt8equal_toIS5_ESt4hashIS5_ENSD_18_Mod_range_hashingENSD_20_Default_ranged_hashENSD_20_Prime_rehash_policyENSD_17_Hashtable_traitsILb1ELb0ELb1EEEE21_M_insert_unique_nodeERS7_jjPNSD_10_Hash_nodeISB_Lb1EEEj.isra.0
                0x08000acc      0x12c build/303Sequencer.o
 .text._ZNSt6vectorINSt7__cxx1112basic_stringIcSt11char_traitsIcESaIcEEESaIS5_EED2Ev
                0x08000bf8       0x3c build/303Sequencer.o
                0x08000bf8                std::vector<std::__cxx11::basic_string<char, std::char_traits<char>, std::allocator<char> >, std::allocator<std::__cxx11::basic_string<char, std::char_traits<char>, std::allocator<char> > > >::~vector()
                0x08000bf8                std::vector<std::__cxx11::basic_string<char, std::char_traits<char>, std::allocator<char> >, std::allocator<std::__cxx11::basic_string<char, std::char_traits<char>, std::allocator<char> > > >::~vector()
 .text._ZNSt13unordered_mapINSt7__cxx1112basic_stringIcSt11char_traitsIcESaIcEEESt6vectorIdSaIdEESt4hashIS5_ESt8equal_toIS5_ESaISt4pairIKS5_S8_EEED2Ev
                0x08000c34       0x60 build/303Sequencer.o
                0x08000c34                std::unordered_map<std::__cxx11::basic_string<char, std::char_traits<char>, std::allocator<char> >, std::vector<double, std::allocator<double> >, std::hash<std::__cxx11::basic_string<char, std::char_traits<char>, std::allocator<char> > >, std::equal_to<std::__cxx11::basic_string<char, std::char_traits<char>, std::allocator<char> > >, std::allocator<std::pair<std::__cxx11::basic_string<char, std::char_traits<char>, std::allocator<char> > const, std::vector<double, std::allocator<double> > > > >::~unordered_map()
                0x08000c34                std::unordered_map<std::__cxx11::basic_string<char, std::char_traits<char>, std::allocator<char> >, std::vector<double, std::allocator<double> >, std::hash<std::__cxx11::basic_string<char, std::char_traits<char>, std::allocator<char> > >, std::equal_to<std::__cxx11::basic_string<char, std::char_traits<char>, std::allocator<char> > >, std::allocator<std::pair<std::__cxx11::basic_string<char, std::char_traits<char>, std::allocator<char> > const, std::vector<double, std::allocator<double> > > > >::~unordered_map()
 .text._Z17circularShiftLeftNSt7__cxx1112basic_stringIcSt11char_traitsIcESaIcEEE
                0x08000c94       0xb4 build/303Sequencer.o
                0x08000c94                circularShiftLeft(std::__cxx11::basic_string<char, std::char_traits<char>, std::allocator<char> >)
 .text._Z13generateScaleB5cxx11v
                0x08000d48      0x284 build/303Sequencer.o
                0x08000d48                generateScale[abi:cxx11]()
 .text._Z17randomizeSequenceB5cxx11v
                0x08000fcc       0xb4 build/303Sequencer.o
                0x08000fcc                randomizeSequence[abi:cxx11]()
 .text._Z13buttonHandlerv
                0x08001080      0x3ac build/303Sequencer.o
                0x08001080                buttonHandler()
 .text._Z17prepareAudioBlockjPf
                0x0800142c       0x60 build/303Sequencer.o
                0x0800142c                prepareAudioBlock(unsigned int, float*)
 .text._Z24configureAndInitHardwarev
                0x0800148c       0x20 build/303Sequencer.o
                0x0800148c                configureAndInitHardware()
 .text._Z12initPitchEnvf
                0x080014ac       0x2c build/303Sequencer.o
                0x080014ac                initPitchEnv(float)
 .text._Z10initVolEnvf
                0x080014d8       0x24 build/303Sequencer.o
                0x080014d8                initVolEnv(float)
 .text._Z11initButtonsf
                0x080014fc       0x78 build/303Sequencer.o
                0x080014fc                initButtons(float)
 .text._Z8initTickf
                0x08001574       0x2c build/303Sequencer.o
                0x08001574                initTick(float)
 .text.startup.main
                0x080015a0       0xa4 build/303Sequencer.o
                0x080015a0                main
 .text._ZNSt6vectorIdSaIdEEC2ESt16initializer_listIdERKS0_
                0x08001644       0x5c build/303Sequencer.o
                0x08001644                std::vector<double, std::allocator<double> >::vector(std::initializer_list<double>, std::allocator<double> const&)
                0x08001644                std::vector<double, std::allocator<double> >::vector(std::initializer_list<double>, std::allocator<double> const&)
 .text._ZNSt4pairIKNSt7__cxx1112basic_stringIcSt11char_traitsIcESaIcEEESt6vectorIdSaIdEEEC2IRA2_KcLb1EEEOT_RKS9_
                0x080016a0       0xac build/303Sequencer.o
                0x080016a0                std::pair<std::__cxx11::basic_string<char, std::char_traits<char>, std::allocator<char> > const, std::vector<double, std::allocator<double> > >::pair<char const (&) [2], true>(char const (&) [2], std::vector<double, std::allocator<double> > const&)
                0x080016a0                std::pair<std::__cxx11::basic_string<char, std::char_traits<char>, std::allocator<char> > const, std::vector<double, std::allocator<double> > >::pair<char const (&) [2], true>(char const (&) [2], std::vector<double, std::allocator<double> > const&)
 .text._ZNSt4pairIKNSt7__cxx1112basic_stringIcSt11char_traitsIcESaIcEEESt6vectorIdSaIdEEEC2IRA3_KcLb1EEEOT_RKS9_
                0x0800174c       0xac build/303Sequencer.o
                0x0800174c                std::pair<std::__cxx11::basic_string<char, std::char_traits<char>, std::allocator<char> > const, std::vector<double, std::allocator<double> > >::pair<char const (&) [3], true>(char const (&) [3], std::vector<double, std::allocator<double> > const&)
                0x0800174c                std::pair<std::__cxx11::basic_string<char, std::char_traits<char>, std::allocator<char> > const, std::vector<double, std::allocator<double> > >::pair<char const (&) [3], true>(char const (&) [3], std::vector<double, std::allocator<double> > const&)
 .text._ZNSt6vectorINSt7__cxx1112basic_stringIcSt11char_traitsIcESaIcEEESaIS5_EEC2ERKS7_
                0x080017f8       0xc4 build/303Sequencer.o
                0x080017f8                std::vector<std::__cxx11::basic_string<char, std::char_traits<char>, std::allocator<char> >, std::allocator<std::__cxx11::basic_string<char, std::char_traits<char>, std::allocator<char> > > >::vector(std::vector<std::__cxx11::basic_string<char, std::char_traits<char>, std::allocator<char> >, std::allocator<std::__cxx11::basic_string<char, std::char_traits<char>, std::allocator<char> > > > const&)
                0x080017f8                std::vector<std::__cxx11::basic_string<char, std::char_traits<char>, std::allocator<char> >, std::allocator<std::__cxx11::basic_string<char, std::char_traits<char>, std::allocator<char> > > >::vector(std::vector<std::__cxx11::basic_string<char, std::char_traits<char>, std::allocator<char> >, std::allocator<std::__cxx11::basic_string<char, std::char_traits<char>, std::allocator<char> > > > const&)
 .text._ZNSt12_Vector_baseIdSaIdEED2Ev
                0x080018bc       0x14 build/303Sequencer.o
                0x080018bc                std::_Vector_base<double, std::allocator<double> >::~_Vector_base()
                0x080018bc                std::_Vector_base<double, std::allocator<double> >::~_Vector_base()
 .text._ZNKSt10_HashtableINSt7__cxx1112basic_stringIcSt11char_traitsIcESaIcEEESt4pairIKS5_St6vectorIdSaIdEEESaISB_ENSt8__detail10_Select1stESt8equal_toIS5_ESt4hashIS5_ENSD_18_Mod_range_hashingENSD_20_Default_ranged_hashENSD_20_Prime_rehash_policyENSD_17_Hashtable_traitsILb1ELb0ELb1EEEE19_M_find_before_nodeEjRS7_j
                0x080018d0       0x68 build/303Sequencer.o
                0x080018d0                std::_Hashtable<std::__cxx11::basic_string<char, std::char_traits<char>, std::allocator<char> >, std::pair<std::__cxx11::basic_string<char, std::char_traits<char>, std::allocator<char> > const, std::vector<double, std::allocator<double> > >, std::allocator<std::pair<std::__cxx11::basic_string<char, std::char_traits<char>, std::allocator<char> > const, std::vector<double, std::allocator<double> > > >, std::__detail::_Select1st, std::equal_to<std::__cxx11::basic_string<char, std::char_traits<char>, std::allocator<char> > >, std::hash<std::__cxx11::basic_string<char, std::char_traits<char>, std::allocator<char> > >, std::__detail::_Mod_range_hashing, std::__detail::_Default_ranged_hash, std::__detail::_Prime_rehash_policy, std::__detail::_Hashtable_traits<true, false, true> >::_M_find_before_node(unsigned int, std::__cxx11::basic_string<char, std::char_traits<char>, std::allocator<char> > const&, unsigned int) const
 .text._ZNSt8__detail9_Map_baseINSt7__cxx1112basic_stringIcSt11char_traitsIcESaIcEEESt4pairIKS6_St6vectorIdSaIdEEESaISC_ENS_10_Select1stESt8equal_toIS6_ESt4hashIS6_ENS_18_Mod_range_hashingENS_20_Default_ranged_hashENS_20_Prime_rehash_policyENS_17_Hashtable_traitsILb1ELb0ELb1EEELb1EEixERS8_
                0x08001938       0xc8 build/303Sequencer.o
                0x08001938                std::__detail::_Map_base<std::__cxx11::basic_string<char, std::char_traits<char>, std::allocator<char> >, std::pair<std::__cxx11::basic_string<char, std::char_traits<char>, std::allocator<char> > const, std::vector<double, std::allocator<double> > >, std::allocator<std::pair<std::__cxx11::basic_string<char, std::char_traits<char>, std::allocator<char> > const, std::vector<double, std::allocator<double> > > >, std::__detail::_Select1st, std::equal_to<std::__cxx11::basic_string<char, std::char_traits<char>, std::allocator<char> > >, std::hash<std::__cxx11::basic_string<char, std::char_traits<char>, std::allocator<char> > >, std::__detail::_Mod_range_hashing, std::__detail::_Default_ranged_hash, std::__detail::_Prime_rehash_policy, std::__detail::_Hashtable_traits<true, false, true>, true>::operator[](std::__cxx11::basic_string<char, std::char_traits<char>, std::allocator<char> > const&)
 .text._Z15triggerSequencev.part.0
                0x08001a00      0x108 build/303Sequencer.o
 .text._Z12playSequencejPf
                0x08001b08       0x48 build/303Sequencer.o
                0x08001b08                playSequence(unsigned int, float*)
 .text._Z13AudioCallbackPKfPfj
                0x08001b50       0x1c build/303Sequencer.o
                0x08001b50                AudioCallback(float const*, float*, unsigned int)
 .text._ZNSt10_HashtableINSt7__cxx1112basic_stringIcSt11char_traitsIcESaIcEEESt4pairIKS5_St6vectorIdSaIdEEESaISB_ENSt8__detail10_Select1stESt8equal_toIS5_ESt4hashIS5_ENSD_18_Mod_range_hashingENSD_20_Default_ranged_hashENSD_20_Prime_rehash_policyENSD_17_Hashtable_traitsILb1ELb0ELb1EEEEC2IPKSB_EET_SS_jRKSI_RKSJ_RKSK_RKSG_RKSE_RKSC_
                0x08001b6c      0x1a0 build/303Sequencer.o
                0x08001b6c                std::_Hashtable<std::__cxx11::basic_string<char, std::char_traits<char>, std::allocator<char> >, std::pair<std::__cxx11::basic_string<char, std::char_traits<char>, std::allocator<char> > const, std::vector<double, std::allocator<double> > >, std::allocator<std::pair<std::__cxx11::basic_string<char, std::char_traits<char>, std::allocator<char> > const, std::vector<double, std::allocator<double> > > >, std::__detail::_Select1st, std::equal_to<std::__cxx11::basic_string<char, std::char_traits<char>, std::allocator<char> > >, std::hash<std::__cxx11::basic_string<char, std::char_traits<char>, std::allocator<char> > >, std::__detail::_Mod_range_hashing, std::__detail::_Default_ranged_hash, std::__detail::_Prime_rehash_policy, std::__detail::_Hashtable_traits<true, false, true> >::_Hashtable<std::pair<std::__cxx11::basic_string<char, std::char_traits<char>, std::allocator<char> > const, std::vector<double, std::allocator<double> > > const*>(std::pair<std::__cxx11::basic_string<char, std::char_traits<char>, std::allocator<char> > const, std::vector<double, std::allocator<double> > > const*, std::pair<std::__cxx11::basic_string<char, std::char_traits<char>, std::allocator<char> > const, std::vector<double, std::allocator<double> > > const*, unsigned int, std::hash<std::__cxx11::basic_string<char, std::char_traits<char>, std::allocator<char> > > const&, std::__detail::_Mod_range_hashing const&, std::__detail::_Default_ranged_hash const&, std::equal_to<std::__cxx11::basic_string<char, std::char_traits<char>, std::allocator<char> > > const&, std::__detail::_Select1st const&, std::allocator<std::pair<std::__cxx11::basic_string<char, std::char_traits<char>, std::allocator<char> > const, std::vector<double, std::allocator<double> > > > const&)
                0x08001b6c                std::_Hashtable<std::__cxx11::basic_string<char, std::char_traits<char>, std::allocator<char> >, std::pair<std::__cxx11::basic_string<char, std::char_traits<char>, std::allocator<char> > const, std::vector<double, std::allocator<double> > >, std::allocator<std::pair<std::__cxx11::basic_string<char, std::char_traits<char>, std::allocator<char> > const, std::vector<double, std::allocator<double> > > >, std::__detail::_Select1st, std::equal_to<std::__cxx11::basic_string<char, std::char_traits<char>, std::allocator<char> > >, std::hash<std::__cxx11::basic_string<char, std::char_traits<char>, std::allocator<char> > >, std::__detail::_Mod_range_hashing, std::__detail::_Default_ranged_hash, std::__detail::_Prime_rehash_policy, std::__detail::_Hashtable_traits<true, false, true> >::_Hashtable<std::pair<std::__cxx11::basic_string<char, std::char_traits<char>, std::allocator<char> > const, std::vector<double, std::allocator<double> > > const*>(std::pair<std::__cxx11::basic_string<char, std::char_traits<char>, std::allocator<char> > const, std::vector<double, std::allocator<double> > > const*, std::pair<std::__cxx11::basic_string<char, std::char_traits<char>, std::allocator<char> > const, std::vector<double, std::allocator<double> > > const*, unsigned int, std::hash<std::__cxx11::basic_string<char, std::char_traits<char>, std::allocator<char> > > const&, std::__detail::_Mod_range_hashing const&, std::__detail::_Default_ranged_hash const&, std::equal_to<std::__cxx11::basic_string<char, std::char_traits<char>, std::allocator<char> > > const&, std::__detail::_Select1st const&, std::allocator<std::pair<std::__cxx11::basic_string<char, std::char_traits<char>, std::allocator<char> > const, std::vector<double, std::allocator<double> > > > const&)
 .text.startup._Z41__static_initialization_and_destruction_0ii.constprop.0
                0x08001d0c      0x5a8 build/303Sequencer.o
 .text.startup._GLOBAL__sub_I_hardware
                0x080022b4        0x4 build/303Sequencer.o
 .text._ZN5daisy9DaisySeed9ConfigureEv
                0x080022b8        0x4 ../../libDaisy//build\libdaisy.a(daisy_seed.o)
                0x080022b8                daisy::DaisySeed::Configure()
 .text._ZN5daisy9DaisySeed6GetPinEh
                0x080022bc       0x2c ../../libDaisy//build\libdaisy.a(daisy_seed.o)
                0x080022bc                daisy::DaisySeed::GetPin(unsigned char)
 .text._ZN5daisy9DaisySeed10StartAudioEPFvPKfPfjE
                0x080022e8        0x8 ../../libDaisy//build\libdaisy.a(daisy_seed.o)
                0x080022e8                daisy::DaisySeed::StartAudio(void (*)(float const*, float*, unsigned int))
 .text._ZN5daisy9DaisySeed15AudioSampleRateEv
                0x080022f0        0x8 ../../libDaisy//build\libdaisy.a(daisy_seed.o)
                0x080022f0                daisy::DaisySeed::AudioSampleRate()
 .text._ZN5daisy9DaisySeed17SetAudioBlockSizeEj
                0x080022f8       0x38 ../../libDaisy//build\libdaisy.a(daisy_seed.o)
                0x080022f8                daisy::DaisySeed::SetAudioBlockSize(unsigned int)
 .text._ZN5daisy9DaisySeed14ConfigureAudioEv
                0x08002330       0xd0 ../../libDaisy//build\libdaisy.a(daisy_seed.o)
                0x08002330                daisy::DaisySeed::ConfigureAudio()
 .text._ZN5daisy9DaisySeed4InitEb
                0x08002400       0xf0 ../../libDaisy//build\libdaisy.a(daisy_seed.o)
                0x08002400                daisy::DaisySeed::Init(bool)
 .text._ZN5daisy6Ak45564InitE12dsy_gpio_pin
                0x080024f0       0x44 ../../libDaisy//build\libdaisy.a(codec_ak4556.o)
                0x080024f0                daisy::Ak4556::Init(dsy_gpio_pin)
 .text._ZN5daisy6Wm873120WriteControlRegisterEht
                0x08002534       0x3c ../../libDaisy//build\libdaisy.a(codec_wm8731.o)
                0x08002534                daisy::Wm8731::WriteControlRegister(unsigned char, unsigned short)
 .text._ZN5daisy6Wm87314InitERKNS0_6ConfigENS_9I2CHandleE
                0x08002570      0x1bc ../../libDaisy//build\libdaisy.a(codec_wm8731.o)
                0x08002570                daisy::Wm8731::Init(daisy::Wm8731::Config const&, daisy::I2CHandle)
 .text._ZN11SdramHandle10DeviceInitEv
                0x0800272c       0x98 ../../libDaisy//build\libdaisy.a(sdram.o)
                0x0800272c                SdramHandle::DeviceInit()
 .text._ZN11SdramHandle4InitEv
                0x080027c4       0x7c ../../libDaisy//build\libdaisy.a(sdram.o)
                0x080027c4                SdramHandle::Init()
 .text.HAL_SDRAM_MspInit
                0x08002840      0x1a8 ../../libDaisy//build\libdaisy.a(sdram.o)
                0x08002840                HAL_SDRAM_MspInit
 .text._ZN5daisy11AudioHandle4Impl16InternalCallbackEPlS2_j
                0x080029e8      0xbbc ../../libDaisy//build\libdaisy.a(audio.o)
                0x080029e8                daisy::AudioHandle::Impl::InternalCallback(long*, long*, unsigned int)
 .text._ZN5daisy11AudioHandle4InitERKNS0_6ConfigENS_9SaiHandleE
                0x080035a4       0x70 ../../libDaisy//build\libdaisy.a(audio.o)
                0x080035a4                daisy::AudioHandle::Init(daisy::AudioHandle::Config const&, daisy::SaiHandle)
 .text._ZNK5daisy11AudioHandle9GetConfigEv
                0x08003614        0x8 ../../libDaisy//build\libdaisy.a(audio.o)
                0x08003614                daisy::AudioHandle::GetConfig() const
 .text._ZN5daisy11AudioHandle12SetBlockSizeEj
                0x0800361c       0x1c ../../libDaisy//build\libdaisy.a(audio.o)
                0x0800361c                daisy::AudioHandle::SetBlockSize(unsigned int)
 .text._ZN5daisy11AudioHandle13GetSampleRateEv
                0x08003638        0x8 ../../libDaisy//build\libdaisy.a(audio.o)
                0x08003638                daisy::AudioHandle::GetSampleRate()
 .text._ZN5daisy11AudioHandle5StartEPFvPKfPfjE
                0x08003640       0x2c ../../libDaisy//build\libdaisy.a(audio.o)
                0x08003640                daisy::AudioHandle::Start(void (*)(float const*, float*, unsigned int))
 .text.startup._GLOBAL__sub_I__ZN5daisy11AudioHandle4Impl4InitENS0_6ConfigENS_9SaiHandleE
                0x0800366c       0x24 ../../libDaisy//build\libdaisy.a(audio.o)
 .text._ZN5daisy6Switch4InitE12dsy_gpio_pinf
                0x08003690       0x34 ../../libDaisy//build\libdaisy.a(switch.o)
                0x08003690                daisy::Switch::Init(dsy_gpio_pin, float)
 .text._ZN5daisy6Switch8DebounceEv
                0x080036c4       0x5c ../../libDaisy//build\libdaisy.a(switch.o)
                0x080036c4                daisy::Switch::Debounce()
 .text.dsy_gpio_init
                0x08003720      0x1b8 ../../libDaisy//build\libdaisy.a(gpio.o)
                0x08003720                dsy_gpio_init
 .text.dsy_gpio_read
                0x080038d8       0x1c ../../libDaisy//build\libdaisy.a(gpio.o)
                0x080038d8                dsy_gpio_read
 .text.dsy_gpio_write
                0x080038f4       0x24 ../../libDaisy//build\libdaisy.a(gpio.o)
                0x080038f4                dsy_gpio_write
 .text._ZN5daisy9I2CHandle4Impl8InitPinsEv
                0x08003918       0x58 ../../libDaisy//build\libdaisy.a(i2c.o)
                0x08003918                daisy::I2CHandle::Impl::InitPins()
 .text.HAL_I2C_MspInit
                0x08003970      0x1b4 ../../libDaisy//build\libdaisy.a(i2c.o)
                0x08003970                HAL_I2C_MspInit
 .text.dsy_i2c_global_init
                0x08003b24       0x78 ../../libDaisy//build\libdaisy.a(i2c.o)
                0x08003b24                dsy_i2c_global_init
 .text.DMA1_Stream6_IRQHandler
                0x08003b9c       0x34 ../../libDaisy//build\libdaisy.a(i2c.o)
                0x08003b9c                DMA1_Stream6_IRQHandler
 .text.I2C1_EV_IRQHandler
                0x08003bd0        0xc ../../libDaisy//build\libdaisy.a(i2c.o)
                0x08003bd0                I2C1_EV_IRQHandler
 .text.I2C2_EV_IRQHandler
                0x08003bdc        0xc ../../libDaisy//build\libdaisy.a(i2c.o)
                0x08003bdc                I2C2_EV_IRQHandler
 .text.I2C3_EV_IRQHandler
                0x08003be8        0xc ../../libDaisy//build\libdaisy.a(i2c.o)
                0x08003be8                I2C3_EV_IRQHandler
 .text._ZN5daisy9I2CHandle4InitERKNS0_6ConfigE
                0x08003bf4      0x12c ../../libDaisy//build\libdaisy.a(i2c.o)
                0x08003bf4                daisy::I2CHandle::Init(daisy::I2CHandle::Config const&)
 .text._ZN5daisy9I2CHandle16TransmitBlockingEtPhtm
                0x08003d20       0x50 ../../libDaisy//build\libdaisy.a(i2c.o)
                0x08003d20                daisy::I2CHandle::TransmitBlocking(unsigned short, unsigned char*, unsigned short, unsigned long)
 .text.startup._GLOBAL__sub_I__ZN5daisy9I2CHandle4Impl10GlobalInitEv
                0x08003d70       0x18 ../../libDaisy//build\libdaisy.a(i2c.o)
 .text._ZN5daisy10QSPIHandle4Impl11WriteEnableEv
                0x08003d88       0x8c ../../libDaisy//build\libdaisy.a(qspi.o)
                0x08003d88                daisy::QSPIHandle::Impl::WriteEnable()
 *fill*         0x08003e14        0x4 
 .text._ZN5daisy10QSPIHandle4Impl17DummyCyclesConfigENS0_6Config6DeviceE
                0x08003e18      0x118 ../../libDaisy//build\libdaisy.a(qspi.o)
                0x08003e18                daisy::QSPIHandle::Impl::DummyCyclesConfig(daisy::QSPIHandle::Config::Device)
 .text._ZN5daisy10QSPIHandle4Impl10QuadEnableEv
                0x08003f30      0x158 ../../libDaisy//build\libdaisy.a(qspi.o)
                0x08003f30                daisy::QSPIHandle::Impl::QuadEnable()
 .text._ZN5daisy10QSPIHandle4InitERKNS0_6ConfigE
                0x08004088      0x198 ../../libDaisy//build\libdaisy.a(qspi.o)
                0x08004088                daisy::QSPIHandle::Init(daisy::QSPIHandle::Config const&)
 .text.HAL_QSPI_MspInit
                0x08004220      0x11c ../../libDaisy//build\libdaisy.a(qspi.o)
                0x08004220                HAL_QSPI_MspInit
 .text.HAL_QSPI_MspDeInit
                0x0800433c       0x54 ../../libDaisy//build\libdaisy.a(qspi.o)
                0x0800433c                HAL_QSPI_MspDeInit
 .text.QUADSPI_IRQHandler
                0x08004390        0xc ../../libDaisy//build\libdaisy.a(qspi.o)
                0x08004390                QUADSPI_IRQHandler
 .text.startup._GLOBAL__sub_I__ZN5daisy10QSPIHandle4Impl4InitERKNS0_6ConfigE
                0x0800439c       0x28 ../../libDaisy//build\libdaisy.a(qspi.o)
 .text._ZN5daisy9SaiHandle4Impl7InitDmaENS1_15PeripheralBlockE
                0x080043c4       0xa0 ../../libDaisy//build\libdaisy.a(sai.o)
                0x080043c4                daisy::SaiHandle::Impl::InitDma(daisy::SaiHandle::Impl::PeripheralBlock)
 .text._ZN5daisy9SaiHandle4Impl8InitPinsEv
                0x08004464       0xa8 ../../libDaisy//build\libdaisy.a(sai.o)
                0x08004464                daisy::SaiHandle::Impl::InitPins()
 .text.HAL_SAI_MspInit
                0x0800450c      0x164 ../../libDaisy//build\libdaisy.a(sai.o)
                0x0800450c                HAL_SAI_MspInit
 .text.DMA1_Stream0_IRQHandler
                0x08004670        0xc ../../libDaisy//build\libdaisy.a(sai.o)
                0x08004670                DMA1_Stream0_IRQHandler
 .text.DMA1_Stream1_IRQHandler
                0x0800467c        0xc ../../libDaisy//build\libdaisy.a(sai.o)
                0x0800467c                DMA1_Stream1_IRQHandler
 .text.DMA1_Stream3_IRQHandler
                0x08004688        0xc ../../libDaisy//build\libdaisy.a(sai.o)
                0x08004688                DMA1_Stream3_IRQHandler
 .text.DMA1_Stream4_IRQHandler
                0x08004694        0xc ../../libDaisy//build\libdaisy.a(sai.o)
                0x08004694                DMA1_Stream4_IRQHandler
 .text.HAL_SAI_RxHalfCpltCallback
                0x080046a0       0x78 ../../libDaisy//build\libdaisy.a(sai.o)
                0x080046a0                HAL_SAI_RxHalfCpltCallback
 .text.HAL_SAI_RxCpltCallback
                0x08004718       0x70 ../../libDaisy//build\libdaisy.a(sai.o)
                0x08004718                HAL_SAI_RxCpltCallback
 .text._ZN5daisy9SaiHandle4InitERKNS0_6ConfigE
                0x08004788      0x1f0 ../../libDaisy//build\libdaisy.a(sai.o)
                0x08004788                daisy::SaiHandle::Init(daisy::SaiHandle::Config const&)
 .text._ZNK5daisy9SaiHandle9GetConfigEv
                0x08004978        0x4 ../../libDaisy//build\libdaisy.a(sai.o)
                0x08004978                daisy::SaiHandle::GetConfig() const
 .text._ZN5daisy9SaiHandle8StartDmaEPlS1_jPFvS1_S1_jE
                0x0800497c       0xbc ../../libDaisy//build\libdaisy.a(sai.o)
                0x0800497c                daisy::SaiHandle::StartDma(long*, long*, unsigned int, void (*)(long*, long*, unsigned int))
 .text._ZN5daisy9SaiHandle13GetSampleRateEv
                0x08004a38       0x24 ../../libDaisy//build\libdaisy.a(sai.o)
                0x08004a38                daisy::SaiHandle::GetSampleRate()
 .text._ZNK5daisy9SaiHandle9GetOffsetEv
                0x08004a5c        0x8 ../../libDaisy//build\libdaisy.a(sai.o)
                0x08004a5c                daisy::SaiHandle::GetOffset() const
 .text._ZN5daisy11TimerHandleD2Ev
                0x08004a64        0x4 ../../libDaisy//build\libdaisy.a(system.o)
                0x08004a64                daisy::TimerHandle::~TimerHandle()
                0x08004a64                daisy::TimerHandle::~TimerHandle()
 .text.SysTick_Handler
                0x08004a68       0x10 ../../libDaisy//build\libdaisy.a(system.o)
                0x08004a68                SysTick_Handler
 .text.OTG_HS_EP1_OUT_IRQHandler
                0x08004a78       0x24 ../../libDaisy//build\libdaisy.a(system.o)
                0x08004a78                OTG_HS_EP1_OUT_IRQHandler
 .text.OTG_HS_EP1_IN_IRQHandler
                0x08004a9c       0x24 ../../libDaisy//build\libdaisy.a(system.o)
                0x08004a9c                OTG_HS_EP1_IN_IRQHandler
 .text.OTG_HS_IRQHandler
                0x08004ac0       0x24 ../../libDaisy//build\libdaisy.a(system.o)
                0x08004ac0                OTG_HS_IRQHandler
 .text.HardFault_Handler
                0x08004ae4       0xe0 ../../libDaisy//build\libdaisy.a(system.o)
                0x08004ae4                HardFault_Handler
 .text._ZN5daisy6System6GetNowEv
                0x08004bc4        0x4 ../../libDaisy//build\libdaisy.a(system.o)
                0x08004bc4                daisy::System::GetNow()
 .text._ZN5daisy6System5DelayEm
                0x08004bc8        0x4 ../../libDaisy//build\libdaisy.a(system.o)
                0x08004bc8                daisy::System::Delay(unsigned long)
 .text._ZN5daisy6System15ConfigureClocksEv
                0x08004bcc      0x194 ../../libDaisy//build\libdaisy.a(system.o)
                0x08004bcc                daisy::System::ConfigureClocks()
 .text._ZN5daisy6System4InitERKNS0_6ConfigE
                0x08004d60      0x140 ../../libDaisy//build\libdaisy.a(system.o)
                0x08004d60                daisy::System::Init(daisy::System::Config const&)
 .text._ZN5daisy6System12GetPClk1FreqEv
                0x08004ea0        0x4 ../../libDaisy//build\libdaisy.a(system.o)
                0x08004ea0                daisy::System::GetPClk1Freq()
 .text._ZN5daisy6System22GetProgramMemoryRegionEv
                0x08004ea4       0x78 ../../libDaisy//build\libdaisy.a(system.o)
                0x08004ea4                daisy::System::GetProgramMemoryRegion()
 .text.startup._GLOBAL__sub_I_SysTick_Handler
                0x08004f1c       0x1c ../../libDaisy//build\libdaisy.a(system.o)
 .text.SystemInit
                0x08004f38       0x9c ../../libDaisy//build\libdaisy.a(system_stm32h7xx.o)
                0x08004f38                SystemInit
 .text.HAL_PCD_SetupStageCallback
                0x08004fd4        0xc ../../libDaisy//build\libdaisy.a(usbd_conf.o)
                0x08004fd4                HAL_PCD_SetupStageCallback
 .text.HAL_PCD_DataOutStageCallback
                0x08004fe0       0x14 ../../libDaisy//build\libdaisy.a(usbd_conf.o)
                0x08004fe0                HAL_PCD_DataOutStageCallback
 .text.HAL_PCD_DataInStageCallback
                0x08004ff4       0x14 ../../libDaisy//build\libdaisy.a(usbd_conf.o)
                0x08004ff4                HAL_PCD_DataInStageCallback
 .text.HAL_PCD_SOFCallback
                0x08005008        0x8 ../../libDaisy//build\libdaisy.a(usbd_conf.o)
                0x08005008                HAL_PCD_SOFCallback
 .text.HAL_PCD_ResetCallback
                0x08005010       0x24 ../../libDaisy//build\libdaisy.a(usbd_conf.o)
                0x08005010                HAL_PCD_ResetCallback
 .text.HAL_PCD_SuspendCallback
                0x08005034       0x30 ../../libDaisy//build\libdaisy.a(usbd_conf.o)
                0x08005034                HAL_PCD_SuspendCallback
 .text.HAL_PCD_ResumeCallback
                0x08005064        0x8 ../../libDaisy//build\libdaisy.a(usbd_conf.o)
                0x08005064                HAL_PCD_ResumeCallback
 .text.HAL_PCD_ISOOUTIncompleteCallback
                0x0800506c        0x8 ../../libDaisy//build\libdaisy.a(usbd_conf.o)
                0x0800506c                HAL_PCD_ISOOUTIncompleteCallback
 .text.HAL_PCD_ISOINIncompleteCallback
                0x08005074        0x8 ../../libDaisy//build\libdaisy.a(usbd_conf.o)
                0x08005074                HAL_PCD_ISOINIncompleteCallback
 .text.HAL_PCD_ConnectCallback
                0x0800507c        0x8 ../../libDaisy//build\libdaisy.a(usbd_conf.o)
                0x0800507c                HAL_PCD_ConnectCallback
 .text.HAL_PCD_DisconnectCallback
                0x08005084        0x8 ../../libDaisy//build\libdaisy.a(usbd_conf.o)
                0x08005084                HAL_PCD_DisconnectCallback
 .text.USBD_LL_OpenEP
                0x0800508c       0x24 ../../libDaisy//build\libdaisy.a(usbd_conf.o)
                0x0800508c                USBD_LL_OpenEP
 .text.USBD_LL_StallEP
                0x080050b0       0x1c ../../libDaisy//build\libdaisy.a(usbd_conf.o)
                0x080050b0                USBD_LL_StallEP
 .text.USBD_LL_ClearStallEP
                0x080050cc       0x1c ../../libDaisy//build\libdaisy.a(usbd_conf.o)
                0x080050cc                USBD_LL_ClearStallEP
 .text.USBD_LL_IsStallEP
                0x080050e8       0x28 ../../libDaisy//build\libdaisy.a(usbd_conf.o)
                0x080050e8                USBD_LL_IsStallEP
 .text.USBD_LL_SetUSBAddress
                0x08005110       0x1c ../../libDaisy//build\libdaisy.a(usbd_conf.o)
                0x08005110                USBD_LL_SetUSBAddress
 .text.USBD_LL_Transmit
                0x0800512c       0x1c ../../libDaisy//build\libdaisy.a(usbd_conf.o)
                0x0800512c                USBD_LL_Transmit
 .text.USBD_LL_PrepareReceive
                0x08005148       0x1c ../../libDaisy//build\libdaisy.a(usbd_conf.o)
                0x08005148                USBD_LL_PrepareReceive
 .text.HAL_HCD_SOF_Callback
                0x08005164        0x8 ../../libDaisy//build\libdaisy.a(usbh_conf.o)
                0x08005164                HAL_HCD_SOF_Callback
 .text.HAL_HCD_Connect_Callback
                0x0800516c        0x8 ../../libDaisy//build\libdaisy.a(usbh_conf.o)
                0x0800516c                HAL_HCD_Connect_Callback
 .text.HAL_HCD_Disconnect_Callback
                0x08005174        0x8 ../../libDaisy//build\libdaisy.a(usbh_conf.o)
                0x08005174                HAL_HCD_Disconnect_Callback
 .text.HAL_HCD_HC_NotifyURBChange_Callback
                0x0800517c        0x4 ../../libDaisy//build\libdaisy.a(usbh_conf.o)
                0x0800517c                HAL_HCD_HC_NotifyURBChange_Callback
 .text.HAL_HCD_PortEnabled_Callback
                0x08005180        0x8 ../../libDaisy//build\libdaisy.a(usbh_conf.o)
                0x08005180                HAL_HCD_PortEnabled_Callback
 .text.HAL_HCD_PortDisabled_Callback
                0x08005188        0x8 ../../libDaisy//build\libdaisy.a(usbh_conf.o)
                0x08005188                HAL_HCD_PortDisabled_Callback
 .text.USBH_LL_Stop
                0x08005190       0x1c ../../libDaisy//build\libdaisy.a(usbh_conf.o)
                0x08005190                USBH_LL_Stop
 .text.dsy_hal_map_get_port
                0x080051ac       0x10 ../../libDaisy//build\libdaisy.a(hal_map.o)
                0x080051ac                dsy_hal_map_get_port
 .text.dsy_hal_map_get_pin
                0x080051bc       0x10 ../../libDaisy//build\libdaisy.a(hal_map.o)
                0x080051bc                dsy_hal_map_get_pin
 .text.dsy_hal_map_gpio_clk_enable
                0x080051cc      0x150 ../../libDaisy//build\libdaisy.a(hal_map.o)
                0x080051cc                dsy_hal_map_gpio_clk_enable
 .text.HAL_MspInit
                0x0800531c        0x4 ../../libDaisy//build\libdaisy.a(stm32h7xx_hal.o)
                0x0800531c                HAL_MspInit
 .text.HAL_InitTick
                0x08005320       0x4c ../../libDaisy//build\libdaisy.a(stm32h7xx_hal.o)
                0x08005320                HAL_InitTick
 .text.HAL_Init
                0x0800536c       0x60 ../../libDaisy//build\libdaisy.a(stm32h7xx_hal.o)
                0x0800536c                HAL_Init
 .text.HAL_IncTick
                0x080053cc       0x18 ../../libDaisy//build\libdaisy.a(stm32h7xx_hal.o)
                0x080053cc                HAL_IncTick
 .text.HAL_GetTick
                0x080053e4        0xc ../../libDaisy//build\libdaisy.a(stm32h7xx_hal.o)
                0x080053e4                HAL_GetTick
 .text.HAL_Delay
                0x080053f0       0x24 ../../libDaisy//build\libdaisy.a(stm32h7xx_hal.o)
                0x080053f0                HAL_Delay
 .text.HAL_GetREVID
                0x08005414        0xc ../../libDaisy//build\libdaisy.a(stm32h7xx_hal.o)
                0x08005414                HAL_GetREVID
 .text.HAL_NVIC_SetPriorityGrouping
                0x08005420       0x24 ../../libDaisy//build\libdaisy.a(stm32h7xx_hal_cortex.o)
                0x08005420                HAL_NVIC_SetPriorityGrouping
 .text.HAL_NVIC_SetPriority
                0x08005444       0x7c ../../libDaisy//build\libdaisy.a(stm32h7xx_hal_cortex.o)
                0x08005444                HAL_NVIC_SetPriority
 .text.HAL_NVIC_EnableIRQ
                0x080054c0       0x1c ../../libDaisy//build\libdaisy.a(stm32h7xx_hal_cortex.o)
                0x080054c0                HAL_NVIC_EnableIRQ
 .text.HAL_NVIC_DisableIRQ
                0x080054dc       0x28 ../../libDaisy//build\libdaisy.a(stm32h7xx_hal_cortex.o)
                0x080054dc                HAL_NVIC_DisableIRQ
 .text.HAL_SYSTICK_Config
                0x08005504       0x2c ../../libDaisy//build\libdaisy.a(stm32h7xx_hal_cortex.o)
                0x08005504                HAL_SYSTICK_Config
 .text.HAL_MPU_Disable
                0x08005530       0x1c ../../libDaisy//build\libdaisy.a(stm32h7xx_hal_cortex.o)
                0x08005530                HAL_MPU_Disable
 .text.HAL_MPU_Enable
                0x0800554c       0x20 ../../libDaisy//build\libdaisy.a(stm32h7xx_hal_cortex.o)
                0x0800554c                HAL_MPU_Enable
 .text.HAL_MPU_ConfigRegion
                0x0800556c       0x64 ../../libDaisy//build\libdaisy.a(stm32h7xx_hal_cortex.o)
                0x0800556c                HAL_MPU_ConfigRegion
 .text.HAL_SYSTICK_Callback
                0x080055d0        0x4 ../../libDaisy//build\libdaisy.a(stm32h7xx_hal_cortex.o)
                0x080055d0                HAL_SYSTICK_Callback
 .text.HAL_SYSTICK_IRQHandler
                0x080055d4        0x8 ../../libDaisy//build\libdaisy.a(stm32h7xx_hal_cortex.o)
                0x080055d4                HAL_SYSTICK_IRQHandler
 .text.DMA_CalcBaseAndBitshift
                0x080055dc       0xf4 ../../libDaisy//build\libdaisy.a(stm32h7xx_hal_dma.o)
 .text.DMA_CalcDMAMUXChannelBaseAndMask
                0x080056d0       0xd8 ../../libDaisy//build\libdaisy.a(stm32h7xx_hal_dma.o)
 .text.HAL_DMA_Init
                0x080057a8      0x37c ../../libDaisy//build\libdaisy.a(stm32h7xx_hal_dma.o)
                0x080057a8                HAL_DMA_Init
 .text.HAL_DMA_Start_IT
                0x08005b24      0x240 ../../libDaisy//build\libdaisy.a(stm32h7xx_hal_dma.o)
                0x08005b24                HAL_DMA_Start_IT
 .text.HAL_DMA_Abort_IT
                0x08005d64      0x134 ../../libDaisy//build\libdaisy.a(stm32h7xx_hal_dma.o)
                0x08005d64                HAL_DMA_Abort_IT
 .text.HAL_DMA_IRQHandler
                0x08005e98      0x6a0 ../../libDaisy//build\libdaisy.a(stm32h7xx_hal_dma.o)
                0x08005e98                HAL_DMA_IRQHandler
 .text.HAL_DMA_GetError
                0x08006538        0x4 ../../libDaisy//build\libdaisy.a(stm32h7xx_hal_dma.o)
                0x08006538                HAL_DMA_GetError
 .text.HAL_GPIO_Init
                0x0800653c      0x280 ../../libDaisy//build\libdaisy.a(stm32h7xx_hal_gpio.o)
                0x0800653c                HAL_GPIO_Init
 .text.HAL_GPIO_DeInit
                0x080067bc      0x190 ../../libDaisy//build\libdaisy.a(stm32h7xx_hal_gpio.o)
                0x080067bc                HAL_GPIO_DeInit
 .text.HAL_GPIO_ReadPin
                0x0800694c        0xc ../../libDaisy//build\libdaisy.a(stm32h7xx_hal_gpio.o)
                0x0800694c                HAL_GPIO_ReadPin
 .text.HAL_GPIO_WritePin
                0x08006958        0x8 ../../libDaisy//build\libdaisy.a(stm32h7xx_hal_gpio.o)
                0x08006958                HAL_GPIO_WritePin
 .text.HAL_HCD_IRQHandler
                0x08006960      0x780 ../../libDaisy//build\libdaisy.a(stm32h7xx_hal_hcd.o)
                0x08006960                HAL_HCD_IRQHandler
 .text.HAL_HCD_Stop
                0x080070e0       0x28 ../../libDaisy//build\libdaisy.a(stm32h7xx_hal_hcd.o)
                0x080070e0                HAL_HCD_Stop
 .text.I2C_WaitOnTXISFlagUntilTimeout
                0x08007108       0xb8 ../../libDaisy//build\libdaisy.a(stm32h7xx_hal_i2c.o)
 .text.I2C_WaitOnSTOPFlagUntilTimeout
                0x080071c0       0xac ../../libDaisy//build\libdaisy.a(stm32h7xx_hal_i2c.o)
 .text.HAL_I2C_Init
                0x0800726c       0xac ../../libDaisy//build\libdaisy.a(stm32h7xx_hal_i2c.o)
                0x0800726c                HAL_I2C_Init
 .text.HAL_I2C_Master_Transmit
                0x08007318      0x1a8 ../../libDaisy//build\libdaisy.a(stm32h7xx_hal_i2c.o)
                0x08007318                HAL_I2C_Master_Transmit
 .text.HAL_I2C_Slave_Transmit
                0x080074c0      0x1c8 ../../libDaisy//build\libdaisy.a(stm32h7xx_hal_i2c.o)
                0x080074c0                HAL_I2C_Slave_Transmit
 .text.HAL_I2C_EV_IRQHandler
                0x08007688       0x10 ../../libDaisy//build\libdaisy.a(stm32h7xx_hal_i2c.o)
                0x08007688                HAL_I2C_EV_IRQHandler
 .text.HAL_I2C_GetState
                0x08007698        0x8 ../../libDaisy//build\libdaisy.a(stm32h7xx_hal_i2c.o)
                0x08007698                HAL_I2C_GetState
 .text.HAL_I2CEx_ConfigAnalogFilter
                0x080076a0       0x54 ../../libDaisy//build\libdaisy.a(stm32h7xx_hal_i2c_ex.o)
                0x080076a0                HAL_I2CEx_ConfigAnalogFilter
 .text.HAL_I2CEx_ConfigDigitalFilter
                0x080076f4       0x58 ../../libDaisy//build\libdaisy.a(stm32h7xx_hal_i2c_ex.o)
                0x080076f4                HAL_I2CEx_ConfigDigitalFilter
 .text.HAL_PCD_IRQHandler
                0x0800774c      0x69c ../../libDaisy//build\libdaisy.a(stm32h7xx_hal_pcd.o)
                0x0800774c                HAL_PCD_IRQHandler
 .text.HAL_PCD_SetAddress
                0x08007de8       0x2c ../../libDaisy//build\libdaisy.a(stm32h7xx_hal_pcd.o)
                0x08007de8                HAL_PCD_SetAddress
 .text.HAL_PCD_EP_Open
                0x08007e14       0x7c ../../libDaisy//build\libdaisy.a(stm32h7xx_hal_pcd.o)
                0x08007e14                HAL_PCD_EP_Open
 .text.HAL_PCD_EP_Receive
                0x08007e90       0x50 ../../libDaisy//build\libdaisy.a(stm32h7xx_hal_pcd.o)
                0x08007e90                HAL_PCD_EP_Receive
 .text.HAL_PCD_EP_Transmit
                0x08007ee0       0x50 ../../libDaisy//build\libdaisy.a(stm32h7xx_hal_pcd.o)
                0x08007ee0                HAL_PCD_EP_Transmit
 .text.HAL_PCD_EP_SetStall
                0x08007f30       0x88 ../../libDaisy//build\libdaisy.a(stm32h7xx_hal_pcd.o)
                0x08007f30                HAL_PCD_EP_SetStall
 .text.HAL_PCD_EP_ClrStall
                0x08007fb8       0x78 ../../libDaisy//build\libdaisy.a(stm32h7xx_hal_pcd.o)
                0x08007fb8                HAL_PCD_EP_ClrStall
 .text.HAL_PCDEx_LPM_Callback
                0x08008030        0x4 ../../libDaisy//build\libdaisy.a(stm32h7xx_hal_pcd_ex.o)
                0x08008030                HAL_PCDEx_LPM_Callback
 .text.HAL_PWREx_ConfigSupply
                0x08008034       0x4c ../../libDaisy//build\libdaisy.a(stm32h7xx_hal_pwr_ex.o)
                0x08008034                HAL_PWREx_ConfigSupply
 .text.HAL_PWREx_EnableUSBVoltageDetector
                0x08008080       0x10 ../../libDaisy//build\libdaisy.a(stm32h7xx_hal_pwr_ex.o)
                0x08008080                HAL_PWREx_EnableUSBVoltageDetector
 .text.QSPI_Config
                0x08008090      0x174 ../../libDaisy//build\libdaisy.a(stm32h7xx_hal_qspi.o)
 .text.HAL_QSPI_Init
                0x08008204       0xd8 ../../libDaisy//build\libdaisy.a(stm32h7xx_hal_qspi.o)
                0x08008204                HAL_QSPI_Init
 .text.HAL_QSPI_DeInit
                0x080082dc       0x3c ../../libDaisy//build\libdaisy.a(stm32h7xx_hal_qspi.o)
                0x080082dc                HAL_QSPI_DeInit
 .text.HAL_QSPI_Command
                0x08008318       0xd4 ../../libDaisy//build\libdaisy.a(stm32h7xx_hal_qspi.o)
                0x08008318                HAL_QSPI_Command
 .text.HAL_QSPI_Transmit
                0x080083ec       0xfc ../../libDaisy//build\libdaisy.a(stm32h7xx_hal_qspi.o)
                0x080083ec                HAL_QSPI_Transmit
 .text.HAL_QSPI_Receive
                0x080084e8      0x108 ../../libDaisy//build\libdaisy.a(stm32h7xx_hal_qspi.o)
                0x080084e8                HAL_QSPI_Receive
 .text.HAL_QSPI_AutoPolling
                0x080085f0       0xf0 ../../libDaisy//build\libdaisy.a(stm32h7xx_hal_qspi.o)
                0x080085f0                HAL_QSPI_AutoPolling
 .text.HAL_QSPI_MemoryMapped
                0x080086e0       0xc0 ../../libDaisy//build\libdaisy.a(stm32h7xx_hal_qspi.o)
                0x080086e0                HAL_QSPI_MemoryMapped
 .text.HAL_QSPI_ErrorCallback
                0x080087a0        0x4 ../../libDaisy//build\libdaisy.a(stm32h7xx_hal_qspi.o)
                0x080087a0                HAL_QSPI_ErrorCallback
 .text.QSPI_DMAAbortCplt
                0x080087a4       0x38 ../../libDaisy//build\libdaisy.a(stm32h7xx_hal_qspi.o)
 .text.HAL_QSPI_AbortCpltCallback
                0x080087dc        0x4 ../../libDaisy//build\libdaisy.a(stm32h7xx_hal_qspi.o)
                0x080087dc                HAL_QSPI_AbortCpltCallback
 .text.HAL_QSPI_CmdCpltCallback
                0x080087e0        0x4 ../../libDaisy//build\libdaisy.a(stm32h7xx_hal_qspi.o)
                0x080087e0                HAL_QSPI_CmdCpltCallback
 .text.HAL_QSPI_RxCpltCallback
                0x080087e4        0x4 ../../libDaisy//build\libdaisy.a(stm32h7xx_hal_qspi.o)
                0x080087e4                HAL_QSPI_RxCpltCallback
 .text.HAL_QSPI_TxCpltCallback
                0x080087e8        0x4 ../../libDaisy//build\libdaisy.a(stm32h7xx_hal_qspi.o)
                0x080087e8                HAL_QSPI_TxCpltCallback
 .text.HAL_QSPI_FifoThresholdCallback
                0x080087ec        0x4 ../../libDaisy//build\libdaisy.a(stm32h7xx_hal_qspi.o)
                0x080087ec                HAL_QSPI_FifoThresholdCallback
 .text.HAL_QSPI_StatusMatchCallback
                0x080087f0        0x4 ../../libDaisy//build\libdaisy.a(stm32h7xx_hal_qspi.o)
                0x080087f0                HAL_QSPI_StatusMatchCallback
 .text.HAL_QSPI_TimeOutCallback
                0x080087f4        0x4 ../../libDaisy//build\libdaisy.a(stm32h7xx_hal_qspi.o)
                0x080087f4                HAL_QSPI_TimeOutCallback
 .text.HAL_QSPI_IRQHandler
                0x080087f8      0x210 ../../libDaisy//build\libdaisy.a(stm32h7xx_hal_qspi.o)
                0x080087f8                HAL_QSPI_IRQHandler
 .text.HAL_RCC_OscConfig
                0x08008a08      0x51c ../../libDaisy//build\libdaisy.a(stm32h7xx_hal_rcc.o)
                0x08008a08                HAL_RCC_OscConfig
 .text.HAL_RCC_GetSysClockFreq
                0x08008f24      0x140 ../../libDaisy//build\libdaisy.a(stm32h7xx_hal_rcc.o)
                0x08008f24                HAL_RCC_GetSysClockFreq
 .text.HAL_RCC_ClockConfig
                0x08009064      0x234 ../../libDaisy//build\libdaisy.a(stm32h7xx_hal_rcc.o)
                0x08009064                HAL_RCC_ClockConfig
 .text.HAL_RCC_GetHCLKFreq
                0x08009298       0x2c ../../libDaisy//build\libdaisy.a(stm32h7xx_hal_rcc.o)
                0x08009298                HAL_RCC_GetHCLKFreq
 .text.HAL_RCC_GetPCLK1Freq
                0x080092c4       0x38 ../../libDaisy//build\libdaisy.a(stm32h7xx_hal_rcc.o)
                0x080092c4                HAL_RCC_GetPCLK1Freq
 .text.HAL_RCC_GetPCLK2Freq
                0x080092fc       0x38 ../../libDaisy//build\libdaisy.a(stm32h7xx_hal_rcc.o)
                0x080092fc                HAL_RCC_GetPCLK2Freq
 .text.RCCEx_PLL2_Config
                0x08009334       0xf4 ../../libDaisy//build\libdaisy.a(stm32h7xx_hal_rcc_ex.o)
 .text.RCCEx_PLL3_Config
                0x08009428       0xf4 ../../libDaisy//build\libdaisy.a(stm32h7xx_hal_rcc_ex.o)
 .text.HAL_RCCEx_PeriphCLKConfig
                0x0800951c      0xa7c ../../libDaisy//build\libdaisy.a(stm32h7xx_hal_rcc_ex.o)
                0x0800951c                HAL_RCCEx_PeriphCLKConfig
 .text.HAL_RCCEx_GetD3PCLK1Freq
                0x08009f98       0x24 ../../libDaisy//build\libdaisy.a(stm32h7xx_hal_rcc_ex.o)
                0x08009f98                HAL_RCCEx_GetD3PCLK1Freq
 .text.HAL_RCCEx_GetPLL2ClockFreq
                0x08009fbc      0x17c ../../libDaisy//build\libdaisy.a(stm32h7xx_hal_rcc_ex.o)
                0x08009fbc                HAL_RCCEx_GetPLL2ClockFreq
 .text.HAL_RCCEx_GetPLL3ClockFreq
                0x0800a138      0x17c ../../libDaisy//build\libdaisy.a(stm32h7xx_hal_rcc_ex.o)
                0x0800a138                HAL_RCCEx_GetPLL3ClockFreq
 .text.HAL_RCCEx_GetPLL1ClockFreq
                0x0800a2b4      0x17c ../../libDaisy//build\libdaisy.a(stm32h7xx_hal_rcc_ex.o)
                0x0800a2b4                HAL_RCCEx_GetPLL1ClockFreq
 .text.HAL_RCCEx_GetPeriphCLKFreq
                0x0800a430      0x198 ../../libDaisy//build\libdaisy.a(stm32h7xx_hal_rcc_ex.o)
                0x0800a430                HAL_RCCEx_GetPeriphCLKFreq
 .text.HAL_RCCEx_GetD1SysClockFreq
                0x0800a5c8       0x2c ../../libDaisy//build\libdaisy.a(stm32h7xx_hal_rcc_ex.o)
                0x0800a5c8                HAL_RCCEx_GetD1SysClockFreq
 .text.HAL_SAI_Init.part.0
                0x0800a5f4      0x348 ../../libDaisy//build\libdaisy.a(stm32h7xx_hal_sai.o)
 .text.HAL_SAI_InitProtocol
                0x0800a93c      0x178 ../../libDaisy//build\libdaisy.a(stm32h7xx_hal_sai.o)
                0x0800a93c                HAL_SAI_InitProtocol
 .text.HAL_SAI_Transmit_DMA
                0x0800aab4      0x124 ../../libDaisy//build\libdaisy.a(stm32h7xx_hal_sai.o)
                0x0800aab4                HAL_SAI_Transmit_DMA
 .text.HAL_SAI_Receive_DMA
                0x0800abd8       0xd0 ../../libDaisy//build\libdaisy.a(stm32h7xx_hal_sai.o)
                0x0800abd8                HAL_SAI_Receive_DMA
 .text.HAL_SAI_TxCpltCallback
                0x0800aca8        0x4 ../../libDaisy//build\libdaisy.a(stm32h7xx_hal_sai.o)
                0x0800aca8                HAL_SAI_TxCpltCallback
 .text.SAI_DMATxCplt
                0x0800acac       0x64 ../../libDaisy//build\libdaisy.a(stm32h7xx_hal_sai.o)
 .text.HAL_SAI_TxHalfCpltCallback
                0x0800ad10        0x4 ../../libDaisy//build\libdaisy.a(stm32h7xx_hal_sai.o)
                0x0800ad10                HAL_SAI_TxHalfCpltCallback
 .text.SAI_DMATxHalfCplt
                0x0800ad14        0xc ../../libDaisy//build\libdaisy.a(stm32h7xx_hal_sai.o)
 .text.SAI_DMARxCplt
                0x0800ad20       0x64 ../../libDaisy//build\libdaisy.a(stm32h7xx_hal_sai.o)
 .text.SAI_DMARxHalfCplt
                0x0800ad84        0xc ../../libDaisy//build\libdaisy.a(stm32h7xx_hal_sai.o)
 .text.HAL_SAI_ErrorCallback
                0x0800ad90        0x4 ../../libDaisy//build\libdaisy.a(stm32h7xx_hal_sai.o)
                0x0800ad90                HAL_SAI_ErrorCallback
 .text.SAI_DMAError
                0x0800ad94       0x6c ../../libDaisy//build\libdaisy.a(stm32h7xx_hal_sai.o)
 .text.HAL_SDRAM_Init
                0x0800ae00       0x54 ../../libDaisy//build\libdaisy.a(stm32h7xx_hal_sdram.o)
                0x0800ae00                HAL_SDRAM_Init
 .text.HAL_SDRAM_SendCommand
                0x0800ae54       0x40 ../../libDaisy//build\libdaisy.a(stm32h7xx_hal_sdram.o)
                0x0800ae54                HAL_SDRAM_SendCommand
 .text.HAL_SDRAM_ProgramRefreshRate
                0x0800ae94       0x30 ../../libDaisy//build\libdaisy.a(stm32h7xx_hal_sdram.o)
                0x0800ae94                HAL_SDRAM_ProgramRefreshRate
 .text.FMC_SDRAM_Init
                0x0800aec4       0x7c ../../libDaisy//build\libdaisy.a(stm32h7xx_ll_fmc.o)
                0x0800aec4                FMC_SDRAM_Init
 .text.FMC_SDRAM_Timing_Init
                0x0800af40       0x98 ../../libDaisy//build\libdaisy.a(stm32h7xx_ll_fmc.o)
                0x0800af40                FMC_SDRAM_Timing_Init
 .text.FMC_SDRAM_SendCommand
                0x0800afd8       0x28 ../../libDaisy//build\libdaisy.a(stm32h7xx_ll_fmc.o)
                0x0800afd8                FMC_SDRAM_SendCommand
 .text.FMC_SDRAM_ProgramRefreshRate
                0x0800b000       0x1c ../../libDaisy//build\libdaisy.a(stm32h7xx_ll_fmc.o)
                0x0800b000                FMC_SDRAM_ProgramRefreshRate
 .text.USB_SetTurnaroundTime
                0x0800b01c      0x104 ../../libDaisy//build\libdaisy.a(stm32h7xx_ll_usb.o)
                0x0800b01c                USB_SetTurnaroundTime
 .text.USB_FlushTxFifo
                0x0800b120       0x34 ../../libDaisy//build\libdaisy.a(stm32h7xx_ll_usb.o)
                0x0800b120                USB_FlushTxFifo
 .text.USB_GetDevSpeed
                0x0800b154       0x24 ../../libDaisy//build\libdaisy.a(stm32h7xx_ll_usb.o)
                0x0800b154                USB_GetDevSpeed
 .text.USB_ActivateEndpoint
                0x0800b178       0x90 ../../libDaisy//build\libdaisy.a(stm32h7xx_ll_usb.o)
                0x0800b178                USB_ActivateEndpoint
 .text.USB_EPStartXfer
                0x0800b208      0x230 ../../libDaisy//build\libdaisy.a(stm32h7xx_ll_usb.o)
                0x0800b208                USB_EPStartXfer
 .text.USB_EP0StartXfer
                0x0800b438      0x174 ../../libDaisy//build\libdaisy.a(stm32h7xx_ll_usb.o)
                0x0800b438                USB_EP0StartXfer
 .text.USB_WritePacket
                0x0800b5ac       0x2c ../../libDaisy//build\libdaisy.a(stm32h7xx_ll_usb.o)
                0x0800b5ac                USB_WritePacket
 .text.USB_ReadPacket
                0x0800b5d8       0x20 ../../libDaisy//build\libdaisy.a(stm32h7xx_ll_usb.o)
                0x0800b5d8                USB_ReadPacket
 .text.USB_EPSetStall
                0x0800b5f8       0x68 ../../libDaisy//build\libdaisy.a(stm32h7xx_ll_usb.o)
                0x0800b5f8                USB_EPSetStall
 .text.USB_EPClearStall
                0x0800b660       0x58 ../../libDaisy//build\libdaisy.a(stm32h7xx_ll_usb.o)
                0x0800b660                USB_EPClearStall
 .text.USB_SetDevAddress
                0x0800b6b8       0x24 ../../libDaisy//build\libdaisy.a(stm32h7xx_ll_usb.o)
                0x0800b6b8                USB_SetDevAddress
 .text.USB_ReadInterrupts
                0x0800b6dc       0x14 ../../libDaisy//build\libdaisy.a(stm32h7xx_ll_usb.o)
                0x0800b6dc                USB_ReadInterrupts
 .text.USB_ReadDevAllOutEpInterrupt
                0x0800b6f0       0x1c ../../libDaisy//build\libdaisy.a(stm32h7xx_ll_usb.o)
                0x0800b6f0                USB_ReadDevAllOutEpInterrupt
 .text.USB_ReadDevAllInEpInterrupt
                0x0800b70c       0x1c ../../libDaisy//build\libdaisy.a(stm32h7xx_ll_usb.o)
                0x0800b70c                USB_ReadDevAllInEpInterrupt
 .text.USB_ReadDevOutEPInterrupt
                0x0800b728       0x1c ../../libDaisy//build\libdaisy.a(stm32h7xx_ll_usb.o)
                0x0800b728                USB_ReadDevOutEPInterrupt
 .text.USB_ReadDevInEPInterrupt
                0x0800b744       0x38 ../../libDaisy//build\libdaisy.a(stm32h7xx_ll_usb.o)
                0x0800b744                USB_ReadDevInEPInterrupt
 .text.USB_GetMode
                0x0800b77c        0x8 ../../libDaisy//build\libdaisy.a(stm32h7xx_ll_usb.o)
                0x0800b77c                USB_GetMode
 .text.USB_ActivateSetup
                0x0800b784       0x38 ../../libDaisy//build\libdaisy.a(stm32h7xx_ll_usb.o)
                0x0800b784                USB_ActivateSetup
 .text.USB_EP0_OutStart
                0x0800b7bc       0x58 ../../libDaisy//build\libdaisy.a(stm32h7xx_ll_usb.o)
                0x0800b7bc                USB_EP0_OutStart
 .text.USB_InitFSLSPClkSel
                0x0800b814       0x44 ../../libDaisy//build\libdaisy.a(stm32h7xx_ll_usb.o)
                0x0800b814                USB_InitFSLSPClkSel
 .text.USB_HC_ReadInterrupt
                0x0800b858        0x8 ../../libDaisy//build\libdaisy.a(stm32h7xx_ll_usb.o)
                0x0800b858                USB_HC_ReadInterrupt
 .text.USB_HC_Halt
                0x0800b860       0xc0 ../../libDaisy//build\libdaisy.a(stm32h7xx_ll_usb.o)
                0x0800b860                USB_HC_Halt
 .text.USB_StopHost
                0x0800b920      0x2ec ../../libDaisy//build\libdaisy.a(stm32h7xx_ll_usb.o)
                0x0800b920                USB_StopHost
 .text.USBD_SetClassConfig
                0x0800bc0c       0x14 ../../libDaisy//build\libdaisy.a(usbd_core.o)
                0x0800bc0c                USBD_SetClassConfig
 .text.USBD_ClrClassConfig
                0x0800bc20       0x10 ../../libDaisy//build\libdaisy.a(usbd_core.o)
                0x0800bc20                USBD_ClrClassConfig
 .text.USBD_LL_SetupStage
                0x0800bc30       0x5c ../../libDaisy//build\libdaisy.a(usbd_core.o)
                0x0800bc30                USBD_LL_SetupStage
 .text.USBD_LL_DataOutStage
                0x0800bc8c       0x7c ../../libDaisy//build\libdaisy.a(usbd_core.o)
                0x0800bc8c                USBD_LL_DataOutStage
 .text.USBD_LL_DataInStage
                0x0800bd08       0xcc ../../libDaisy//build\libdaisy.a(usbd_core.o)
                0x0800bd08                USBD_LL_DataInStage
 .text.USBD_LL_Reset
                0x0800bdd4       0x50 ../../libDaisy//build\libdaisy.a(usbd_core.o)
                0x0800bdd4                USBD_LL_Reset
 .text.USBD_LL_SetSpeed
                0x0800be24        0x8 ../../libDaisy//build\libdaisy.a(usbd_core.o)
                0x0800be24                USBD_LL_SetSpeed
 .text.USBD_LL_Suspend
                0x0800be2c       0x14 ../../libDaisy//build\libdaisy.a(usbd_core.o)
                0x0800be2c                USBD_LL_Suspend
 .text.USBD_LL_Resume
                0x0800be40       0x10 ../../libDaisy//build\libdaisy.a(usbd_core.o)
                0x0800be40                USBD_LL_Resume
 .text.USBD_LL_SOF
                0x0800be50       0x1c ../../libDaisy//build\libdaisy.a(usbd_core.o)
                0x0800be50                USBD_LL_SOF
 .text.USBD_LL_IsoINIncomplete
                0x0800be6c        0x4 ../../libDaisy//build\libdaisy.a(usbd_core.o)
                0x0800be6c                USBD_LL_IsoINIncomplete
 .text.USBD_LL_IsoOUTIncomplete
                0x0800be70        0x4 ../../libDaisy//build\libdaisy.a(usbd_core.o)
                0x0800be70                USBD_LL_IsoOUTIncomplete
 .text.USBD_LL_DevConnected
                0x0800be74        0x4 ../../libDaisy//build\libdaisy.a(usbd_core.o)
                0x0800be74                USBD_LL_DevConnected
 .text.USBD_LL_DevDisconnected
                0x0800be78       0x18 ../../libDaisy//build\libdaisy.a(usbd_core.o)
                0x0800be78                USBD_LL_DevDisconnected
 .text.USBD_StdDevReq
                0x0800be90      0x304 ../../libDaisy//build\libdaisy.a(usbd_ctlreq.o)
                0x0800be90                USBD_StdDevReq
 .text.USBD_StdItfReq
                0x0800c194       0x68 ../../libDaisy//build\libdaisy.a(usbd_ctlreq.o)
                0x0800c194                USBD_StdItfReq
 .text.USBD_StdEPReq
                0x0800c1fc      0x13c ../../libDaisy//build\libdaisy.a(usbd_ctlreq.o)
                0x0800c1fc                USBD_StdEPReq
 .text.USBD_ParseSetupRequest
                0x0800c338       0x28 ../../libDaisy//build\libdaisy.a(usbd_ctlreq.o)
                0x0800c338                USBD_ParseSetupRequest
 .text.USBD_CtlSendData
                0x0800c360       0x1c ../../libDaisy//build\libdaisy.a(usbd_ioreq.o)
                0x0800c360                USBD_CtlSendData
 .text.USBD_CtlContinueSendData
                0x0800c37c       0x14 ../../libDaisy//build\libdaisy.a(usbd_ioreq.o)
                0x0800c37c                USBD_CtlContinueSendData
 .text.USBD_CtlContinueRx
                0x0800c390       0x14 ../../libDaisy//build\libdaisy.a(usbd_ioreq.o)
                0x0800c390                USBD_CtlContinueRx
 .text.USBD_CtlSendStatus
                0x0800c3a4       0x18 ../../libDaisy//build\libdaisy.a(usbd_ioreq.o)
                0x0800c3a4                USBD_CtlSendStatus
 .text.USBD_CtlReceiveStatus
                0x0800c3bc       0x18 ../../libDaisy//build\libdaisy.a(usbd_ioreq.o)
                0x0800c3bc                USBD_CtlReceiveStatus
 .text.USBH_LL_IncTimer
                0x0800c3d4       0x20 ../../libDaisy//build\libdaisy.a(usbh_core.o)
                0x0800c3d4                USBH_LL_IncTimer
 .text.USBH_LL_PortEnabled
                0x0800c3f4        0x8 ../../libDaisy//build\libdaisy.a(usbh_core.o)
                0x0800c3f4                USBH_LL_PortEnabled
 .text.USBH_LL_PortDisabled
                0x0800c3fc        0x8 ../../libDaisy//build\libdaisy.a(usbh_core.o)
                0x0800c3fc                USBH_LL_PortDisabled
 .text.USBH_LL_Connect
                0x0800c404       0x18 ../../libDaisy//build\libdaisy.a(usbh_core.o)
                0x0800c404                USBH_LL_Connect
 .text.USBH_LL_Disconnect
                0x0800c41c       0x2c ../../libDaisy//build\libdaisy.a(usbh_core.o)
                0x0800c41c                USBH_LL_Disconnect
 .text.USBH_FreePipe
                0x0800c448       0x18 ../../libDaisy//build\libdaisy.a(usbh_pipes.o)
                0x0800c448                USBH_FreePipe
 .text._ZN5daisy6Random4InitEv
                0x0800c460       0x3c ../../libDaisy//build\libdaisy.a(rng.o)
                0x0800c460                daisy::Random::Init()
 .text._ZN5daisy9SpiHandle4Impl7InitDmaEv
                0x0800c49c       0xec ../../libDaisy//build\libdaisy.a(spi.o)
                0x0800c49c                daisy::SpiHandle::Impl::InitDma()
 .text._ZN5daisy9SpiHandle4Impl10StartDmaTxEPhjPFvPvEPFvS3_NS0_6ResultEES3_
                0x0800c588       0xc8 ../../libDaisy//build\libdaisy.a(spi.o)
                0x0800c588                daisy::SpiHandle::Impl::StartDmaTx(unsigned char*, unsigned int, void (*)(void*), void (*)(void*, daisy::SpiHandle::Result), void*)
 .text._ZN5daisy9SpiHandle4Impl10StartDmaRxEPhjPFvPvEPFvS3_NS0_6ResultEES3_
                0x0800c650       0xc8 ../../libDaisy//build\libdaisy.a(spi.o)
                0x0800c650                daisy::SpiHandle::Impl::StartDmaRx(unsigned char*, unsigned int, void (*)(void*), void (*)(void*, daisy::SpiHandle::Result), void*)
 .text._ZN5daisy9SpiHandle4Impl12StartDmaRxTxEPhS2_jPFvPvEPFvS3_NS0_6ResultEES3_
                0x0800c718       0xcc ../../libDaisy//build\libdaisy.a(spi.o)
                0x0800c718                daisy::SpiHandle::Impl::StartDmaRxTx(unsigned char*, unsigned char*, unsigned int, void (*)(void*), void (*)(void*, daisy::SpiHandle::Result), void*)
 .text._ZN5daisy9SpiHandle4Impl8InitPinsEv
                0x0800c7e4      0x274 ../../libDaisy//build\libdaisy.a(spi.o)
                0x0800c7e4                daisy::SpiHandle::Impl::InitPins()
 .text.HAL_SPI_MspInit
                0x0800ca58      0x1a8 ../../libDaisy//build\libdaisy.a(spi.o)
                0x0800ca58                HAL_SPI_MspInit
 .text.dsy_spi_global_init
                0x0800cc00       0x80 ../../libDaisy//build\libdaisy.a(spi.o)
                0x0800cc00                dsy_spi_global_init
 .text.SPI1_IRQHandler
                0x0800cc80        0xc ../../libDaisy//build\libdaisy.a(spi.o)
                0x0800cc80                SPI1_IRQHandler
 .text.SPI2_IRQHandler
                0x0800cc8c        0xc ../../libDaisy//build\libdaisy.a(spi.o)
                0x0800cc8c                SPI2_IRQHandler
 .text.SPI3_IRQHandler
                0x0800cc98        0xc ../../libDaisy//build\libdaisy.a(spi.o)
                0x0800cc98                SPI3_IRQHandler
 .text.SPI4_IRQHandler
                0x0800cca4        0xc ../../libDaisy//build\libdaisy.a(spi.o)
                0x0800cca4                SPI4_IRQHandler
 .text.SPI5_IRQHandler
                0x0800ccb0        0xc ../../libDaisy//build\libdaisy.a(spi.o)
                0x0800ccb0                SPI5_IRQHandler
 .text.DMA2_Stream2_IRQHandler
                0x0800ccbc       0x34 ../../libDaisy//build\libdaisy.a(spi.o)
                0x0800ccbc                DMA2_Stream2_IRQHandler
 .text.DMA2_Stream3_IRQHandler
                0x0800ccf0       0x38 ../../libDaisy//build\libdaisy.a(spi.o)
                0x0800ccf0                DMA2_Stream3_IRQHandler
 .text.HAL_SPI_TxCpltCallback
                0x0800cd28       0xc4 ../../libDaisy//build\libdaisy.a(spi.o)
                0x0800cd28                HAL_SPI_TxCpltCallback
 .text.HAL_SPI_RxCpltCallback
                0x0800cdec       0xc4 ../../libDaisy//build\libdaisy.a(spi.o)
                0x0800cdec                HAL_SPI_RxCpltCallback
 .text.HAL_SPI_TxRxCpltCallback
                0x0800ceb0       0xc4 ../../libDaisy//build\libdaisy.a(spi.o)
                0x0800ceb0                HAL_SPI_TxRxCpltCallback
 .text.HAL_SPI_ErrorCallback
                0x0800cf74       0xc8 ../../libDaisy//build\libdaisy.a(spi.o)
                0x0800cf74                HAL_SPI_ErrorCallback
 .text.startup._GLOBAL__sub_I__Z19MapInstanceToHandleP11SPI_TypeDef
                0x0800d03c      0x1b0 ../../libDaisy//build\libdaisy.a(spi.o)
 .text.HAL_TIM_Base_MspInit
                0x0800d1ec      0x1e0 ../../libDaisy//build\libdaisy.a(tim.o)
                0x0800d1ec                HAL_TIM_Base_MspInit
 .text.HAL_TIM_PeriodElapsedCallback
                0x0800d3cc       0x44 ../../libDaisy//build\libdaisy.a(tim.o)
                0x0800d3cc                HAL_TIM_PeriodElapsedCallback
 .text.TIM2_IRQHandler
                0x0800d410        0xc ../../libDaisy//build\libdaisy.a(tim.o)
                0x0800d410                TIM2_IRQHandler
 .text.TIM3_IRQHandler
                0x0800d41c        0xc ../../libDaisy//build\libdaisy.a(tim.o)
                0x0800d41c                TIM3_IRQHandler
 .text.TIM4_IRQHandler
                0x0800d428        0xc ../../libDaisy//build\libdaisy.a(tim.o)
                0x0800d428                TIM4_IRQHandler
 .text.TIM5_IRQHandler
                0x0800d434        0xc ../../libDaisy//build\libdaisy.a(tim.o)
                0x0800d434                TIM5_IRQHandler
 .text._ZN5daisy11TimerHandle4InitERKNS0_6ConfigE
                0x0800d440       0xd0 ../../libDaisy//build\libdaisy.a(tim.o)
                0x0800d440                daisy::TimerHandle::Init(daisy::TimerHandle::Config const&)
 .text._ZN5daisy11TimerHandle5StartEv
                0x0800d510       0x24 ../../libDaisy//build\libdaisy.a(tim.o)
                0x0800d510                daisy::TimerHandle::Start()
 .text.startup._GLOBAL__sub_I__ZN5daisy11TimerHandle4Impl4InitERKNS0_6ConfigE
                0x0800d534       0x38 ../../libDaisy//build\libdaisy.a(tim.o)
 .text._ZN5daisy11UartHandler4Impl7InitDmaEbb
                0x0800d56c      0x164 ../../libDaisy//build\libdaisy.a(uart.o)
                0x0800d56c                daisy::UartHandler::Impl::InitDma(bool, bool)
 .text._ZN5daisy11UartHandler4Impl10HandleFifoEv
                0x0800d6d0       0xec ../../libDaisy//build\libdaisy.a(uart.o)
                0x0800d6d0                daisy::UartHandler::Impl::HandleFifo()
 .text._ZN5daisy11UartHandler4Impl10StartDmaTxEPhjPFvPvEPFvS3_NS0_6ResultEES3_
                0x0800d7bc       0xcc ../../libDaisy//build\libdaisy.a(uart.o)
                0x0800d7bc                daisy::UartHandler::Impl::StartDmaTx(unsigned char*, unsigned int, void (*)(void*), void (*)(void*, daisy::UartHandler::Result), void*)
 .text._ZN5daisy11UartHandler4Impl10StartDmaRxEPhjPFvPvEPFvS3_NS0_6ResultEES3_
                0x0800d888       0xcc ../../libDaisy//build\libdaisy.a(uart.o)
                0x0800d888                daisy::UartHandler::Impl::StartDmaRx(unsigned char*, unsigned int, void (*)(void*), void (*)(void*, daisy::UartHandler::Result), void*)
 .text._ZN5daisy11UartHandler4Impl19DmaTransferFinishedEP20__UART_HandleTypeDefNS0_6ResultE
                0x0800d954       0xc0 ../../libDaisy//build\libdaisy.a(uart.o)
                0x0800d954                daisy::UartHandler::Impl::DmaTransferFinished(__UART_HandleTypeDef*, daisy::UartHandler::Result)
 .text._ZN5daisy11UartHandler4Impl8InitPinsEv
                0x0800da14      0x150 ../../libDaisy//build\libdaisy.a(uart.o)
                0x0800da14                daisy::UartHandler::Impl::InitPins()
 .text.HAL_UART_MspInit
                0x0800db64      0x210 ../../libDaisy//build\libdaisy.a(uart.o)
                0x0800db64                HAL_UART_MspInit
 .text.dsy_uart_global_init
                0x0800dd74      0x110 ../../libDaisy//build\libdaisy.a(uart.o)
                0x0800dd74                dsy_uart_global_init
 .text.USART1_IRQHandler
                0x0800de84       0x30 ../../libDaisy//build\libdaisy.a(uart.o)
                0x0800de84                USART1_IRQHandler
 .text.USART2_IRQHandler
                0x0800deb4       0x34 ../../libDaisy//build\libdaisy.a(uart.o)
                0x0800deb4                USART2_IRQHandler
 .text.USART3_IRQHandler
                0x0800dee8       0x34 ../../libDaisy//build\libdaisy.a(uart.o)
                0x0800dee8                USART3_IRQHandler
 .text.UART4_IRQHandler
                0x0800df1c       0x34 ../../libDaisy//build\libdaisy.a(uart.o)
                0x0800df1c                UART4_IRQHandler
 .text.UART5_IRQHandler
                0x0800df50       0x34 ../../libDaisy//build\libdaisy.a(uart.o)
                0x0800df50                UART5_IRQHandler
 .text.USART6_IRQHandler
                0x0800df84       0x34 ../../libDaisy//build\libdaisy.a(uart.o)
                0x0800df84                USART6_IRQHandler
 .text.UART7_IRQHandler
                0x0800dfb8       0x30 ../../libDaisy//build\libdaisy.a(uart.o)
                0x0800dfb8                UART7_IRQHandler
 .text.UART8_IRQHandler
                0x0800dfe8       0x34 ../../libDaisy//build\libdaisy.a(uart.o)
                0x0800dfe8                UART8_IRQHandler
 .text.LPUART1_IRQHandler
                0x0800e01c       0x34 ../../libDaisy//build\libdaisy.a(uart.o)
                0x0800e01c                LPUART1_IRQHandler
 .text.DMA1_Stream5_IRQHandler
                0x0800e050       0x34 ../../libDaisy//build\libdaisy.a(uart.o)
                0x0800e050                DMA1_Stream5_IRQHandler
 .text.DMA2_Stream4_IRQHandler
                0x0800e084       0x34 ../../libDaisy//build\libdaisy.a(uart.o)
                0x0800e084                DMA2_Stream4_IRQHandler
 .text.HAL_UART_TxCpltCallback
                0x0800e0b8        0x8 ../../libDaisy//build\libdaisy.a(uart.o)
                0x0800e0b8                HAL_UART_TxCpltCallback
 .text.HAL_UART_RxCpltCallback
                0x0800e0c0        0x8 ../../libDaisy//build\libdaisy.a(uart.o)
                0x0800e0c0                HAL_UART_RxCpltCallback
 .text.HAL_UART_ErrorCallback
                0x0800e0c8        0x8 ../../libDaisy//build\libdaisy.a(uart.o)
                0x0800e0c8                HAL_UART_ErrorCallback
 .text.startup._GLOBAL__sub_I__Z19MapInstanceToHandleP13USART_TypeDef
                0x0800e0d0      0x190 ../../libDaisy//build\libdaisy.a(uart.o)
 .text.dsy_dma_init
                0x0800e260      0x100 ../../libDaisy//build\libdaisy.a(dma.o)
                0x0800e260                dsy_dma_init
 .text.HAL_MDMA_Abort_IT
                0x0800e360       0x2c ../../libDaisy//build\libdaisy.a(stm32h7xx_hal_mdma.o)
                0x0800e360                HAL_MDMA_Abort_IT
 .text.SPI_CloseTransfer
                0x0800e38c       0xb8 ../../libDaisy//build\libdaisy.a(stm32h7xx_hal_spi.o)
 .text.HAL_SPI_Init
                0x0800e444      0x15c ../../libDaisy//build\libdaisy.a(stm32h7xx_hal_spi.o)
                0x0800e444                HAL_SPI_Init
 .text.HAL_SPI_Transmit_DMA
                0x0800e5a0      0x170 ../../libDaisy//build\libdaisy.a(stm32h7xx_hal_spi.o)
                0x0800e5a0                HAL_SPI_Transmit_DMA
 .text.HAL_SPI_TransmitReceive_DMA
                0x0800e710      0x218 ../../libDaisy//build\libdaisy.a(stm32h7xx_hal_spi.o)
                0x0800e710                HAL_SPI_TransmitReceive_DMA
 .text.HAL_SPI_Receive_DMA
                0x0800e928      0x1b4 ../../libDaisy//build\libdaisy.a(stm32h7xx_hal_spi.o)
                0x0800e928                HAL_SPI_Receive_DMA
 .text.SPI_DMATransmitCplt
                0x0800eadc       0x28 ../../libDaisy//build\libdaisy.a(stm32h7xx_hal_spi.o)
 .text.SPI_DMAReceiveCplt
                0x0800eb04       0x28 ../../libDaisy//build\libdaisy.a(stm32h7xx_hal_spi.o)
 .text.SPI_DMATransmitReceiveCplt
                0x0800eb2c       0x28 ../../libDaisy//build\libdaisy.a(stm32h7xx_hal_spi.o)
 .text.HAL_SPI_TxHalfCpltCallback
                0x0800eb54        0x4 ../../libDaisy//build\libdaisy.a(stm32h7xx_hal_spi.o)
                0x0800eb54                HAL_SPI_TxHalfCpltCallback
 .text.SPI_DMAHalfTransmitCplt
                0x0800eb58        0xc ../../libDaisy//build\libdaisy.a(stm32h7xx_hal_spi.o)
 .text.HAL_SPI_RxHalfCpltCallback
                0x0800eb64        0x4 ../../libDaisy//build\libdaisy.a(stm32h7xx_hal_spi.o)
                0x0800eb64                HAL_SPI_RxHalfCpltCallback
 .text.SPI_DMAHalfReceiveCplt
                0x0800eb68        0xc ../../libDaisy//build\libdaisy.a(stm32h7xx_hal_spi.o)
 .text.HAL_SPI_TxRxHalfCpltCallback
                0x0800eb74        0x4 ../../libDaisy//build\libdaisy.a(stm32h7xx_hal_spi.o)
                0x0800eb74                HAL_SPI_TxRxHalfCpltCallback
 .text.SPI_DMAHalfTransmitReceiveCplt
                0x0800eb78        0xc ../../libDaisy//build\libdaisy.a(stm32h7xx_hal_spi.o)
 .text.SPI_DMAError
                0x0800eb84       0xd8 ../../libDaisy//build\libdaisy.a(stm32h7xx_hal_spi.o)
 .text.HAL_SPI_IRQHandler
                0x0800ec5c      0x23c ../../libDaisy//build\libdaisy.a(stm32h7xx_hal_spi.o)
                0x0800ec5c                HAL_SPI_IRQHandler
 .text.SPI_DMAAbortOnError
                0x0800ee98       0x1c ../../libDaisy//build\libdaisy.a(stm32h7xx_hal_spi.o)
 .text.HAL_SPI_GetState
                0x0800eeb4        0x8 ../../libDaisy//build\libdaisy.a(stm32h7xx_hal_spi.o)
                0x0800eeb4                HAL_SPI_GetState
 .text.HAL_TIM_Base_Init
                0x0800eebc      0x140 ../../libDaisy//build\libdaisy.a(stm32h7xx_hal_tim.o)
                0x0800eebc                HAL_TIM_Base_Init
 .text.HAL_TIM_Base_Start
                0x0800effc       0x34 ../../libDaisy//build\libdaisy.a(stm32h7xx_hal_tim.o)
                0x0800effc                HAL_TIM_Base_Start
 .text.HAL_TIM_Base_Start_IT
                0x0800f030       0x2c ../../libDaisy//build\libdaisy.a(stm32h7xx_hal_tim.o)
                0x0800f030                HAL_TIM_Base_Start_IT
 .text.HAL_TIM_ConfigClockSource
                0x0800f05c      0x17c ../../libDaisy//build\libdaisy.a(stm32h7xx_hal_tim.o)
                0x0800f05c                HAL_TIM_ConfigClockSource
 .text.HAL_TIM_OC_DelayElapsedCallback
                0x0800f1d8        0x4 ../../libDaisy//build\libdaisy.a(stm32h7xx_hal_tim.o)
                0x0800f1d8                HAL_TIM_OC_DelayElapsedCallback
 .text.HAL_TIM_IC_CaptureCallback
                0x0800f1dc        0x4 ../../libDaisy//build\libdaisy.a(stm32h7xx_hal_tim.o)
                0x0800f1dc                HAL_TIM_IC_CaptureCallback
 .text.HAL_TIM_PWM_PulseFinishedCallback
                0x0800f1e0        0x4 ../../libDaisy//build\libdaisy.a(stm32h7xx_hal_tim.o)
                0x0800f1e0                HAL_TIM_PWM_PulseFinishedCallback
 .text.HAL_TIM_TriggerCallback
                0x0800f1e4        0x4 ../../libDaisy//build\libdaisy.a(stm32h7xx_hal_tim.o)
                0x0800f1e4                HAL_TIM_TriggerCallback
 .text.HAL_TIM_IRQHandler
                0x0800f1e8      0x170 ../../libDaisy//build\libdaisy.a(stm32h7xx_hal_tim.o)
                0x0800f1e8                HAL_TIM_IRQHandler
 .text.HAL_TIMEx_MasterConfigSynchronization
                0x0800f358       0x64 ../../libDaisy//build\libdaisy.a(stm32h7xx_hal_tim_ex.o)
                0x0800f358                HAL_TIMEx_MasterConfigSynchronization
 .text.HAL_TIMEx_CommutCallback
                0x0800f3bc        0x4 ../../libDaisy//build\libdaisy.a(stm32h7xx_hal_tim_ex.o)
                0x0800f3bc                HAL_TIMEx_CommutCallback
 .text.HAL_TIMEx_BreakCallback
                0x0800f3c0        0x4 ../../libDaisy//build\libdaisy.a(stm32h7xx_hal_tim_ex.o)
                0x0800f3c0                HAL_TIMEx_BreakCallback
 .text.HAL_TIMEx_Break2Callback
                0x0800f3c4        0x4 ../../libDaisy//build\libdaisy.a(stm32h7xx_hal_tim_ex.o)
                0x0800f3c4                HAL_TIMEx_Break2Callback
 .text.HAL_UART_Transmit_DMA
                0x0800f3c8       0xa4 ../../libDaisy//build\libdaisy.a(stm32h7xx_hal_uart.o)
                0x0800f3c8                HAL_UART_Transmit_DMA
 .text.HAL_UART_Receive_DMA
                0x0800f46c       0xac ../../libDaisy//build\libdaisy.a(stm32h7xx_hal_uart.o)
                0x0800f46c                HAL_UART_Receive_DMA
 .text.UART_DMATransmitCplt
                0x0800f518       0x2c ../../libDaisy//build\libdaisy.a(stm32h7xx_hal_uart.o)
 .text.HAL_UART_TxHalfCpltCallback
                0x0800f544        0x4 ../../libDaisy//build\libdaisy.a(stm32h7xx_hal_uart.o)
                0x0800f544                HAL_UART_TxHalfCpltCallback
 .text.UART_DMATxHalfCplt
                0x0800f548        0xc ../../libDaisy//build\libdaisy.a(stm32h7xx_hal_uart.o)
 .text.UART_DMAReceiveCplt
                0x0800f554       0x38 ../../libDaisy//build\libdaisy.a(stm32h7xx_hal_uart.o)
 .text.HAL_UART_RxHalfCpltCallback
                0x0800f58c        0x4 ../../libDaisy//build\libdaisy.a(stm32h7xx_hal_uart.o)
                0x0800f58c                HAL_UART_RxHalfCpltCallback
 .text.UART_DMARxHalfCplt
                0x0800f590        0xc ../../libDaisy//build\libdaisy.a(stm32h7xx_hal_uart.o)
 .text.UART_DMAError
                0x0800f59c       0x78 ../../libDaisy//build\libdaisy.a(stm32h7xx_hal_uart.o)
 .text.HAL_UART_IRQHandler
                0x0800f614      0x1d0 ../../libDaisy//build\libdaisy.a(stm32h7xx_hal_uart.o)
                0x0800f614                HAL_UART_IRQHandler
 .text.UART_DMAAbortOnError
                0x0800f7e4       0x14 ../../libDaisy//build\libdaisy.a(stm32h7xx_hal_uart.o)
 .text.HAL_UART_GetState
                0x0800f7f8        0xc ../../libDaisy//build\libdaisy.a(stm32h7xx_hal_uart.o)
                0x0800f7f8                HAL_UART_GetState
 .text.UART_SetConfig
                0x0800f804     0x14b8 ../../libDaisy//build\libdaisy.a(stm32h7xx_hal_uart.o)
                0x0800f804                UART_SetConfig
 .text.UART_AdvFeatureConfig
                0x08010cbc       0xb0 ../../libDaisy//build\libdaisy.a(stm32h7xx_hal_uart.o)
                0x08010cbc                UART_AdvFeatureConfig
 .text.UART_CheckIdleState
                0x08010d6c       0x84 ../../libDaisy//build\libdaisy.a(stm32h7xx_hal_uart.o)
                0x08010d6c                UART_CheckIdleState
 .text.HAL_UART_Init
                0x08010df0       0x68 ../../libDaisy//build\libdaisy.a(stm32h7xx_hal_uart.o)
                0x08010df0                HAL_UART_Init
 .text.HAL_UARTEx_WakeupCallback
                0x08010e58        0x4 ../../libDaisy//build\libdaisy.a(stm32h7xx_hal_uart_ex.o)
                0x08010e58                HAL_UARTEx_WakeupCallback
 .text.HAL_UARTEx_RxFifoFullCallback
                0x08010e5c        0x4 ../../libDaisy//build\libdaisy.a(stm32h7xx_hal_uart_ex.o)
                0x08010e5c                HAL_UARTEx_RxFifoFullCallback
 .text.HAL_UARTEx_TxFifoEmptyCallback
                0x08010e60        0x4 ../../libDaisy//build\libdaisy.a(stm32h7xx_hal_uart_ex.o)
                0x08010e60                HAL_UARTEx_TxFifoEmptyCallback
 .text._ZN7daisysp5AdEnv4InitEf
                0x08010e64       0x30 ../../DaisySP//build\libdaisysp.a(adenv.o)
                0x08010e64                daisysp::AdEnv::Init(float)
 .text._ZN7daisysp5AdEnv7ProcessEv
                0x08010e94      0x1b8 ../../DaisySP//build\libdaisysp.a(adenv.o)
                0x08010e94                daisysp::AdEnv::Process()
 .text._ZN7daisysp10Oscillator7ProcessEv
                0x0801104c      0x3c4 ../../DaisySP//build\libdaisysp.a(oscillator.o)
                0x0801104c                daisysp::Oscillator::Process()
 .text._ZN7daisysp10Oscillator12CalcPhaseIncEf
                0x08011410       0x18 ../../DaisySP//build\libdaisysp.a(oscillator.o)
                0x08011410                daisysp::Oscillator::CalcPhaseInc(float)
 .text._ZN7daisysp5Metro4InitEff
                0x08011428       0x24 ../../DaisySP//build\libdaisysp.a(metro.o)
                0x08011428                daisysp::Metro::Init(float, float)
 .text._ZN7daisysp5Metro7ProcessEv
                0x0801144c       0x34 ../../DaisySP//build\libdaisysp.a(metro.o)
                0x0801144c                daisysp::Metro::Process()
 .text.__aeabi_atexit
                0x08011480        0xa c:/program files/daisytoolchain/bin/../lib/gcc/arm-none-eabi/10.2.1/../../../../arm-none-eabi/lib/thumb/v7e-m+dp/hard\libstdc++_nano.a(atexit_arm.o)
                0x08011480                __aeabi_atexit
 .text._ZdlPvj  0x0801148a        0x4 c:/program files/daisytoolchain/bin/../lib/gcc/arm-none-eabi/10.2.1/../../../../arm-none-eabi/lib/thumb/v7e-m+dp/hard\libstdc++_nano.a(del_ops.o)
                0x0801148a                operator delete(void*, unsigned int)
 *fill*         0x0801148e        0x2 
 .text._ZSt11_Hash_bytesPKvjj