Archive member included to satisfy reference by file (symbol)

../../libDaisy//build\libdaisy.a(daisy_seed.o)
                              build/303Sequencer.o (daisy::DaisySeed::Configure())
../../libDaisy//build\libdaisy.a(codec_ak4556.o)
                              ../../libDaisy//build\libdaisy.a(daisy_seed.o) (daisy::Ak4556::Init(dsy_gpio_pin))
../../libDaisy//build\libdaisy.a(codec_wm8731.o)
                              ../../libDaisy//build\libdaisy.a(daisy_seed.o) (daisy::Wm8731::Init(daisy::Wm8731::Config const&, daisy::I2CHandle))
../../libDaisy//build\libdaisy.a(sdram.o)
                              ../../libDaisy//build\libdaisy.a(daisy_seed.o) (SdramHandle::Init())
../../libDaisy//build\libdaisy.a(audio.o)
                              ../../libDaisy//build\libdaisy.a(daisy_seed.o) (daisy::AudioHandle::Init(daisy::AudioHandle::Config const&, daisy::SaiHandle))
../../libDaisy//build\libdaisy.a(switch.o)
                              build/303Sequencer.o (daisy::Switch::Init(dsy_gpio_pin, float))
../../libDaisy//build\libdaisy.a(adc.o)
                              build/303Sequencer.o (daisy::AdcChannelConfig::InitSingle(dsy_gpio_pin))
../../libDaisy//build\libdaisy.a(gpio.o)
                              ../../libDaisy//build\libdaisy.a(daisy_seed.o) (dsy_gpio_init)
../../libDaisy//build\libdaisy.a(i2c.o)
                              ../../libDaisy//build\libdaisy.a(daisy_seed.o) (daisy::I2CHandle::Init(daisy::I2CHandle::Config const&))
../../libDaisy//build\libdaisy.a(qspi.o)
                              ../../libDaisy//build\libdaisy.a(daisy_seed.o) (daisy::QSPIHandle::Init(daisy::QSPIHandle::Config const&))
../../libDaisy//build\libdaisy.a(sai.o)
                              ../../libDaisy//build\libdaisy.a(daisy_seed.o) (daisy::SaiHandle::Init(daisy::SaiHandle::Config const&))
../../libDaisy//build\libdaisy.a(system.o)
                              ../../libDaisy//build\libdaisy.a(daisy_seed.o) (daisy::System::DeInit())
../../libDaisy//build\libdaisy.a(system_stm32h7xx.o)
                              build/startup_stm32h750xx.o (SystemInit)
../../libDaisy//build\libdaisy.a(usbd_conf.o)
                              ../../libDaisy//build\libdaisy.a(system.o) (hpcd_USB_OTG_HS)
../../libDaisy//build\libdaisy.a(usbh_conf.o)
                              ../../libDaisy//build\libdaisy.a(system.o) (hhcd_USB_OTG_HS)
../../libDaisy//build\libdaisy.a(hal_map.o)
                              ../../libDaisy//build\libdaisy.a(gpio.o) (dsy_hal_map_get_port)
../../libDaisy//build\libdaisy.a(stm32h7xx_hal.o)
                              ../../libDaisy//build\libdaisy.a(system.o) (HAL_Init)
../../libDaisy//build\libdaisy.a(stm32h7xx_hal_adc.o)
                              ../../libDaisy//build\libdaisy.a(adc.o) (HAL_ADC_ConfigChannel)
../../libDaisy//build\libdaisy.a(stm32h7xx_hal_adc_ex.o)
                              ../../libDaisy//build\libdaisy.a(adc.o) (HAL_ADCEx_Calibration_Start)
../../libDaisy//build\libdaisy.a(stm32h7xx_hal_cortex.o)
                              ../../libDaisy//build\libdaisy.a(stm32h7xx_hal.o) (HAL_NVIC_SetPriorityGrouping)
../../libDaisy//build\libdaisy.a(stm32h7xx_hal_dma.o)
                              ../../libDaisy//build\libdaisy.a(adc.o) (HAL_DMA_Init)
../../libDaisy//build\libdaisy.a(stm32h7xx_hal_gpio.o)
                              ../../libDaisy//build\libdaisy.a(sdram.o) (HAL_GPIO_Init)
../../libDaisy//build\libdaisy.a(stm32h7xx_hal_hcd.o)
                              ../../libDaisy//build\libdaisy.a(usbh_conf.o) (HAL_HCD_HC_Init)
../../libDaisy//build\libdaisy.a(stm32h7xx_hal_i2c.o)
                              ../../libDaisy//build\libdaisy.a(i2c.o) (HAL_I2C_Init)
../../libDaisy//build\libdaisy.a(stm32h7xx_hal_i2c_ex.o)
                              ../../libDaisy//build\libdaisy.a(i2c.o) (HAL_I2CEx_ConfigAnalogFilter)
../../libDaisy//build\libdaisy.a(stm32h7xx_hal_pcd.o)
                              ../../libDaisy//build\libdaisy.a(usbd_conf.o) (HAL_PCD_Init)
../../libDaisy//build\libdaisy.a(stm32h7xx_hal_pcd_ex.o)
                              ../../libDaisy//build\libdaisy.a(usbd_conf.o) (HAL_PCDEx_SetTxFiFo)
../../libDaisy//build\libdaisy.a(stm32h7xx_hal_pwr_ex.o)
                              ../../libDaisy//build\libdaisy.a(system.o) (HAL_PWREx_ConfigSupply)
../../libDaisy//build\libdaisy.a(stm32h7xx_hal_qspi.o)
                              ../../libDaisy//build\libdaisy.a(qspi.o) (HAL_QSPI_Init)
../../libDaisy//build\libdaisy.a(stm32h7xx_hal_rcc.o)
                              ../../libDaisy//build\libdaisy.a(system.o) (HAL_RCC_OscConfig)
../../libDaisy//build\libdaisy.a(stm32h7xx_hal_rcc_ex.o)
                              ../../libDaisy//build\libdaisy.a(system.o) (HAL_RCCEx_PeriphCLKConfig)
../../libDaisy//build\libdaisy.a(stm32h7xx_hal_sai.o)
                              ../../libDaisy//build\libdaisy.a(sai.o) (HAL_SAI_InitProtocol)
../../libDaisy//build\libdaisy.a(stm32h7xx_hal_sdram.o)
[...]
Memory Configuration

Name             Origin             Length             Attributes
FLASH            0x08000000         0x00020000         xr
DTCMRAM          0x20000000         0x00020000         xrw
SRAM             0x24000000         0x00080000         xrw
RAM_D2           0x30000000         0x00048000         xrw
RAM_D3           0x38000000         0x00010000         xrw
ITCMRAM          0x00000000         0x00010000         xrw
SDRAM            0xc0000000         0x04000000         xrw
QSPIFLASH        0x90000000         0x00800000         xr
*default*        0x00000000         0xffffffff

Linker script and memory map

LOAD c:/program files/daisytoolchain/bin/../lib/gcc/arm-none-eabi/10.2.1/thumb/v7e-m+dp/hard/crti.o
LOAD c:/program files/daisytoolchain/bin/../lib/gcc/arm-none-eabi/10.2.1/thumb/v7e-m+dp/hard/crtbegin.o
LOAD c:/program files/daisytoolchain/bin/../lib/gcc/arm-none-eabi/10.2.1/../../../../arm-none-eabi/lib/thumb/v7e-m+dp/hard/crt0.o
LOAD build/startup_stm32h750xx.o
LOAD build/303Sequencer.o
LOAD ../../libDaisy//build\libdaisy.a
LOAD c:/program files/daisytoolchain/bin/../lib/gcc/arm-none-eabi/10.2.1/../../../../arm-none-eabi/lib/thumb/v7e-m+dp/hard\libnosys.a
LOAD ../../DaisySP//build\libdaisysp.a
LOAD c:/program files/daisytoolchain/bin/../lib/gcc/arm-none-eabi/10.2.1/../../../../arm-none-eabi/lib/thumb/v7e-m+dp/hard\libstdc++_nano.a
LOAD c:/program files/daisytoolchain/bin/../lib/gcc/arm-none-eabi/10.2.1/../../../../arm-none-eabi/lib/thumb/v7e-m+dp/hard\libm.a
LOAD c:/program files/daisytoolchain/bin/../lib/gcc/arm-none-eabi/10.2.1/../../../../arm-none-eabi/lib/thumb/v7e-m+dp/hard\libc_nano.a
START GROUP
LOAD c:/program files/daisytoolchain/bin/../lib/gcc/arm-none-eabi/10.2.1/thumb/v7e-m+dp/hard\libgcc.a
LOAD c:/program files/daisytoolchain/bin/../lib/gcc/arm-none-eabi/10.2.1/../../../../arm-none-eabi/lib/thumb/v7e-m+dp/hard\libc_nano.a
END GROUP
START GROUP
LOAD c:/program files/daisytoolchain/bin/../lib/gcc/arm-none-eabi/10.2.1/thumb/v7e-m+dp/hard\libgcc.a
LOAD c:/program files/daisytoolchain/bin/../lib/gcc/arm-none-eabi/10.2.1/../../../../arm-none-eabi/lib/thumb/v7e-m+dp/hard\libc_nano.a
LOAD c:/program files/daisytoolchain/bin/../lib/gcc/arm-none-eabi/10.2.1/../../../../arm-none-eabi/lib/thumb/v7e-m+dp/hard\libnosys.a
END GROUP
START GROUP
LOAD c:/program files/daisytoolchain/bin/../lib/gcc/arm-none-eabi/10.2.1/thumb/v7e-m+dp/hard\libgcc.a
LOAD c:/program files/daisytoolchain/bin/../lib/gcc/arm-none-eabi/10.2.1/../../../../arm-none-eabi/lib/thumb/v7e-m+dp/hard\libc_nano.a
LOAD c:/program files/daisytoolchain/bin/../lib/gcc/arm-none-eabi/10.2.1/../../../../arm-none-eabi/lib/thumb/v7e-m+dp/hard\libnosys.a
END GROUP
LOAD c:/program files/daisytoolchain/bin/../lib/gcc/arm-none-eabi/10.2.1/thumb/v7e-m+dp/hard/crtend.o
LOAD c:/program files/daisytoolchain/bin/../lib/gcc/arm-none-eabi/10.2.1/thumb/v7e-m+dp/hard/crtn.o
                0x20020000                _estack = 0x20020000

.isr_vector     0x08000000      0x298
                0x08000000                . = ALIGN (0x4)
 *(.isr_vector)
 .isr_vector    0x08000000      0x298 build/startup_stm32h750xx.o
                0x08000000                g_pfnVectors
                0x08000298                . = ALIGN (0x4)

.text           0x080002a0    0x154e8
                0x080002a0                . = ALIGN (0x4)
                0x080002a0                _stext = .
 *(.text)
 .text          0x080002a0       0x40 c:/program files/daisytoolchain/bin/../lib/gcc/arm-none-eabi/10.2.1/thumb/v7e-m+dp/hard/crtbegin.o
 .text          0x080002e0       0xa0 c:/program files/daisytoolchain/bin/../lib/gcc/arm-none-eabi/10.2.1/../../../../arm-none-eabi/lib/thumb/v7e-m+dp/hard\libc_nano.a(lib_a-memchr.o)
                0x080002e0                memchr
 .text          0x08000380       0x10 c:/program files/daisytoolchain/bin/../lib/gcc/arm-none-eabi/10.2.1/../../../../arm-none-eabi/lib/thumb/v7e-m+dp/hard\libc_nano.a(lib_a-strlen.o)
                0x08000380                strlen
 .text          0x08000390      0x378 c:/program files/daisytoolchain/bin/../lib/gcc/arm-none-eabi/10.2.1/thumb/v7e-m+dp/hard\libgcc.a(_arm_addsubdf3.o)
                0x08000390                __aeabi_drsub
                0x08000398                __aeabi_dsub
                0x08000398                __subdf3
                0x0800039c                __aeabi_dadd
                0x0800039c                __adddf3
                0x08000614                __floatunsidf
                0x08000614                __aeabi_ui2d
                0x08000634                __floatsidf
                0x08000634                __aeabi_i2d
                0x08000658                __aeabi_f2d
                0x08000658                __extendsfdf2
                0x0800069c                __floatundidf
                0x0800069c                __aeabi_ul2d
                0x080006ac                __floatdidf
                0x080006ac                __aeabi_l2d
 .text          0x08000708       0x30 c:/program files/daisytoolchain/bin/../lib/gcc/arm-none-eabi/10.2.1/thumb/v7e-m+dp/hard\libgcc.a(_aeabi_uldivmod.o)
                0x08000708                __aeabi_uldivmod
 .text          0x08000738      0x2d0 c:/program files/daisytoolchain/bin/../lib/gcc/arm-none-eabi/10.2.1/thumb/v7e-m+dp/hard\libgcc.a(_udivmoddi4.o)
                0x08000738                __udivmoddi4
 .text          0x08000a08        0x4 c:/program files/daisytoolchain/bin/../lib/gcc/arm-none-eabi/10.2.1/thumb/v7e-m+dp/hard\libgcc.a(_dvmd_tls.o)
                0x08000a08                __aeabi_idiv0
                0x08000a08                __aeabi_ldiv0
 *(.text*)
 .text.Default_Handler
                0x08000a0c        0x4 build/startup_stm32h750xx.o
                0x08000a0c                RTC_Alarm_IRQHandler
                0x08000a0c                HASH_RNG_IRQHandler
                0x08000a0c                EXTI2_IRQHandler
                0x08000a0c                TIM8_CC_IRQHandler
                0x08000a0c                HRTIM1_Master_IRQHandler
                0x08000a0c                DebugMon_Handler
                0x08000a0c                TIM1_CC_IRQHandler
                0x08000a0c                BDMA_Channel6_IRQHandler
                0x08000a0c                DMA2_Stream5_IRQHandler
                0x08000a0c                HRTIM1_FLT_IRQHandler
                0x08000a0c                JPEG_IRQHandler
                0x08000a0c                BDMA_Channel1_IRQHandler
                0x08000a0c                HRTIM1_TIMD_IRQHandler
                0x08000a0c                TAMP_STAMP_IRQHandler
                0x08000a0c                PendSV_Handler
                0x08000a0c                NMI_Handler
                0x08000a0c                EXTI3_IRQHandler
                0x08000a0c                LPTIM4_IRQHandler
                0x08000a0c                TIM8_TRG_COM_TIM14_IRQHandler
                0x08000a0c                LPTIM2_IRQHandler
                0x08000a0c                DFSDM1_FLT1_IRQHandler
                0x08000a0c                DMAMUX2_OVR_IRQHandler
                0x08000a0c                TIM8_UP_TIM13_IRQHandler
                0x08000a0c                I2C3_ER_IRQHandler
                0x08000a0c                DFSDM1_FLT2_IRQHandler
                0x08000a0c                MDMA_IRQHandler
                0x08000a0c                LPTIM3_IRQHandler
                0x08000a0c                HSEM1_IRQHandler
                0x08000a0c                EXTI0_IRQHandler
                0x08000a0c                FPU_IRQHandler
                0x08000a0c                OTG_HS_WKUP_IRQHandler
                0x08000a0c                FDCAN1_IT1_IRQHandler
                0x08000a0c                UsageFault_Handler
                0x08000a0c                LTDC_ER_IRQHandler
                0x08000a0c                HRTIM1_TIME_IRQHandler
                0x08000a0c                TIM6_DAC_IRQHandler
                0x08000a0c                DCMI_IRQHandler
                0x08000a0c                HRTIM1_TIMC_IRQHandler
                0x08000a0c                SAI2_IRQHandler
                0x08000a0c                DFSDM1_FLT3_IRQHandler
                0x08000a0c                TIM17_IRQHandler
                0x08000a0c                CRYP_IRQHandler
                0x08000a0c                BDMA_Channel7_IRQHandler
                0x08000a0c                LPTIM5_IRQHandler
                0x08000a0c                ADC3_IRQHandler
                0x08000a0c                DMA2_Stream0_IRQHandler
                0x08000a0c                BDMA_Channel2_IRQHandler
                0x08000a0c                DMAMUX1_OVR_IRQHandler
                0x08000a0c                TIM16_IRQHandler
                0x08000a0c                BDMA_Channel5_IRQHandler
                0x08000a0c                RCC_IRQHandler
                0x08000a0c                TIM8_BRK_TIM12_IRQHandler
                0x08000a0c                TIM1_TRG_COM_IRQHandler
                0x08000a0c                Default_Handler
                0x08000a0c                ECC_IRQHandler
                0x08000a0c                CEC_IRQHandler
                0x08000a0c                EXTI15_10_IRQHandler
                0x08000a0c                BDMA_Channel0_IRQHandler
                0x08000a0c                ADC_IRQHandler
                0x08000a0c                DMA1_Stream7_IRQHandler
                0x08000a0c                HRTIM1_TIMA_IRQHandler
                0x08000a0c                TIM7_IRQHandler
                0x08000a0c                SDMMC1_IRQHandler
                0x08000a0c                DMA2_Stream7_IRQHandler
                0x08000a0c                TIM15_IRQHandler
                0x08000a0c                PVD_AVD_IRQHandler
                0x08000a0c                EXTI9_5_IRQHandler
                0x08000a0c                RTC_WKUP_IRQHandler
                0x08000a0c                LTDC_IRQHandler
                0x08000a0c                SAI3_IRQHandler
                0x08000a0c                ETH_WKUP_IRQHandler
                0x08000a0c                SPDIF_RX_IRQHandler
                0x08000a0c                MemManage_Handler
                0x08000a0c                SVC_Handler
                0x08000a0c                CRS_IRQHandler
                0x08000a0c                EXTI4_IRQHandler
                0x08000a0c                HRTIM1_TIMB_IRQHandler
                0x08000a0c                FDCAN2_IT1_IRQHandler
                0x08000a0c                ETH_IRQHandler
                0x08000a0c                TIM1_UP_IRQHandler
                0x08000a0c                BDMA_Channel4_IRQHandler
                0x08000a0c                WWDG_IRQHandler
                0x08000a0c                SPI6_IRQHandler
                0x08000a0c                I2C4_EV_IRQHandler
                0x08000a0c                MDIOS_IRQHandler
                0x08000a0c                FDCAN2_IT0_IRQHandler
                0x08000a0c                FDCAN1_IT0_IRQHandler
                0x08000a0c                OTG_FS_WKUP_IRQHandler
                0x08000a0c                DMA2D_IRQHandler
                0x08000a0c                TIM1_BRK_IRQHandler
                0x08000a0c                EXTI1_IRQHandler
                0x08000a0c                SDMMC2_IRQHandler
                0x08000a0c                OTG_FS_EP1_OUT_IRQHandler
                0x08000a0c                BDMA_Channel3_IRQHandler
                0x08000a0c                MDIOS_WKUP_IRQHandler
                0x08000a0c                DFSDM1_FLT0_IRQHandler
                0x08000a0c                SAI4_IRQHandler
                0x08000a0c                I2C2_ER_IRQHandler
                0x08000a0c                DMA2_Stream1_IRQHandler
                0x08000a0c                FLASH_IRQHandler
                0x08000a0c                BusFault_Handler
                0x08000a0c                OTG_FS_IRQHandler
                0x08000a0c                WAKEUP_PIN_IRQHandler
                0x08000a0c                OTG_FS_EP1_IN_IRQHandler
                0x08000a0c                I2C1_ER_IRQHandler
                0x08000a0c                FMC_IRQHandler
                0x08000a0c                FDCAN_CAL_IRQHandler
                0x08000a0c                SWPMI1_IRQHandler
                0x08000a0c                COMP1_IRQHandler
                0x08000a0c                LPTIM1_IRQHandler
                0x08000a0c                I2C4_ER_IRQHandler
                0x08000a0c                DMA2_Stream6_IRQHandler
                0x08000a0c                SAI1_IRQHandler
 .text.Reset_Handler
                0x08000a10       0x44 build/startup_stm32h750xx.o
                0x08000a10                Reset_Handler
 .text._ZN5daisy6SwitchD2Ev
                0x08000a54        0x4 build/303Sequencer.o
                0x08000a54                daisy::Switch::~Switch()
                0x08000a54                daisy::Switch::~Switch()
 .text._ZN5daisy9DaisySeedD2Ev
                0x08000a58        0x4 build/303Sequencer.o
                0x08000a58                daisy::DaisySeed::~DaisySeed()
                0x08000a58                daisy::DaisySeed::~DaisySeed()
 .text._ZN7daisysp5AdEnvD2Ev
                0x08000a5c        0x4 build/303Sequencer.o
                0x08000a5c                daisysp::AdEnv::~AdEnv()
                0x08000a5c                daisysp::AdEnv::~AdEnv()
 .text._ZN7daisysp10OscillatorD2Ev
                0x08000a60        0x4 build/303Sequencer.o
                0x08000a60                daisysp::Oscillator::~Oscillator()
                0x08000a60                daisysp::Oscillator::~Oscillator()
 .text._ZN7daisysp10MoogLadderD2Ev
                0x08000a64        0x4 build/303Sequencer.o
                0x08000a64                daisysp::MoogLadder::~MoogLadder()
                0x08000a64                daisysp::MoogLadder::~MoogLadder()
 .text._ZN7daisysp5MetroD2Ev
                0x08000a68        0x4 build/303Sequencer.o
                0x08000a68                daisysp::Metro::~Metro()
                0x08000a68                daisysp::Metro::~Metro()
 .text.startup._ZNSt7__cxx1112basic_stringIcSt11char_traitsIcESaIcEEC2EPKcRKS3_.constprop.0.isra.0
                0x08000a6c       0x64 build/303Sequencer.o
 .text._ZNSt10_HashtableINSt7__cxx1112basic_stringIcSt11char_traitsIcESaIcEEESt4pairIKS5_St6vectorIdSaIdEEESaISB_ENSt8__detail10_Select1stESt8equal_toIS5_ESt4hashIS5_ENSD_18_Mod_range_hashingENSD_20_Default_ranged_hashENSD_20_Prime_rehash_policyENSD_17_Hashtable_traitsILb1ELb0ELb1EEEE21_M_insert_unique_nodeERS7_jjPNSD_10_Hash_nodeISB_Lb1EEEj.isra.0
                0x08000ad0      0x12c build/303Sequencer.o
 .text._ZNSt6vectorINSt7__cxx1112basic_stringIcSt11char_traitsIcESaIcEEESaIS5_EED2Ev
                0x08000bfc       0x3c build/303Sequencer.o
                0x08000bfc                std::vector<std::__cxx11::basic_string<char, std::char_traits<char>, std::allocator<char> >, std::allocator<std::__cxx11::basic_string<char, std::char_traits<char>, std::allocator<char> > > >::~vector()
                0x08000bfc                std::vector<std::__cxx11::basic_string<char, std::char_traits<char>, std::allocator<char> >, std::allocator<std::__cxx11::basic_string<char, std::char_traits<char>, std::allocator<char> > > >::~vector()
 .text._ZNSt13unordered_mapINSt7__cxx1112basic_stringIcSt11char_traitsIcESaIcEEESt6vectorIdSaIdEESt4hashIS5_ESt8equal_toIS5_ESaISt4pairIKS5_S8_EEED2Ev
                0x08000c38       0x60 build/303Sequencer.o
                0x08000c38                std::unordered_map<std::__cxx11::basic_string<char, std::char_traits<char>, std::allocator<char> >, std::vector<double, std::allocator<double> >, std::hash<std::__cxx11::basic_string<char, std::char_traits<char>, std::allocator<char> > >, std::equal_to<std::__cxx11::basic_string<char, std::char_traits<char>, std::allocator<char> > >, std::allocator<std::pair<std::__cxx11::basic_string<char, std::char_traits<char>, std::allocator<char> > const, std::vector<double, std::allocator<double> > > > >::~unordered_map()
                0x08000c38                std::unordered_map<std::__cxx11::basic_string<char, std::char_traits<char>, std::allocator<char> >, std::vector<double, std::allocator<double> >, std::hash<std::__cxx11::basic_string<char, std::char_traits<char>, std::allocator<char> > >, std::equal_to<std::__cxx11::basic_string<char, std::char_traits<char>, std::allocator<char> > >, std::allocator<std::pair<std::__cxx11::basic_string<char, std::char_traits<char>, std::allocator<char> > const, std::vector<double, std::allocator<double> > > > >::~unordered_map()
 .text._Z17circularShiftLeftNSt7__cxx1112basic_stringIcSt11char_traitsIcESaIcEEE
                0x08000c98       0xb4 build/303Sequencer.o
                0x08000c98                circularShiftLeft(std::__cxx11::basic_string<char, std::char_traits<char>, std::allocator<char> >)
 .text._Z13generateScaleB5cxx11v
                0x08000d4c      0x284 build/303Sequencer.o
                0x08000d4c                generateScale[abi:cxx11]()
 .text._Z17randomizeSequenceB5cxx11v
                0x08000fd0       0xb4 build/303Sequencer.o
                0x08000fd0                randomizeSequence[abi:cxx11]()
 .text._Z12inputHandlerv
                0x08001084      0x408 build/303Sequencer.o
                0x08001084                inputHandler()
 .text._Z17prepareAudioBlockjPf
                0x0800148c       0x6c build/303Sequencer.o
                0x0800148c                prepareAudioBlock(unsigned int, float*)
 .text._Z24configureAndInitHardwarev
                0x080014f8       0x20 build/303Sequencer.o
                0x080014f8                configureAndInitHardware()
 .text._Z12initPitchEnvf
                0x08001518       0x2c build/303Sequencer.o
                0x08001518                initPitchEnv(float)
 .text._Z10initVolEnvf
                0x08001544       0x24 build/303Sequencer.o
                0x08001544                initVolEnv(float)
 .text._Z11initButtonsf
                0x08001568       0xb8 build/303Sequencer.o
                0x08001568                initButtons(float)
 .text._Z8initTickf
                0x08001620       0x2c build/303Sequencer.o
                0x08001620                initTick(float)
 .text.startup.main
                0x0800164c       0xcc build/303Sequencer.o
                0x0800164c                main
 .text._ZNSt6vectorIdSaIdEEC2ESt16initializer_listIdERKS0_
                0x08001718       0x5c build/303Sequencer.o
                0x08001718                std::vector<double, std::allocator<double> >::vector(std::initializer_list<double>, std::allocator<double> const&)
                0x08001718                std::vector<double, std::allocator<double> >::vector(std::initializer_list<double>, std::allocator<double> const&)
 .text._ZNSt4pairIKNSt7__cxx1112basic_stringIcSt11char_traitsIcESaIcEEESt6vectorIdSaIdEEEC2IRA2_KcLb1EEEOT_RKS9_
                0x08001774       0xac build/303Sequencer.o
                0x08001774                std::pair<std::__cxx11::basic_string<char, std::char_traits<char>, std::allocator<char> > const, std::vector<double, std::allocator<double> > >::pair<char const (&) [2], true>(char const (&) [2], std::vector<double, std::allocator<double> > const&)
                0x08001774                std::pair<std::__cxx11::basic_string<char, std::char_traits<char>, std::allocator<char> > const, std::vector<double, std::allocator<double> > >::pair<char const (&) [2], true>(char const (&) [2], std::vector<double, std::allocator<double> > const&)
 .text._ZNSt4pairIKNSt7__cxx1112basic_stringIcSt11char_traitsIcESaIcEEESt6vectorIdSaIdEEEC2IRA3_KcLb1EEEOT_RKS9_
                0x08001820       0xac build/303Sequencer.o
                0x08001820                std::pair<std::__cxx11::basic_string<char, std::char_traits<char>, std::allocator<char> > const, std::vector<double, std::allocator<double> > >::pair<char const (&) [3], true>(char const (&) [3], std::vector<double, std::allocator<double> > const&)
                0x08001820                std::pair<std::__cxx11::basic_string<char, std::char_traits<char>, std::allocator<char> > const, std::vector<double, std::allocator<double> > >::pair<char const (&) [3], true>(char const (&) [3], std::vector<double, std::allocator<double> > const&)
 .text._ZNSt6vectorINSt7__cxx1112basic_stringIcSt11char_traitsIcESaIcEEESaIS5_EEC2ERKS7_
                0x080018cc       0xc4 build/303Sequencer.o
                0x080018cc                std::vector<std::__cxx11::basic_string<char, std::char_traits<char>, std::allocator<char> >, std::allocator<std::__cxx11::basic_string<char, std::char_traits<char>, std::allocator<char> > > >::vector(std::vector<std::__cxx11::basic_string<char, std::char_traits<char>, std::allocator<char> >, std::allocator<std::__cxx11::basic_string<char, std::char_traits<char>, std::allocator<char> > > > const&)
                0x080018cc                std::vector<std::__cxx11::basic_string<char, std::char_traits<char>, std::allocator<char> >, std::allocator<std::__cxx11::basic_string<char, std::char_traits<char>, std::allocator<char> > > >::vector(std::vector<std::__cxx11::basic_string<char, std::char_traits<char>, std::allocator<char> >, std::allocator<std::__cxx11::basic_string<char, std::char_traits<char>, std::allocator<char> > > > const&)
 .text._ZNSt12_Vector_baseIdSaIdEED2Ev
                0x08001990       0x14 build/303Sequencer.o
                0x08001990                std::_Vector_base<double, std::allocator<double> >::~_Vector_base()
                0x08001990                std::_Vector_base<double, std::allocator<double> >::~_Vector_base()
 .text._ZNKSt10_HashtableINSt7__cxx1112basic_stringIcSt11char_traitsIcESaIcEEESt4pairIKS5_St6vectorIdSaIdEEESaISB_ENSt8__detail10_Select1stESt8equal_toIS5_ESt4hashIS5_ENSD_18_Mod_range_hashingENSD_20_Default_ranged_hashENSD_20_Prime_rehash_policyENSD_17_Hashtable_traitsILb1ELb0ELb1EEEE19_M_find_before_nodeEjRS7_j
                0x080019a4       0x68 build/303Sequencer.o
                0x080019a4                std::_Hashtable<std::__cxx11::basic_string<char, std::char_traits<char>, std::allocator<char> >, std::pair<std::__cxx11::basic_string<char, std::char_traits<char>, std::allocator<char> > const, std::vector<double, std::allocator<double> > >, std::allocator<std::pair<std::__cxx11::basic_string<char, std::char_traits<char>, std::allocator<char> > const, std::vector<double, std::allocator<double> > > >, std::__detail::_Select1st, std::equal_to<std::__cxx11::basic_string<char, std::char_traits<char>, std::allocator<char> > >, std::hash<std::__cxx11::basic_string<char, std::char_traits<char>, std::allocator<char> > >, std::__detail::_Mod_range_hashing, std::__detail::_Default_ranged_hash, std::__detail::_Prime_rehash_policy, std::__detail::_Hashtable_traits<true, false, true> >::_M_find_before_node(unsigned int, std::__cxx11::basic_string<char, std::char_traits<char>, std::allocator<char> > const&, unsigned int) const
 .text._ZNSt8__detail9_Map_baseINSt7__cxx1112basic_stringIcSt11char_traitsIcESaIcEEESt4pairIKS6_St6vectorIdSaIdEEESaISC_ENS_10_Select1stESt8equal_toIS6_ESt4hashIS6_ENS_18_Mod_range_hashingENS_20_Default_ranged_hashENS_20_Prime_rehash_policyENS_17_Hashtable_traitsILb1ELb0ELb1EEELb1EEixERS8_
                0x08001a0c       0xc8 build/303Sequencer.o
                0x08001a0c                std::__detail::_Map_base<std::__cxx11::basic_string<char, std::char_traits<char>, std::allocator<char> >, std::pair<std::__cxx11::basic_string<char, std::char_traits<char>, std::allocator<char> > const, std::vector<double, std::allocator<double> > >, std::allocator<std::pair<std::__cxx11::basic_string<char, std::char_traits<char>, std::allocator<char> > const, std::vector<double, std::allocator<double> > > >, std::__detail::_Select1st, std::equal_to<std::__cxx11::basic_string<char, std::char_traits<char>, std::allocator<char> > >, std::hash<std::__cxx11::basic_string<char, std::char_traits<char>, std::allocator<char> > >, std::__detail::_Mod_range_hashing, std::__detail::_Default_ranged_hash, std::__detail::_Prime_rehash_policy, std::__detail::_Hashtable_traits<true, false, true>, true>::operator[](std::__cxx11::basic_string<char, std::char_traits<char>, std::allocator<char> > const&)
 .text._Z15triggerSequencev.part.0
                0x08001ad4      0x108 build/303Sequencer.o
 .text._Z12playSequencejPf
                0x08001bdc       0x48 build/303Sequencer.o
                0x08001bdc                playSequence(unsigned int, float*)
 .text._Z13AudioCallbackPKfPfj
                0x08001c24       0x1c build/303Sequencer.o
                0x08001c24                AudioCallback(float const*, float*, unsigned int)
 .text._ZNSt10_HashtableINSt7__cxx1112basic_stringIcSt11char_traitsIcESaIcEEESt4pairIKS5_St6vectorIdSaIdEEESaISB_ENSt8__detail10_Select1stESt8equal_toIS5_ESt4hashIS5_ENSD_18_Mod_range_hashingENSD_20_Default_ranged_hashENSD_20_Prime_rehash_policyENSD_17_Hashtable_traitsILb1ELb0ELb1EEEEC2IPKSB_EET_SS_jRKSI_RKSJ_RKSK_RKSG_RKSE_RKSC_
                0x08001c40      0x1a0 build/303Sequencer.o
                0x08001c40                std::_Hashtable<std::__cxx11::basic_string<char, std::char_traits<char>, std::allocator<char> >, std::pair<std::__cxx11::basic_string<char, std::char_traits<char>, std::allocator<char> > const, std::vector<double, std::allocator<double> > >, std::allocator<std::pair<std::__cxx11::basic_string<char, std::char_traits<char>, std::allocator<char> > const, std::vector<double, std::allocator<double> > > >, std::__detail::_Select1st, std::equal_to<std::__cxx11::basic_string<char, std::char_traits<char>, std::allocator<char> > >, std::hash<std::__cxx11::basic_string<char, std::char_traits<char>, std::allocator<char> > >, std::__detail::_Mod_range_hashing, std::__detail::_Default_ranged_hash, std::__detail::_Prime_rehash_policy, std::__detail::_Hashtable_traits<true, false, true> >::_Hashtable<std::pair<std::__cxx11::basic_string<char, std::char_traits<char>, std::allocator<char> > const, std::vector<double, std::allocator<double> > > const*>(std::pair<std::__cxx11::basic_string<char, std::char_traits<char>, std::allocator<char> > const, std::vector<double, std::allocator<double> > > const*, std::pair<std::__cxx11::basic_string<char, std::char_traits<char>, std::allocator<char> > const, std::vector<double, std::allocator<double> > > const*, unsigned int, std::hash<std::__cxx11::basic_string<char, std::char_traits<char>, std::allocator<char> > > const&, std::__detail::_Mod_range_hashing const&, std::__detail::_Default_ranged_hash const&, std::equal_to<std::__cxx11::basic_string<char, std::char_traits<char>, std::allocator<char> > > const&, std::__detail::_Select1st const&, std::allocator<std::pair<std::__cxx11::basic_string<char, std::char_traits<char>, std::allocator<char> > const, std::vector<double, std::allocator<double> > > > const&)
                0x08001c40                std::_Hashtable<std::__cxx11::basic_string<char, std::char_traits<char>, std::allocator<char> >, std::pair<std::__cxx11::basic_string<char, std::char_traits<char>, std::allocator<char> > const, std::vector<double, std::allocator<double> > >, std::allocator<std::pair<std::__cxx11::basic_string<char, std::char_traits<char>, std::allocator<char> > const, std::vector<double, std::allocator<double> > > >, std::__detail::_Select1st, std::equal_to<std::__cxx11::basic_string<char, std::char_traits<char>, std::allocator<char> > >, std::hash<std::__cxx11::basic_string<char, std::char_traits<char>, std::allocator<char> > >, std::__detail::_Mod_range_hashing, std::__detail::_Default_ranged_hash, std::__detail::_Prime_rehash_policy, std::__detail::_Hashtable_traits<true, false, true> >::_Hashtable<std::pair<std::__cxx11::basic_string<char, std::char_traits<char>, std::allocator<char> > const, std::vector<double, std::allocator<double> > > const*>(std::pair<std::__cxx11::basic_string<char, std::char_traits<char>, std::allocator<char> > const, std::vector<double, std::allocator<double> > > const*, std::pair<std::__cxx11::basic_string<char, std::char_traits<char>, std::allocator<char> > const, std::vector<double, std::allocator<double> > > const*, unsigned int, std::hash<std::__cxx11::basic_string<char, std::char_traits<char>, std::allocator<char> > > const&, std::__detail::_Mod_range_hashing const&, std::__detail::_Default_ranged_hash const&, std::equal_to<std::__cxx11::basic_string<char, std::char_traits<char>, std::allocator<char> > > const&, std::__detail::_Select1st const&, std::allocator<std::pair<std::__cxx11::basic_string<char, std::char_traits<char>, std::allocator<char> > const, std::vector<double, std::allocator<double> > > > const&)
 .text.startup._Z41__static_initialization_and_destruction_0ii.constprop.0
                0x08001de0      0x5bc build/303Sequencer.o
 .text.startup._GLOBAL__sub_I_hardware
                0x0800239c        0x4 build/303Sequencer.o
 .text._ZN5daisy9DaisySeed9ConfigureEv
                0x080023a0        0x4 ../../libDaisy//build\libdaisy.a(daisy_seed.o)
                0x080023a0                daisy::DaisySeed::Configure()
 .text._ZN5daisy9DaisySeed6GetPinEh
                0x080023a4       0x2c ../../libDaisy//build\libdaisy.a(daisy_seed.o)
                0x080023a4                daisy::DaisySeed::GetPin(unsigned char)
 .text._ZN5daisy9DaisySeed10StartAudioEPFvPKfPfjE
                0x080023d0        0x8 ../../libDaisy//build\libdaisy.a(daisy_seed.o)
                0x080023d0                daisy::DaisySeed::StartAudio(void (*)(float const*, float*, unsigned int))
 .text._ZN5daisy9DaisySeed15AudioSampleRateEv
                0x080023d8        0x8 ../../libDaisy//build\libdaisy.a(daisy_seed.o)
                0x080023d8                daisy::DaisySeed::AudioSampleRate()
 .text._ZN5daisy9DaisySeed17SetAudioBlockSizeEj
                0x080023e0       0x38 ../../libDaisy//build\libdaisy.a(daisy_seed.o)
                0x080023e0                daisy::DaisySeed::SetAudioBlockSize(unsigned int)
 .text._ZN5daisy9DaisySeed14ConfigureAudioEv
                0x08002418       0xd0 ../../libDaisy//build\libdaisy.a(daisy_seed.o)
                0x08002418                daisy::DaisySeed::ConfigureAudio()
 .text._ZN5daisy9DaisySeed4InitEb
                0x080024e8       0xf0 ../../libDaisy//build\libdaisy.a(daisy_seed.o)
                0x080024e8                daisy::DaisySeed::Init(bool)
 .text._ZN5daisy6Ak45564InitE12dsy_gpio_pin
                0x080025d8       0x44 ../../libDaisy//build\libdaisy.a(codec_ak4556.o)
                0x080025d8                daisy::Ak4556::Init(dsy_gpio_pin)
 .text._ZN5daisy6Wm873120WriteControlRegisterEht
                0x0800261c       0x3c ../../libDaisy//build\libdaisy.a(codec_wm8731.o)
                0x0800261c                daisy::Wm8731::WriteControlRegister(unsigned char, unsigned short)
 .text._ZN5daisy6Wm87314InitERKNS0_6ConfigENS_9I2CHandleE
                0x08002658      0x1bc ../../libDaisy//build\libdaisy.a(codec_wm8731.o)
                0x08002658                daisy::Wm8731::Init(daisy::Wm8731::Config const&, daisy::I2CHandle)
 .text._ZN11SdramHandle10DeviceInitEv
                0x08002814       0x98 ../../libDaisy//build\libdaisy.a(sdram.o)
                0x08002814                SdramHandle::DeviceInit()
 .text._ZN11SdramHandle4InitEv
                0x080028ac       0x7c ../../libDaisy//build\libdaisy.a(sdram.o)
                0x080028ac                SdramHandle::Init()
 .text.HAL_SDRAM_MspInit
                0x08002928      0x1a8 ../../libDaisy//build\libdaisy.a(sdram.o)
                0x08002928                HAL_SDRAM_MspInit
 .text._ZN5daisy11AudioHandle4Impl16InternalCallbackEPlS2_j
                0x08002ad0      0xbbc ../../libDaisy//build\libdaisy.a(audio.o)
                0x08002ad0                daisy::AudioHandle::Impl::InternalCallback(long*, long*, unsigned int)
 .text._ZN5daisy11AudioHandle4InitERKNS0_6ConfigENS_9SaiHandleE
                0x0800368c       0x70 ../../libDaisy//build\libdaisy.a(audio.o)
                0x0800368c                daisy::AudioHandle::Init(daisy::AudioHandle::Config const&, daisy::SaiHandle)
 .text._ZNK5daisy11AudioHandle9GetConfigEv
                0x080036fc        0x8 ../../libDaisy//build\libdaisy.a(audio.o)
                0x080036fc                daisy::AudioHandle::GetConfig() const
 .text._ZN5daisy11AudioHandle12SetBlockSizeEj
                0x08003704       0x1c ../../libDaisy//build\libdaisy.a(audio.o)
                0x08003704                daisy::AudioHandle::SetBlockSize(unsigned int)
 .text._ZN5daisy11AudioHandle13GetSampleRateEv
                0x08003720        0x8 ../../libDaisy//build\libdaisy.a(audio.o)
                0x08003720                daisy::AudioHandle::GetSampleRate()
 .text._ZN5daisy11AudioHandle5StartEPFvPKfPfjE
                0x08003728       0x2c ../../libDaisy//build\libdaisy.a(audio.o)
                0x08003728                daisy::AudioHandle::Start(void (*)(float const*, float*, unsigned int))
 .text.startup._GLOBAL__sub_I__ZN5daisy11AudioHandle4Impl4InitENS0_6ConfigENS_9SaiHandleE
                0x08003754       0x24 ../../libDaisy//build\libdaisy.a(audio.o)
 .text._ZN5daisy6Switch4InitE12dsy_gpio_pinf
                0x08003778       0x34 ../../libDaisy//build\libdaisy.a(switch.o)
                0x08003778                daisy::Switch::Init(dsy_gpio_pin, float)
 .text._ZN5daisy6Switch8DebounceEv
                0x080037ac       0x5c ../../libDaisy//build\libdaisy.a(switch.o)
                0x080037ac                daisy::Switch::Debounce()
 .text._ZN5daisy16AdcChannelConfig10InitSingleE12dsy_gpio_pin
                0x08003808       0x1c ../../libDaisy//build\libdaisy.a(adc.o)
                0x08003808                daisy::AdcChannelConfig::InitSingle(dsy_gpio_pin)
 .text._ZN5daisy9AdcHandle4InitEPNS_16AdcChannelConfigEjNS0_12OverSamplingE
                0x08003824      0x3c8 ../../libDaisy//build\libdaisy.a(adc.o)
                0x08003824                daisy::AdcHandle::Init(daisy::AdcChannelConfig*, unsigned int, daisy::AdcHandle::OverSampling)
 .text._ZN5daisy9AdcHandle5StartEv
                0x08003bec       0x2c ../../libDaisy//build\libdaisy.a(adc.o)
                0x08003bec                daisy::AdcHandle::Start()
 .text._ZNK5daisy9AdcHandle8GetFloatEh
                0x08003c18       0x20 ../../libDaisy//build\libdaisy.a(adc.o)
                0x08003c18                daisy::AdcHandle::GetFloat(unsigned char) const
 .text.HAL_ADC_MspInit
                0x08003c38       0x98 ../../libDaisy//build\libdaisy.a(adc.o)
                0x08003c38                HAL_ADC_MspInit
 .text.DMA1_Stream2_IRQHandler
                0x08003cd0        0xc ../../libDaisy//build\libdaisy.a(adc.o)
                0x08003cd0                DMA1_Stream2_IRQHandler
 .text.HAL_ADC_ConvCpltCallback
                0x08003cdc      0x148 ../../libDaisy//build\libdaisy.a(adc.o)
                0x08003cdc                HAL_ADC_ConvCpltCallback
 .text.HAL_ADC_ErrorCallback
                0x08003e24        0x4 ../../libDaisy//build\libdaisy.a(adc.o)
                0x08003e24                HAL_ADC_ErrorCallback
 .text.dsy_gpio_init
                0x08003e28      0x1b8 ../../libDaisy//build\libdaisy.a(gpio.o)
                0x08003e28                dsy_gpio_init
 .text.dsy_gpio_read
                0x08003fe0       0x1c ../../libDaisy//build\libdaisy.a(gpio.o)
                0x08003fe0                dsy_gpio_read
 .text.dsy_gpio_write
                0x08003ffc       0x24 ../../libDaisy//build\libdaisy.a(gpio.o)
                0x08003ffc                dsy_gpio_write
 .text._ZN5daisy9I2CHandle4Impl8InitPinsEv
                0x08004020       0x58 ../../libDaisy//build\libdaisy.a(i2c.o)
                0x08004020                daisy::I2CHandle::Impl::InitPins()
 .text.HAL_I2C_MspInit
                0x08004078      0x1b4 ../../libDaisy//build\libdaisy.a(i2c.o)
                0x08004078                HAL_I2C_MspInit
 .text.dsy_i2c_global_init
                0x0800422c       0x78 ../../libDaisy//build\libdaisy.a(i2c.o)
                0x0800422c                dsy_i2c_global_init
 .text.DMA1_Stream6_IRQHandler
                0x080042a4       0x34 ../../libDaisy//build\libdaisy.a(i2c.o)
                0x080042a4                DMA1_Stream6_IRQHandler
 .text.I2C1_EV_IRQHandler
                0x080042d8        0xc ../../libDaisy//build\libdaisy.a(i2c.o)
                0x080042d8                I2C1_EV_IRQHandler
 .text.I2C2_EV_IRQHandler
                0x080042e4        0xc ../../libDaisy//build\libdaisy.a(i2c.o)
                0x080042e4                I2C2_EV_IRQHandler
 .text.I2C3_EV_IRQHandler
                0x080042f0        0xc ../../libDaisy//build\libdaisy.a(i2c.o)
                0x080042f0                I2C3_EV_IRQHandler
 .text._ZN5daisy9I2CHandle4InitERKNS0_6ConfigE
                0x080042fc      0x12c ../../libDaisy//build\libdaisy.a(i2c.o)
                0x080042fc                daisy::I2CHandle::Init(daisy::I2CHandle::Config const&)
 .text._ZN5daisy9I2CHandle16TransmitBlockingEtPhtm
                0x08004428       0x50 ../../libDaisy//build\libdaisy.a(i2c.o)
                0x08004428                daisy::I2CHandle::TransmitBlocking(unsigned short, unsigned char*, unsigned short, unsigned long)
 .text.startup._GLOBAL__sub_I__ZN5daisy9I2CHandle4Impl10GlobalInitEv
                0x08004478       0x18 ../../libDaisy//build\libdaisy.a(i2c.o)
 .text._ZN5daisy10QSPIHandle4Impl11WriteEnableEv
                0x08004490       0x8c ../../libDaisy//build\libdaisy.a(qspi.o)
                0x08004490                daisy::QSPIHandle::Impl::WriteEnable()
 *fill*         0x0800451c        0x4 
 .text._ZN5daisy10QSPIHandle4Impl17DummyCyclesConfigENS0_6Config6DeviceE
                0x08004520      0x118 ../../libDaisy//build\libdaisy.a(qspi.o)
                0x08004520                daisy::QSPIHandle::Impl::DummyCyclesConfig(daisy::QSPIHandle::Config::Device)
 .text._ZN5daisy10QSPIHandle4Impl10QuadEnableEv
                0x08004638      0x158 ../../libDaisy//build\libdaisy.a(qspi.o)
                0x08004638                daisy::QSPIHandle::Impl::QuadEnable()
 .text._ZN5daisy10QSPIHandle4InitERKNS0_6ConfigE
                0x08004790      0x198 ../../libDaisy//build\libdaisy.a(qspi.o)
                0x08004790                daisy::QSPIHandle::Init(daisy::QSPIHandle::Config const&)
 .text.HAL_QSPI_MspInit
                0x08004928      0x11c ../../libDaisy//build\libdaisy.a(qspi.o)
                0x08004928                HAL_QSPI_MspInit
 .text.HAL_QSPI_MspDeInit
                0x08004a44       0x54 ../../libDaisy//build\libdaisy.a(qspi.o)
                0x08004a44                HAL_QSPI_MspDeInit
 .text.QUADSPI_IRQHandler
                0x08004a98        0xc ../../libDaisy//build\libdaisy.a(qspi.o)
                0x08004a98                QUADSPI_IRQHandler
 .text.startup._GLOBAL__sub_I__ZN5daisy10QSPIHandle4Impl4InitERKNS0_6ConfigE
                0x08004aa4       0x28 ../../libDaisy//build\libdaisy.a(qspi.o)
 .text._ZN5daisy9SaiHandle4Impl7InitDmaENS1_15PeripheralBlockE
                0x08004acc       0xa0 ../../libDaisy//build\libdaisy.a(sai.o)
                0x08004acc                daisy::SaiHandle::Impl::InitDma(daisy::SaiHandle::Impl::PeripheralBlock)
 .text._ZN5daisy9SaiHandle4Impl8InitPinsEv
                0x08004b6c       0xa8 ../../libDaisy//build\libdaisy.a(sai.o)
                0x08004b6c                daisy::SaiHandle::Impl::InitPins()
 .text.HAL_SAI_MspInit
                0x08004c14      0x164 ../../libDaisy//build\libdaisy.a(sai.o)
                0x08004c14                HAL_SAI_MspInit
 .text.DMA1_Stream0_IRQHandler
                0x08004d78        0xc ../../libDaisy//build\libdaisy.a(sai.o)
                0x08004d78                DMA1_Stream0_IRQHandler
 .text.DMA1_Stream1_IRQHandler
                0x08004d84        0xc ../../libDaisy//build\libdaisy.a(sai.o)
                0x08004d84                DMA1_Stream1_IRQHandler
 .text.DMA1_Stream3_IRQHandler
                0x08004d90        0xc ../../libDaisy//build\libdaisy.a(sai.o)
                0x08004d90                DMA1_Stream3_IRQHandler
 .text.DMA1_Stream4_IRQHandler
                0x08004d9c        0xc ../../libDaisy//build\libdaisy.a(sai.o)
                0x08004d9c                DMA1_Stream4_IRQHandler
 .text.HAL_SAI_RxHalfCpltCallback
                0x08004da8       0x78 ../../libDaisy//build\libdaisy.a(sai.o)
                0x08004da8                HAL_SAI_RxHalfCpltCallback
 .text.HAL_SAI_RxCpltCallback
                0x08004e20       0x70 ../../libDaisy//build\libdaisy.a(sai.o)
                0x08004e20                HAL_SAI_RxCpltCallback
 .text._ZN5daisy9SaiHandle4InitERKNS0_6ConfigE
                0x08004e90      0x1f0 ../../libDaisy//build\libdaisy.a(sai.o)
                0x08004e90                daisy::SaiHandle::Init(daisy::SaiHandle::Config const&)
 .text._ZNK5daisy9SaiHandle9GetConfigEv
                0x08005080        0x4 ../../libDaisy//build\libdaisy.a(sai.o)
                0x08005080                daisy::SaiHandle::GetConfig() const
 .text._ZN5daisy9SaiHandle8StartDmaEPlS1_jPFvS1_S1_jE
                0x08005084       0xbc ../../libDaisy//build\libdaisy.a(sai.o)
                0x08005084                daisy::SaiHandle::StartDma(long*, long*, unsigned int, void (*)(long*, long*, unsigned int))
 .text._ZN5daisy9SaiHandle13GetSampleRateEv
                0x08005140       0x24 ../../libDaisy//build\libdaisy.a(sai.o)
                0x08005140                daisy::SaiHandle::GetSampleRate()
 .text._ZNK5daisy9SaiHandle9GetOffsetEv
                0x08005164        0x8 ../../libDaisy//build\libdaisy.a(sai.o)
                0x08005164                daisy::SaiHandle::GetOffset() const
 .text._ZN5daisy11TimerHandleD2Ev
                0x0800516c        0x4 ../../libDaisy//build\libdaisy.a(system.o)
                0x0800516c                daisy::TimerHandle::~TimerHandle()
                0x0800516c                daisy::TimerHandle::~TimerHandle()
 .text.SysTick_Handler
                0x08005170       0x10 ../../libDaisy//build\libdaisy.a(system.o)
                0x08005170                SysTick_Handler
 .text.OTG_HS_EP1_OUT_IRQHandler
                0x08005180       0x24 ../../libDaisy//build\libdaisy.a(system.o)
                0x08005180                OTG_HS_EP1_OUT_IRQHandler
 .text.OTG_HS_EP1_IN_IRQHandler
                0x080051a4       0x24 ../../libDaisy//build\libdaisy.a(system.o)
                0x080051a4                OTG_HS_EP1_IN_IRQHandler
 .text.OTG_HS_IRQHandler
                0x080051c8       0x24 ../../libDaisy//build\libdaisy.a(system.o)
                0x080051c8                OTG_HS_IRQHandler
 .text.HardFault_Handler
                0x080051ec       0xe0 ../../libDaisy//build\libdaisy.a(system.o)
                0x080051ec                HardFault_Handler
 .text._ZN5daisy6System6GetNowEv
                0x080052cc        0x4 ../../libDaisy//build\libdaisy.a(system.o)
                0x080052cc                daisy::System::GetNow()
 .text._ZN5daisy6System5DelayEm
                0x080052d0        0x4 ../../libDaisy//build\libdaisy.a(system.o)
                0x080052d0                daisy::System::Delay(unsigned long)
 .text._ZN5daisy6System15ConfigureClocksEv
                0x080052d4      0x194 ../../libDaisy//build\libdaisy.a(system.o)
                0x080052d4                daisy::System::ConfigureClocks()
 .text._ZN5daisy6System4InitERKNS0_6ConfigE
                0x08005468      0x140 ../../libDaisy//build\libdaisy.a(system.o)
                0x08005468                daisy::System::Init(daisy::System::Config const&)
 .text._ZN5daisy6System12GetPClk1FreqEv
                0x080055a8        0x4 ../../libDaisy//build\libdaisy.a(system.o)
                0x080055a8                daisy::System::GetPClk1Freq()
 .text._ZN5daisy6System22GetProgramMemoryRegionEv
                0x080055ac       0x78 ../../libDaisy//build\libdaisy.a(system.o)
                0x080055ac                daisy::System::GetProgramMemoryRegion()
 .text.startup._GLOBAL__sub_I_SysTick_Handler
                0x08005624       0x1c ../../libDaisy//build\libdaisy.a(system.o)
 .text.SystemInit
                0x08005640       0x9c ../../libDaisy//build\libdaisy.a(system_stm32h7xx.o)
                0x08005640                SystemInit
 .text.HAL_PCD_SetupStageCallback
                0x080056dc        0xc ../../libDaisy//build\libdaisy.a(usbd_conf.o)
                0x080056dc                HAL_PCD_SetupStageCallback
 .text.HAL_PCD_DataOutStageCallback
                0x080056e8       0x14 ../../libDaisy//build\libdaisy.a(usbd_conf.o)
                0x080056e8                HAL_PCD_DataOutStageCallback
 .text.HAL_PCD_DataInStageCallback
                0x080056fc       0x14 ../../libDaisy//build\libdaisy.a(usbd_conf.o)
                0x080056fc                HAL_PCD_DataInStageCallback
 .text.HAL_PCD_SOFCallback
                0x08005710        0x8 ../../libDaisy//build\libdaisy.a(usbd_conf.o)
                0x08005710                HAL_PCD_SOFCallback
 .text.HAL_PCD_ResetCallback
                0x08005718       0x24 ../../libDaisy//build\libdaisy.a(usbd_conf.o)
                0x08005718                HAL_PCD_ResetCallback
 .text.HAL_PCD_SuspendCallback
                0x0800573c       0x30 ../../libDaisy//build\libdaisy.a(usbd_conf.o)
                0x0800573c                HAL_PCD_SuspendCallback
 .text.HAL_PCD_ResumeCallback
                0x0800576c        0x8 ../../libDaisy//build\libdaisy.a(usbd_conf.o)
                0x0800576c                HAL_PCD_ResumeCallback
 .text.HAL_PCD_ISOOUTIncompleteCallback
                0x08005774        0x8 ../../libDaisy//build\libdaisy.a(usbd_conf.o)
                0x08005774                HAL_PCD_ISOOUTIncompleteCallback
 .text.HAL_PCD_ISOINIncompleteCallback
                0x0800577c        0x8 ../../libDaisy//build\libdaisy.a(usbd_conf.o)
                0x0800577c                HAL_PCD_ISOINIncompleteCallback
 .text.HAL_PCD_ConnectCallback
                0x08005784        0x8 ../../libDaisy//build\libdaisy.a(usbd_conf.o)
                0x08005784                HAL_PCD_ConnectCallback
 .text.HAL_PCD_DisconnectCallback
                0x0800578c        0x8 ../../libDaisy//build\libdaisy.a(usbd_conf.o)
                0x0800578c                HAL_PCD_DisconnectCallback
 .text.USBD_LL_OpenEP
                0x08005794       0x24 ../../libDaisy//build\libdaisy.a(usbd_conf.o)
                0x08005794                USBD_LL_OpenEP
 .text.USBD_LL_StallEP
                0x080057b8       0x1c ../../libDaisy//build\libdaisy.a(usbd_conf.o)
                0x080057b8                USBD_LL_StallEP
 .text.USBD_LL_ClearStallEP
                0x080057d4       0x1c ../../libDaisy//build\libdaisy.a(usbd_conf.o)
                0x080057d4                USBD_LL_ClearStallEP
 .text.USBD_LL_IsStallEP
                0x080057f0       0x28 ../../libDaisy//build\libdaisy.a(usbd_conf.o)
                0x080057f0                USBD_LL_IsStallEP
 .text.USBD_LL_SetUSBAddress
                0x08005818       0x1c ../../libDaisy//build\libdaisy.a(usbd_conf.o)
                0x08005818                USBD_LL_SetUSBAddress
 .text.USBD_LL_Transmit
                0x08005834       0x1c ../../libDaisy//build\libdaisy.a(usbd_conf.o)
                0x08005834                USBD_LL_Transmit
 .text.USBD_LL_PrepareReceive
                0x08005850       0x1c ../../libDaisy//build\libdaisy.a(usbd_conf.o)
                0x08005850                USBD_LL_PrepareReceive
 .text.HAL_HCD_SOF_Callback
                0x0800586c        0x8 ../../libDaisy//build\libdaisy.a(usbh_conf.o)
                0x0800586c                HAL_HCD_SOF_Callback
 .text.HAL_HCD_Connect_Callback
                0x08005874        0x8 ../../libDaisy//build\libdaisy.a(usbh_conf.o)
                0x08005874                HAL_HCD_Connect_Callback
 .text.HAL_HCD_Disconnect_Callback
                0x0800587c        0x8 ../../libDaisy//build\libdaisy.a(usbh_conf.o)
                0x0800587c                HAL_HCD_Disconnect_Callback
 .text.HAL_HCD_HC_NotifyURBChange_Callback
                0x08005884        0x4 ../../libDaisy//build\libdaisy.a(usbh_conf.o)
                0x08005884                HAL_HCD_HC_NotifyURBChange_Callback
 .text.HAL_HCD_PortEnabled_Callback
                0x08005888        0x8 ../../libDaisy//build\libdaisy.a(usbh_conf.o)
                0x08005888                HAL_HCD_PortEnabled_Callback
 .text.HAL_HCD_PortDisabled_Callback
                0x08005890        0x8 ../../libDaisy//build\libdaisy.a(usbh_conf.o)
                0x08005890                HAL_HCD_PortDisabled_Callback
 .text.USBH_LL_Stop
                0x08005898       0x1c ../../libDaisy//build\libdaisy.a(usbh_conf.o)
                0x08005898                USBH_LL_Stop
 .text.dsy_hal_map_get_port
                0x080058b4       0x10 ../../libDaisy//build\libdaisy.a(hal_map.o)
                0x080058b4                dsy_hal_map_get_port
 .text.dsy_hal_map_get_pin
                0x080058c4       0x10 ../../libDaisy//build\libdaisy.a(hal_map.o)
                0x080058c4                dsy_hal_map_get_pin
 .text.dsy_hal_map_gpio_clk_enable
                0x080058d4      0x150 ../../libDaisy//build\libdaisy.a(hal_map.o)
                0x080058d4                dsy_hal_map_gpio_clk_enable
 .text.HAL_MspInit
                0x08005a24        0x4 ../../libDaisy//build\libdaisy.a(stm32h7xx_hal.o)
                0x08005a24                HAL_MspInit
 .text.HAL_InitTick
                0x08005a28       0x4c ../../libDaisy//build\libdaisy.a(stm32h7xx_hal.o)
                0x08005a28                HAL_InitTick
 .text.HAL_Init
                0x08005a74       0x60 ../../libDaisy//build\libdaisy.a(stm32h7xx_hal.o)
                0x08005a74                HAL_Init
 .text.HAL_IncTick
                0x08005ad4       0x18 ../../libDaisy//build\libdaisy.a(stm32h7xx_hal.o)
                0x08005ad4                HAL_IncTick
 .text.HAL_GetTick
                0x08005aec        0xc ../../libDaisy//build\libdaisy.a(stm32h7xx_hal.o)
                0x08005aec                HAL_GetTick
 .text.HAL_Delay
                0x08005af8       0x24 ../../libDaisy//build\libdaisy.a(stm32h7xx_hal.o)
                0x08005af8                HAL_Delay
 .text.HAL_GetREVID
                0x08005b1c        0xc ../../libDaisy//build\libdaisy.a(stm32h7xx_hal.o)
                0x08005b1c                HAL_GetREVID
 .text.HAL_ADC_ConvHalfCpltCallback
                0x08005b28        0x4 ../../libDaisy//build\libdaisy.a(stm32h7xx_hal_adc.o)
                0x08005b28                HAL_ADC_ConvHalfCpltCallback
 .text.ADC_DMAHalfConvCplt
                0x08005b2c        0xc ../../libDaisy//build\libdaisy.a(stm32h7xx_hal_adc.o)
                0x08005b2c                ADC_DMAHalfConvCplt
 .text.ADC_DMAConvCplt
                0x08005b38       0x6c ../../libDaisy//build\libdaisy.a(stm32h7xx_hal_adc.o)
                0x08005b38                ADC_DMAConvCplt
 .text.ADC_DMAError
                0x08005ba4       0x1c ../../libDaisy//build\libdaisy.a(stm32h7xx_hal_adc.o)
                0x08005ba4                ADC_DMAError
 .text.HAL_ADC_ConfigChannel
                0x08005bc0      0x3fc ../../libDaisy//build\libdaisy.a(stm32h7xx_hal_adc.o)
                0x08005bc0                HAL_ADC_ConfigChannel
 .text.ADC_Enable
                0x08005fbc       0xac ../../libDaisy//build\libdaisy.a(stm32h7xx_hal_adc.o)
                0x08005fbc                ADC_Enable
 .text.HAL_ADC_Start_DMA
                0x08006068      0x114 ../../libDaisy//build\libdaisy.a(stm32h7xx_hal_adc.o)
                0x08006068                HAL_ADC_Start_DMA
 .text.ADC_Disable
                0x0800617c       0x68 ../../libDaisy//build\libdaisy.a(stm32h7xx_hal_adc.o)
                0x0800617c                ADC_Disable
 .text.ADC_ConfigureBoostMode
                0x080061e4      0x184 ../../libDaisy//build\libdaisy.a(stm32h7xx_hal_adc.o)
                0x080061e4                ADC_ConfigureBoostMode
 .text.HAL_ADC_Init
                0x08006368      0x218 ../../libDaisy//build\libdaisy.a(stm32h7xx_hal_adc.o)
                0x08006368                HAL_ADC_Init
 .text.HAL_ADCEx_Calibration_Start
                0x08006580       0xa4 ../../libDaisy//build\libdaisy.a(stm32h7xx_hal_adc_ex.o)
                0x08006580                HAL_ADCEx_Calibration_Start
 .text.HAL_ADCEx_MultiModeConfigChannel
                0x08006624       0xc4 ../../libDaisy//build\libdaisy.a(stm32h7xx_hal_adc_ex.o)
                0x08006624                HAL_ADCEx_MultiModeConfigChannel
 .text.HAL_NVIC_SetPriorityGrouping
                0x080066e8       0x24 ../../libDaisy//build\libdaisy.a(stm32h7xx_hal_cortex.o)
                0x080066e8                HAL_NVIC_SetPriorityGrouping
 .text.HAL_NVIC_SetPriority
                0x0800670c       0x7c ../../libDaisy//build\libdaisy.a(stm32h7xx_hal_cortex.o)
                0x0800670c                HAL_NVIC_SetPriority
 .text.HAL_NVIC_EnableIRQ
                0x08006788       0x1c ../../libDaisy//build\libdaisy.a(stm32h7xx_hal_cortex.o)
                0x08006788                HAL_NVIC_EnableIRQ
 .text.HAL_NVIC_DisableIRQ
                0x080067a4       0x28 ../../libDaisy//build\libdaisy.a(stm32h7xx_hal_cortex.o)
                0x080067a4                HAL_NVIC_DisableIRQ
 .text.HAL_SYSTICK_Config
                0x080067cc       0x2c ../../libDaisy//build\libdaisy.a(stm32h7xx_hal_cortex.o)
                0x080067cc                HAL_SYSTICK_Config
 .text.HAL_MPU_Disable
                0x080067f8       0x1c ../../libDaisy//build\libdaisy.a(stm32h7xx_hal_cortex.o)
                0x080067f8                HAL_MPU_Disable
 .text.HAL_MPU_Enable
                0x08006814       0x20 ../../libDaisy//build\libdaisy.a(stm32h7xx_hal_cortex.o)
                0x08006814                HAL_MPU_Enable
 .text.HAL_MPU_ConfigRegion
                0x08006834       0x64 ../../libDaisy//build\libdaisy.a(stm32h7xx_hal_cortex.o)
                0x08006834                HAL_MPU_ConfigRegion
 .text.HAL_SYSTICK_Callback
                0x08006898        0x4 ../../libDaisy//build\libdaisy.a(stm32h7xx_hal_cortex.o)
                0x08006898                HAL_SYSTICK_Callback
 .text.HAL_SYSTICK_IRQHandler
                0x0800689c        0x8 ../../libDaisy//build\libdaisy.a(stm32h7xx_hal_cortex.o)
                0x0800689c                HAL_SYSTICK_IRQHandler
 .text.DMA_CalcBaseAndBitshift
                0x080068a4       0xf4 ../../libDaisy//build\libdaisy.a(stm32h7xx_hal_dma.o)
 .text.DMA_CalcDMAMUXChannelBaseAndMask
                0x08006998       0xd8 ../../libDaisy//build\libdaisy.a(stm32h7xx_hal_dma.o)
 .text.HAL_DMA_Init
                0x08006a70      0x37c ../../libDaisy//build\libdaisy.a(stm32h7xx_hal_dma.o)
                0x08006a70                HAL_DMA_Init
 .text.HAL_DMA_Start_IT
                0x08006dec      0x240 ../../libDaisy//build\libdaisy.a(stm32h7xx_hal_dma.o)
                0x08006dec                HAL_DMA_Start_IT
 .text.HAL_DMA_Abort_IT
                0x0800702c      0x134 ../../libDaisy//build\libdaisy.a(stm32h7xx_hal_dma.o)
                0x0800702c                HAL_DMA_Abort_IT
 .text.HAL_DMA_IRQHandler
                0x08007160      0x6a0 ../../libDaisy//build\libdaisy.a(stm32h7xx_hal_dma.o)
                0x08007160                HAL_DMA_IRQHandler
 .text.HAL_DMA_GetError
                0x08007800        0x4 ../../libDaisy//build\libdaisy.a(stm32h7xx_hal_dma.o)
                0x08007800                HAL_DMA_GetError
 .text.HAL_GPIO_Init
                0x08007804      0x280 ../../libDaisy//build\libdaisy.a(stm32h7xx_hal_gpio.o)
                0x08007804                HAL_GPIO_Init
 .text.HAL_GPIO_DeInit
                0x08007a84      0x190 ../../libDaisy//build\libdaisy.a(stm32h7xx_hal_gpio.o)
                0x08007a84                HAL_GPIO_DeInit
 .text.HAL_GPIO_ReadPin
                0x08007c14        0xc ../../libDaisy//build\libdaisy.a(stm32h7xx_hal_gpio.o)
                0x08007c14                HAL_GPIO_ReadPin
 .text.HAL_GPIO_WritePin
                0x08007c20        0x8 ../../libDaisy//build\libdaisy.a(stm32h7xx_hal_gpio.o)
                0x08007c20                HAL_GPIO_WritePin
 .text.HAL_HCD_IRQHandler
                0x08007c28      0x780 ../../libDaisy//build\libdaisy.a(stm32h7xx_hal_hcd.o)
                0x08007c28                HAL_HCD_IRQHandler
 .text.HAL_HCD_Stop
                0x080083a8       0x28 ../../libDaisy//build\libdaisy.a(stm32h7xx_hal_hcd.o)
                0x080083a8                HAL_HCD_Stop
 .text.I2C_WaitOnTXISFlagUntilTimeout
                0x080083d0       0xb8 ../../libDaisy//build\libdaisy.a(stm32h7xx_hal_i2c.o)
 .text.I2C_WaitOnSTOPFlagUntilTimeout
                0x08008488       0xac ../../libDaisy//build\libdaisy.a(stm32h7xx_hal_i2c.o)
 .text.HAL_I2C_Init
                0x08008534       0xac ../../libDaisy//build\libdaisy.a(stm32h7xx_hal_i2c.o)
                0x08008534                HAL_I2C_Init
 .text.HAL_I2C_Master_Transmit
                0x080085e0      0x1a8 ../../libDaisy//build\libdaisy.a(stm32h7xx_hal_i2c.o)
                0x080085e0                HAL_I2C_Master_Transmit
 .text.HAL_I2C_Slave_Transmit
                0x08008788      0x1c8 ../../libDaisy//build\libdaisy.a(stm32h7xx_hal_i2c.o)
                0x08008788                HAL_I2C_Slave_Transmit
 .text.HAL_I2C_EV_IRQHandler
                0x08008950       0x10 ../../libDaisy//build\libdaisy.a(stm32h7xx_hal_i2c.o)
                0x08008950                HAL_I2C_EV_IRQHandler
 .text.HAL_I2C_GetState
                0x08008960        0x8 ../../libDaisy//build\libdaisy.a(stm32h7xx_hal_i2c.o)
                0x08008960                HAL_I2C_GetState
 .text.HAL_I2CEx_ConfigAnalogFilter
                0x08008968       0x54 ../../libDaisy//build\libdaisy.a(stm32h7xx_hal_i2c_ex.o)
                0x08008968                HAL_I2CEx_ConfigAnalogFilter
 .text.HAL_I2CEx_ConfigDigitalFilter
                0x080089bc       0x58 ../../libDaisy//build\libdaisy.a(stm32h7xx_hal_i2c_ex.o)
                0x080089bc                HAL_I2CEx_ConfigDigitalFilter
 .text.HAL_PCD_IRQHandler
                0x08008a14      0x69c ../../libDaisy//build\libdaisy.a(stm32h7xx_hal_pcd.o)
                0x08008a14                HAL_PCD_IRQHandler
 .text.HAL_PCD_SetAddress
                0x080090b0       0x2c ../../libDaisy//build\libdaisy.a(stm32h7xx_hal_pcd.o)
                0x080090b0                HAL_PCD_SetAddress
 .text.HAL_PCD_EP_Open
                0x080090dc       0x7c ../../libDaisy//build\libdaisy.a(stm32h7xx_hal_pcd.o)
                0x080090dc                HAL_PCD_EP_Open
 .text.HAL_PCD_EP_Receive
                0x08009158       0x50 ../../libDaisy//build\libdaisy.a(stm32h7xx_hal_pcd.o)
                0x08009158                HAL_PCD_EP_Receive
 .text.HAL_PCD_EP_Transmit
                0x080091a8       0x50 ../../libDaisy//build\libdaisy.a(stm32h7xx_hal_pcd.o)
                0x080091a8                HAL_PCD_EP_Transmit
 .text.HAL_PCD_EP_SetStall
                0x080091f8       0x88 ../../libDaisy//build\libdaisy.a(stm32h7xx_hal_pcd.o)
                0x080091f8                HAL_PCD_EP_SetStall
 .text.HAL_PCD_EP_ClrStall
                0x08009280       0x78 ../../libDaisy//build\libdaisy.a(stm32h7xx_hal_pcd.o)
                0x08009280                HAL_PCD_EP_ClrStall
 .text.HAL_PCDEx_LPM_Callback
                0x080092f8        0x4 ../../libDaisy//build\libdaisy.a(stm32h7xx_hal_pcd_ex.o)
                0x080092f8                HAL_PCDEx_LPM_Callback
 .text.HAL_PWREx_ConfigSupply
                0x080092fc       0x4c ../../libDaisy//build\libdaisy.a(stm32h7xx_hal_pwr_ex.o)
                0x080092fc                HAL_PWREx_ConfigSupply
 .text.HAL_PWREx_EnableUSBVoltageDetector
                0x08009348       0x10 ../../libDaisy//build\libdaisy.a(stm32h7xx_hal_pwr_ex.o)
                0x08009348                HAL_PWREx_EnableUSBVoltageDetector
 .text.QSPI_Config
                0x08009358      0x174 ../../libDaisy//build\libdaisy.a(stm32h7xx_hal_qspi.o)
 .text.HAL_QSPI_Init
                0x080094cc       0xd8 ../../libDaisy//build\libdaisy.a(stm32h7xx_hal_qspi.o)
                0x080094cc                HAL_QSPI_Init
 .text.HAL_QSPI_DeInit
                0x080095a4       0x3c ../../libDaisy//build\libdaisy.a(stm32h7xx_hal_qspi.o)
                0x080095a4                HAL_QSPI_DeInit
 .text.HAL_QSPI_Command
                0x080095e0       0xd4 ../../libDaisy//build\libdaisy.a(stm32h7xx_hal_qspi.o)
                0x080095e0                HAL_QSPI_Command
 .text.HAL_QSPI_Transmit
                0x080096b4       0xfc ../../libDaisy//build\libdaisy.a(stm32h7xx_hal_qspi.o)
                0x080096b4                HAL_QSPI_Transmit
 .text.HAL_QSPI_Receive
                0x080097b0      0x108 ../../libDaisy//build\libdaisy.a(stm32h7xx_hal_qspi.o)
                0x080097b0                HAL_QSPI_Receive
 .text.HAL_QSPI_AutoPolling
                0x080098b8       0xf0 ../../libDaisy//build\libdaisy.a(stm32h7xx_hal_qspi.o)
                0x080098b8                HAL_QSPI_AutoPolling
 .text.HAL_QSPI_MemoryMapped
                0x080099a8       0xc0 ../../libDaisy//build\libdaisy.a(stm32h7xx_hal_qspi.o)
                0x080099a8                HAL_QSPI_MemoryMapped
 .text.HAL_QSPI_ErrorCallback
                0x08009a68        0x4 ../../libDaisy//build\libdaisy.a(stm32h7xx_hal_qspi.o)
                0x08009a68                HAL_QSPI_ErrorCallback
 .text.QSPI_DMAAbortCplt
                0x08009a6c       0x38 ../../libDaisy//build\libdaisy.a(stm32h7xx_hal_qspi.o)
 .text.HAL_QSPI_AbortCpltCallback
                0x08009aa4        0x4 ../../libDaisy//build\libdaisy.a(stm32h7xx_hal_qspi.o)
                0x08009aa4                HAL_QSPI_AbortCpltCallback
 .text.HAL_QSPI_CmdCpltCallback
                0x08009aa8        0x4 ../../libDaisy//build\libdaisy.a(stm32h7xx_hal_qspi.o)
                0x08009aa8                HAL_QSPI_CmdCpltCallback
 .text.HAL_QSPI_RxCpltCallback
                0x08009aac        0x4 ../../libDaisy//build\libdaisy.a(stm32h7xx_hal_qspi.o)
                0x08009aac                HAL_QSPI_RxCpltCallback
 .text.HAL_QSPI_TxCpltCallback
                0x08009ab0        0x4 ../../libDaisy//build\libdaisy.a(stm32h7xx_hal_qspi.o)
                0x08009ab0                HAL_QSPI_TxCpltCallback
 .text.HAL_QSPI_FifoThresholdCallback
                0x08009ab4        0x4 ../../libDaisy//build\libdaisy.a(stm32h7xx_hal_qspi.o)
                0x08009ab4                HAL_QSPI_FifoThresholdCallback
 .text.HAL_QSPI_StatusMatchCallback
                0x08009ab8        0x4 ../../libDaisy//build\libdaisy.a(stm32h7xx_hal_qspi.o)
                0x08009ab8                HAL_QSPI_StatusMatchCallback
 .text.HAL_QSPI_TimeOutCallback
                0x08009abc        0x4 ../../libDaisy//build\libdaisy.a(stm32h7xx_hal_qspi.o)
                0x08009abc                HAL_QSPI_TimeOutCallback
 .text.HAL_QSPI_IRQHandler
                0x08009ac0      0x210 ../../libDaisy//build\libdaisy.a(stm32h7xx_hal_qspi.o)
                0x08009ac0                HAL_QSPI_IRQHandler
 .text.HAL_RCC_OscConfig
                0x08009cd0      0x51c ../../libDaisy//build\libdaisy.a(stm32h7xx_hal_rcc.o)
                0x08009cd0                HAL_RCC_OscConfig
 .text.HAL_RCC_GetSysClockFreq
                0x0800a1ec      0x140 ../../libDaisy//build\libdaisy.a(stm32h7xx_hal_rcc.o)
                0x0800a1ec                HAL_RCC_GetSysClockFreq
 .text.HAL_RCC_ClockConfig
                0x0800a32c      0x234 ../../libDaisy//build\libdaisy.a(stm32h7xx_hal_rcc.o)
                0x0800a32c                HAL_RCC_ClockConfig
 .text.HAL_RCC_GetHCLKFreq
                0x0800a560       0x2c ../../libDaisy//build\libdaisy.a(stm32h7xx_hal_rcc.o)
                0x0800a560                HAL_RCC_GetHCLKFreq
 .text.HAL_RCC_GetPCLK1Freq
                0x0800a58c       0x38 ../../libDaisy//build\libdaisy.a(stm32h7xx_hal_rcc.o)
                0x0800a58c                HAL_RCC_GetPCLK1Freq
 .text.HAL_RCC_GetPCLK2Freq
                0x0800a5c4       0x38 ../../libDaisy//build\libdaisy.a(stm32h7xx_hal_rcc.o)
                0x0800a5c4                HAL_RCC_GetPCLK2Freq
 .text.RCCEx_PLL2_Config
                0x0800a5fc       0xf4 ../../libDaisy//build\libdaisy.a(stm32h7xx_hal_rcc_ex.o)
 .text.RCCEx_PLL3_Config
                0x0800a6f0       0xf4 ../../libDaisy//build\libdaisy.a(stm32h7xx_hal_rcc_ex.o)
 .text.HAL_RCCEx_PeriphCLKConfig
                0x0800a7e4      0xa7c ../../libDaisy//build\libdaisy.a(stm32h7xx_hal_rcc_ex.o)
                0x0800a7e4                HAL_RCCEx_PeriphCLKConfig
 .text.HAL_RCCEx_GetD3PCLK1Freq
                0x0800b260       0x24 ../../libDaisy//build\libdaisy.a(stm32h7xx_hal_rcc_ex.o)
                0x0800b260                HAL_RCCEx_GetD3PCLK1Freq
 .text.HAL_RCCEx_GetPLL2ClockFreq
                0x0800b284      0x17c ../../libDaisy//build\libdaisy.a(stm32h7xx_hal_rcc_ex.o)
                0x0800b284                HAL_RCCEx_GetPLL2ClockFreq
 .text.HAL_RCCEx_GetPLL3ClockFreq
                0x0800b400      0x17c ../../libDaisy//build\libdaisy.a(stm32h7xx_hal_rcc_ex.o)
                0x0800b400                HAL_RCCEx_GetPLL3ClockFreq
 .text.HAL_RCCEx_GetPLL1ClockFreq
                0x0800b57c      0x17c ../../libDaisy//build\libdaisy.a(stm32h7xx_hal_rcc_ex.o)
                0x0800b57c                HAL_RCCEx_GetPLL1ClockFreq
 .text.HAL_RCCEx_GetPeriphCLKFreq
                0x0800b6f8      0x198 ../../libDaisy//build\libdaisy.a(stm32h7xx_hal_rcc_ex.o)
                0x0800b6f8                HAL_RCCEx_GetPeriphCLKFreq
 .text.HAL_RCCEx_GetD1SysClockFreq
                0x0800b890       0x2c ../../libDaisy//build\libdaisy.a(stm32h7xx_hal_rcc_ex.o)
                0x0800b890                HAL_RCCEx_GetD1SysClockFreq
 .text.HAL_SAI_Init.part.0
                0x0800b8bc      0x348 ../../libDaisy//build\libdaisy.a(stm32h7xx_hal_sai.o)
 .text.HAL_SAI_InitProtocol
                0x0800bc04      0x178 ../../libDaisy//build\libdaisy.a(stm32h7xx_hal_sai.o)
                0x0800bc04                HAL_SAI_InitProtocol
 .text.HAL_SAI_Transmit_DMA
                0x0800bd7c      0x124 ../../libDaisy//build\libdaisy.a(stm32h7xx_hal_sai.o)
                0x0800bd7c                HAL_SAI_Transmit_DMA
 .text.HAL_SAI_Receive_DMA
                0x0800bea0       0xd0 ../../libDaisy//build\libdaisy.a(stm32h7xx_hal_sai.o)
                0x0800bea0                HAL_SAI_Receive_DMA
 .text.HAL_SAI_TxCpltCallback
                0x0800bf70        0x4 ../../libDaisy//build\libdaisy.a(stm32h7xx_hal_sai.o)
                0x0800bf70                HAL_SAI_TxCpltCallback
 .text.SAI_DMATxCplt
                0x0800bf74       0x64 ../../libDaisy//build\libdaisy.a(stm32h7xx_hal_sai.o)
 .text.HAL_SAI_TxHalfCpltCallback
                0x0800bfd8        0x4 ../../libDaisy//build\libdaisy.a(stm32h7xx_hal_sai.o)
                0x0800bfd8                HAL_SAI_TxHalfCpltCallback
 .text.SAI_DMATxHalfCplt
                0x0800bfdc        0xc ../../libDaisy//build\libdaisy.a(stm32h7xx_hal_sai.o)
 .text.SAI_DMARxCplt
                0x0800bfe8       0x64 ../../libDaisy//build\libdaisy.a(stm32h7xx_hal_sai.o)
 .text.SAI_DMARxHalfCplt
                0x0800c04c        0xc ../../libDaisy//build\libdaisy.a(stm32h7xx_hal_sai.o)
 .text.HAL_SAI_ErrorCallback
                0x0800c058        0x4 ../../libDaisy//build\libdaisy.a(stm32h7xx_hal_sai.o)
                0x0800c058                HAL_SAI_ErrorCallback
 .text.SAI_DMAError
                0x0800c05c       0x6c ../../libDaisy//build\libdaisy.a(stm32h7xx_hal_sai.o)
 .text.HAL_SDRAM_Init
                0x0800c0c8       0x54 ../../libDaisy//build\libdaisy.a(stm32h7xx_hal_sdram.o)
                0x0800c0c8                HAL_SDRAM_Init
 .text.HAL_SDRAM_SendCommand
                0x0800c11c       0x40 ../../libDaisy//build\libdaisy.a(stm32h7xx_hal_sdram.o)
                0x0800c11c                HAL_SDRAM_SendCommand
 .text.HAL_SDRAM_ProgramRefreshRate
                0x0800c15c       0x30 ../../libDaisy//build\libdaisy.a(stm32h7xx_hal_sdram.o)
                0x0800c15c                HAL_SDRAM_ProgramRefreshRate
 .text.FMC_SDRAM_Init
                0x0800c18c       0x7c ../../libDaisy//build\libdaisy.a(stm32h7xx_ll_fmc.o)
                0x0800c18c                FMC_SDRAM_Init
 .text.FMC_SDRAM_Timing_Init
                0x0800c208       0x98 ../../libDaisy//build\libdaisy.a(stm32h7xx_ll_fmc.o)
                0x0800c208                FMC_SDRAM_Timing_Init
 .text.FMC_SDRAM_SendCommand
                0x0800c2a0       0x28 ../../libDaisy//build\libdaisy.a(stm32h7xx_ll_fmc.o)
                0x0800c2a0                FMC_SDRAM_SendCommand
 .text.FMC_SDRAM_ProgramRefreshRate
                0x0800c2c8       0x1c ../../libDaisy//build\libdaisy.a(stm32h7xx_ll_fmc.o)
                0x0800c2c8                FMC_SDRAM_ProgramRefreshRate
 .text.USB_SetTurnaroundTime
                0x0800c2e4      0x104 ../../libDaisy//build\libdaisy.a(stm32h7xx_ll_usb.o)
                0x0800c2e4                USB_SetTurnaroundTime
 .text.USB_FlushTxFifo
                0x0800c3e8       0x34 ../../libDaisy//build\libdaisy.a(stm32h7xx_ll_usb.o)
                0x0800c3e8                USB_FlushTxFifo
 .text.USB_GetDevSpeed
                0x0800c41c       0x24 ../../libDaisy//build\libdaisy.a(stm32h7xx_ll_usb.o)
                0x0800c41c                USB_GetDevSpeed
 .text.USB_ActivateEndpoint
                0x0800c440       0x90 ../../libDaisy//build\libdaisy.a(stm32h7xx_ll_usb.o)
                0x0800c440                USB_ActivateEndpoint
 .text.USB_EPStartXfer
                0x0800c4d0      0x230 ../../libDaisy//build\libdaisy.a(stm32h7xx_ll_usb.o)
                0x0800c4d0                USB_EPStartXfer
 .text.USB_EP0StartXfer
                0x0800c700      0x174 ../../libDaisy//build\libdaisy.a(stm32h7xx_ll_usb.o)
                0x0800c700                USB_EP0StartXfer
 .text.USB_WritePacket
                0x0800c874       0x2c ../../libDaisy//build\libdaisy.a(stm32h7xx_ll_usb.o)
                0x0800c874                USB_WritePacket
 .text.USB_ReadPacket
                0x0800c8a0       0x20 ../../libDaisy//build\libdaisy.a(stm32h7xx_ll_usb.o)
                0x0800c8a0                USB_ReadPacket
 .text.USB_EPSetStall
                0x0800c8c0       0x68 ../../libDaisy//build\libdaisy.a(stm32h7xx_ll_usb.o)
                0x0800c8c0                USB_EPSetStall
 .text.USB_EPClearStall
                0x0800c928       0x58 ../../libDaisy//build\libdaisy.a(stm32h7xx_ll_usb.o)
                0x0800c928                USB_EPClearStall
 .text.USB_SetDevAddress
                0x0800c980       0x24 ../../libDaisy//build\libdaisy.a(stm32h7xx_ll_usb.o)
                0x0800c980                USB_SetDevAddress
 .text.USB_ReadInterrupts
                0x0800c9a4       0x14 ../../libDaisy//build\libdaisy.a(stm32h7xx_ll_usb.o)
                0x0800c9a4                USB_ReadInterrupts
 .text.USB_ReadDevAllOutEpInterrupt
                0x0800c9b8       0x1c ../../libDaisy//build\libdaisy.a(stm32h7xx_ll_usb.o)
                0x0800c9b8                USB_ReadDevAllOutEpInterrupt
 .text.USB_ReadDevAllInEpInterrupt
                0x0800c9d4       0x1c ../../libDaisy//build\libdaisy.a(stm32h7xx_ll_usb.o)
                0x0800c9d4                USB_ReadDevAllInEpInterrupt
 .text.USB_ReadDevOutEPInterrupt
                0x0800c9f0       0x1c ../../libDaisy//build\libdaisy.a(stm32h7xx_ll_usb.o)
                0x0800c9f0                USB_ReadDevOutEPInterrupt
 .text.USB_ReadDevInEPInterrupt
                0x0800ca0c       0x38 ../../libDaisy//build\libdaisy.a(stm32h7xx_ll_usb.o)
                0x0800ca0c                USB_ReadDevInEPInterrupt
 .text.USB_GetMode
                0x0800ca44        0x8 ../../libDaisy//build\libdaisy.a(stm32h7xx_ll_usb.o)
                0x0800ca44                USB_GetMode
 .text.USB_ActivateSetup
                0x0800ca4c       0x38 ../../libDaisy//build\libdaisy.a(stm32h7xx_ll_usb.o)
                0x0800ca4c                USB_ActivateSetup
 .text.USB_EP0_OutStart
                0x0800ca84       0x58 ../../libDaisy//build\libdaisy.a(stm32h7xx_ll_usb.o)
                0x0800ca84                USB_EP0_OutStart
 .text.USB_InitFSLSPClkSel
                0x0800cadc       0x44 ../../libDaisy//build\libdaisy.a(stm32h7xx_ll_usb.o)
                0x0800cadc                USB_InitFSLSPClkSel
 .text.USB_HC_ReadInterrupt
                0x0800cb20        0x8 ../../libDaisy//build\libdaisy.a(stm32h7xx_ll_usb.o)
                0x0800cb20                USB_HC_ReadInterrupt
 .text.USB_HC_Halt
                0x0800cb28       0xc0 ../../libDaisy//build\libdaisy.a(stm32h7xx_ll_usb.o)
                0x0800cb28                USB_HC_Halt
 .text.USB_StopHost
                0x0800cbe8      0x2ec ../../libDaisy//build\libdaisy.a(stm32h7xx_ll_usb.o)
                0x0800cbe8                USB_StopHost
 .text.USBD_SetClassConfig
                0x0800ced4       0x14 ../../libDaisy//build\libdaisy.a(usbd_core.o)
                0x0800ced4                USBD_SetClassConfig
 .text.USBD_ClrClassConfig
                0x0800cee8       0x10 ../../libDaisy//build\libdaisy.a(usbd_core.o)
                0x0800cee8                USBD_ClrClassConfig
 .text.USBD_LL_SetupStage
                0x0800cef8       0x5c ../../libDaisy//build\libdaisy.a(usbd_core.o)
                0x0800cef8                USBD_LL_SetupStage
 .text.USBD_LL_DataOutStage
                0x0800cf54       0x7c ../../libDaisy//build\libdaisy.a(usbd_core.o)
                0x0800cf54                USBD_LL_DataOutStage
 .text.USBD_LL_DataInStage
                0x0800cfd0       0xcc ../../libDaisy//build\libdaisy.a(usbd_core.o)
                0x0800cfd0                USBD_LL_DataInStage
 .text.USBD_LL_Reset
                0x0800d09c       0x50 ../../libDaisy//build\libdaisy.a(usbd_core.o)
                0x0800d09c                USBD_LL_Reset
 .text.USBD_LL_SetSpeed
                0x0800d0ec        0x8 ../../libDaisy//build\libdaisy.a(usbd_core.o)
                0x0800d0ec                USBD_LL_SetSpeed
 .text.USBD_LL_Suspend
                0x0800d0f4       0x14 ../../libDaisy//build\libdaisy.a(usbd_core.o)
                0x0800d0f4                USBD_LL_Suspend
 .text.USBD_LL_Resume
                0x0800d108       0x10 ../../libDaisy//build\libdaisy.a(usbd_core.o)
                0x0800d108                USBD_LL_Resume
 .text.USBD_LL_SOF
                0x0800d118       0x1c ../../libDaisy//build\libdaisy.a(usbd_core.o)
                0x0800d118                USBD_LL_SOF
 .text.USBD_LL_IsoINIncomplete
                0x0800d134        0x4 ../../libDaisy//build\libdaisy.a(usbd_core.o)
                0x0800d134                USBD_LL_IsoINIncomplete
 .text.USBD_LL_IsoOUTIncomplete
                0x0800d138        0x4 ../../libDaisy//build\libdaisy.a(usbd_core.o)
                0x0800d138                USBD_LL_IsoOUTIncomplete
 .text.USBD_LL_DevConnected
                0x0800d13c        0x4 ../../libDaisy//build\libdaisy.a(usbd_core.o)
                0x0800d13c                USBD_LL_DevConnected
 .text.USBD_LL_DevDisconnected
                0x0800d140       0x18 ../../libDaisy//build\libdaisy.a(usbd_core.o)
                0x0800d140                USBD_LL_DevDisconnected
 .text.USBD_StdDevReq
                0x0800d158      0x304 ../../libDaisy//build\libdaisy.a(usbd_ctlreq.o)
                0x0800d158                USBD_StdDevReq
 .text.USBD_StdItfReq
                0x0800d45c       0x68 ../../libDaisy//build\libdaisy.a(usbd_ctlreq.o)
                0x0800d45c                USBD_StdItfReq
 .text.USBD_StdEPReq
                0x0800d4c4      0x13c ../../libDaisy//build\libdaisy.a(usbd_ctlreq.o)
                0x0800d4c4                USBD_StdEPReq
 .text.USBD_ParseSetupRequest
                0x0800d600       0x28 ../../libDaisy//build\libdaisy.a(usbd_ctlreq.o)
                0x0800d600                USBD_ParseSetupRequest
 .text.USBD_CtlSendData
                0x0800d628       0x1c ../../libDaisy//build\libdaisy.a(usbd_ioreq.o)
                0x0800d628                USBD_CtlSendData
 .text.USBD_CtlContinueSendData
                0x0800d644       0x14 ../../libDaisy//build\libdaisy.a(usbd_ioreq.o)
                0x0800d644                USBD_CtlContinueSendData
 .text.USBD_CtlContinueRx
                0x0800d658       0x14 ../../libDaisy//build\libdaisy.a(usbd_ioreq.o)
                0x0800d658                USBD_CtlContinueRx
 .text.USBD_CtlSendStatus
                0x0800d66c       0x18 ../../libDaisy//build\libdaisy.a(usbd_ioreq.o)
                0x0800d66c                USBD_CtlSendStatus
 .text.USBD_CtlReceiveStatus
                0x0800d684       0x18 ../../libDaisy//build\libdaisy.a(usbd_ioreq.o)
                0x0800d684                USBD_CtlReceiveStatus
 .text.USBH_LL_IncTimer
                0x0800d69c       0x20 ../../libDaisy//build\libdaisy.a(usbh_core.o)
                0x0800d69c                USBH_LL_IncTimer
 .text.USBH_LL_PortEnabled
                0x0800d6bc        0x8 ../../libDaisy//build\libdaisy.a(usbh_core.o)
                0x0800d6bc                USBH_LL_PortEnabled
 .text.USBH_LL_PortDisabled
                0x0800d6c4        0x8 ../../libDaisy//build\libdaisy.a(usbh_core.o)
                0x0800d6c4                USBH_LL_PortDisabled
 .text.USBH_LL_Connect
                0x0800d6cc       0x18 ../../libDaisy//build\libdaisy.a(usbh_core.o)
                0x0800d6cc                USBH_LL_Connect
 .text.USBH_LL_Disconnect
                0x0800d6e4       0x2c ../../libDaisy//build\libdaisy.a(usbh_core.o)
                0x0800d6e4                USBH_LL_Disconnect
 .text.USBH_FreePipe
                0x0800d710       0x18 ../../libDaisy//build\libdaisy.a(usbh_pipes.o)
                0x0800d710                USBH_FreePipe
 .text._ZN5daisy6Random4InitEv
                0x0800d728       0x3c ../../libDaisy//build\libdaisy.a(rng.o)
                0x0800d728                daisy::Random::Init()
 .text._ZN5daisy9SpiHandle4Impl7InitDmaEv
                0x0800d764       0xec ../../libDaisy//build\libdaisy.a(spi.o)
                0x0800d764                daisy::SpiHandle::Impl::InitDma()
 .text._ZN5daisy9SpiHandle4Impl10StartDmaTxEPhjPFvPvEPFvS3_NS0_6ResultEES3_
                0x0800d850       0xc8 ../../libDaisy//build\libdaisy.a(spi.o)
                0x0800d850                daisy::SpiHandle::Impl::StartDmaTx(unsigned char*, unsigned int, void (*)(void*), void (*)(void*, daisy::SpiHandle::Result), void*)
 .text._ZN5daisy9SpiHandle4Impl10StartDmaRxEPhjPFvPvEPFvS3_NS0_6ResultEES3_
                0x0800d918       0xc8 ../../libDaisy//build\libdaisy.a(spi.o)
                0x0800d918                daisy::SpiHandle::Impl::StartDmaRx(unsigned char*, unsigned int, void (*)(void*), void (*)(void*, daisy::SpiHandle::Result), void*)
 .text._ZN5daisy9SpiHandle4Impl12StartDmaRxTxEPhS2_jPFvPvEPFvS3_NS0_6ResultEES3_
                0x0800d9e0       0xcc ../../libDaisy//build\libdaisy.a(spi.o)
                0x0800d9e0                daisy::SpiHandle::Impl::StartDmaRxTx(unsigned char*, unsigned char*, unsigned int, void (*)(void*), void (*)(void*, daisy::SpiHandle::Result), void*)
 .text._ZN5daisy9SpiHandle4Impl8InitPinsEv
                0x0800daac      0x274 ../../libDaisy//build\libdaisy.a(spi.o)
                0x0800daac                daisy::SpiHandle::Impl::InitPins()
 .text.HAL_SPI_MspInit
                0x0800dd20      0x1a8 ../../libDaisy//build\libdaisy.a(spi.o)
                0x0800dd20                HAL_SPI_MspInit
 .text.dsy_spi_global_init
                0x0800dec8       0x80 ../../libDaisy//build\libdaisy.a(spi.o)
                0x0800dec8                dsy_spi_global_init
 .text.SPI1_IRQHandler
                0x0800df48        0xc ../../libDaisy//build\libdaisy.a(spi.o)
                0x0800df48                SPI1_IRQHandler
 .text.SPI2_IRQHandler
                0x0800df54        0xc ../../libDaisy//build\libdaisy.a(spi.o)
                0x0800df54                SPI2_IRQHandler
 .text.SPI3_IRQHandler
                0x0800df60        0xc ../../libDaisy//build\libdaisy.a(spi.o)
                0x0800df60                SPI3_IRQHandler
 .text.SPI4_IRQHandler
                0x0800df6c        0xc ../../libDaisy//build\libdaisy.a(spi.o)
                0x0800df6c                SPI4_IRQHandler
 .text.SPI5_IRQHandler
                0x0800df78        0xc ../../libDaisy//build\libdaisy.a(spi.o)
                0x0800df78                SPI5_IRQHandler
 .text.DMA2_Stream2_IRQHandler
                0x0800df84       0x34 ../../libDaisy//build\libdaisy.a(spi.o)
                0x0800df84                DMA2_Stream2_IRQHandler
 .text.DMA2_Stream3_IRQHandler
                0x0800dfb8       0x38 ../../libDaisy//build\libdaisy.a(spi.o)
                0x0800dfb8                DMA2_Stream3_IRQHandler
 .text.HAL_SPI_TxCpltCallback
                0x0800dff0       0xc4 ../../libDaisy//build\libdaisy.a(spi.o)
                0x0800dff0                HAL_SPI_TxCpltCallback
 .text.HAL_SPI_RxCpltCallback
                0x0800e0b4       0xc4 ../../libDaisy//build\libdaisy.a(spi.o)
                0x0800e0b4                HAL_SPI_RxCpltCallback
 .text.HAL_SPI_TxRxCpltCallback
                0x0800e178       0xc4 ../../libDaisy//build\libdaisy.a(spi.o)
                0x0800e178                HAL_SPI_TxRxCpltCallback
 .text.HAL_SPI_ErrorCallback
                0x0800e23c       0xc8 ../../libDaisy//build\libdaisy.a(spi.o)
                0x0800e23c                HAL_SPI_ErrorCallback
 .text.startup._GLOBAL__sub_I__Z19MapInstanceToHandleP11SPI_TypeDef
                0x0800e304      0x1b0 ../../libDaisy//build\libdaisy.a(spi.o)
 .text.HAL_TIM_Base_MspInit
                0x0800e4b4      0x1e0 ../../libDaisy//build\libdaisy.a(tim.o)
                0x0800e4b4                HAL_TIM_Base_MspInit
 .text.HAL_TIM_PeriodElapsedCallback
                0x0800e694       0x44 ../../libDaisy//build\libdaisy.a(tim.o)
                0x0800e694                HAL_TIM_PeriodElapsedCallback
 .text.TIM2_IRQHandler
                0x0800e6d8        0xc ../../libDaisy//build\libdaisy.a(tim.o)
                0x0800e6d8                TIM2_IRQHandler
 .text.TIM3_IRQHandler
                0x0800e6e4        0xc ../../libDaisy//build\libdaisy.a(tim.o)
                0x0800e6e4                TIM3_IRQHandler
 .text.TIM4_IRQHandler
                0x0800e6f0        0xc ../../libDaisy//build\libdaisy.a(tim.o)
                0x0800e6f0                TIM4_IRQHandler
 .text.TIM5_IRQHandler
                0x0800e6fc        0xc ../../libDaisy//build\libdaisy.a(tim.o)
                0x0800e6fc                TIM5_IRQHandler
 .text._ZN5daisy11TimerHandle4InitERKNS0_6ConfigE
                0x0800e708       0xd0 ../../libDaisy//build\libdaisy.a(tim.o)
                0x0800e708                daisy::TimerHandle::Init(daisy::TimerHandle::Config const&)
 .text._ZN5daisy11TimerHandle5StartEv
                0x0800e7d8       0x24 ../../libDaisy//build\libdaisy.a(tim.o)
                0x0800e7d8                daisy::TimerHandle::Start()
 .text.startup._GLOBAL__sub_I__ZN5daisy11TimerHandle4Impl4InitERKNS0_6ConfigE
                0x0800e7fc       0x38 ../../libDaisy//build\libdaisy.a(tim.o)
 .text._ZN5daisy11UartHandler4Impl7InitDmaEbb
                0x0800e834      0x164 ../../libDaisy//build\libdaisy.a(uart.o)
                0x0800e834                daisy::UartHandler::Impl::InitDma(bool, bool)
 .text._ZN5daisy11UartHandler4Impl10HandleFifoEv
                0x0800e998       0xec ../../libDaisy//build\libdaisy.a(uart.o)
                0x0800e998                daisy::UartHandler::Impl::HandleFifo()
 .text._ZN5daisy11UartHandler4Impl10StartDmaTxEPhjPFvPvEPFvS3_NS0_6ResultEES3_
                0x0800ea84       0xcc ../../libDaisy//build\libdaisy.a(uart.o)
                0x0800ea84                daisy::UartHandler::Impl::StartDmaTx(unsigned char*, unsigned int, void (*)(void*), void (*)(void*, daisy::UartHandler::Result), void*)
 .text._ZN5daisy11UartHandler4Impl10StartDmaRxEPhjPFvPvEPFvS3_NS0_6ResultEES3_
                0x0800eb50       0xcc ../../libDaisy//build\libdaisy.a(uart.o)
                0x0800eb50                daisy::UartHandler::Impl::StartDmaRx(unsigned char*, unsigned int, void (*)(void*), void (*)(void*, daisy::UartHandler::Result), void*)
 .text._ZN5daisy11UartHandler4Impl19DmaTransferFinishedEP20__UART_HandleTypeDefNS0_6ResultE
                0x0800ec1c       0xc0 ../../libDaisy//build\libdaisy.a(uart.o)
                0x0800ec1c                daisy::UartHandler::Impl::DmaTransferFinished(__UART_HandleTypeDef*, daisy::UartHandler::Result)
 .text._ZN5daisy11UartHandler4Impl8InitPinsEv
                0x0800ecdc      0x150 ../../libDaisy//build\libdaisy.a(uart.o)
                0x0800ecdc                daisy::UartHandler::Impl::InitPins()
 .text.HAL_UART_MspInit
                0x0800ee2c      0x210 ../../libDaisy//build\libdaisy.a(uart.o)
                0x0800ee2c                HAL_UART_MspInit
 .text.dsy_uart_global_init
                0x0800f03c      0x110 ../../libDaisy//build\libdaisy.a(uart.o)
                0x0800f03c                dsy_uart_global_init
 .text.USART1_IRQHandler
                0x0800f14c       0x30 ../../libDaisy//build\libdaisy.a(uart.o)
                0x0800f14c                USART1_IRQHandler
 .text.USART2_IRQHandler
                0x0800f17c       0x34 ../../libDaisy//build\libdaisy.a(uart.o)
                0x0800f17c                USART2_IRQHandler
 .text.USART3_IRQHandler
                0x0800f1b0       0x34 ../../libDaisy//build\libdaisy.a(uart.o)
                0x0800f1b0                USART3_IRQHandler
 .text.UART4_IRQHandler
                0x0800f1e4       0x34 ../../libDaisy//build\libdaisy.a(uart.o)
                0x0800f1e4                UART4_IRQHandler
 .text.UART5_IRQHandler
                0x0800f218       0x34 ../../libDaisy//build\libdaisy.a(uart.o)
                0x0800f218                UART5_IRQHandler
 .text.USART6_IRQHandler
                0x0800f24c       0x34 ../../libDaisy//build\libdaisy.a(uart.o)
                0x0800f24c                USART6_IRQHandler
 .text.UART7_IRQHandler
                0x0800f280       0x30 ../../libDaisy//build\libdaisy.a(uart.o)
                0x0800f280                UART7_IRQHandler
 .text.UART8_IRQHandler
                0x0800f2b0       0x34 ../../libDaisy//build\libdaisy.a(uart.o)
                0x0800f2b0                UART8_IRQHandler
 .text.LPUART1_IRQHandler
                0x0800f2e4       0x34 ../../libDaisy//build\libdaisy.a(uart.o)
                0x0800f2e4                LPUART1_IRQHandler
 .text.DMA1_Stream5_IRQHandler
                0x0800f318       0x34 ../../libDaisy//build\libdaisy.a(uart.o)
                0x0800f318                DMA1_Stream5_IRQHandler
 .text.DMA2_Stream4_IRQHandler
                0x0800f34c       0x34 ../../libDaisy//build\libdaisy.a(uart.o)
                0x0800f34c                DMA2_Stream4_IRQHandler
 .text.HAL_UART_TxCpltCallback
                0x0800f380        0x8 ../../libDaisy//build\libdaisy.a(uart.o)
                0x0800f380                HAL_UART_TxCpltCallback
 .text.HAL_UART_RxCpltCallback
                0x0800f388        0x8 ../../libDaisy//build\libdaisy.a(uart.o)
                0x0800f388                HAL_UART_RxCpltCallback
 .text.HAL_UART_ErrorCallback
                0x0800f390        0x8 ../../libDaisy//build\libdaisy.a(uart.o)
                0x0800f390                HAL_UART_ErrorCallback
 .text.startup._GLOBAL__sub_I__Z19MapInstanceToHandleP13USART_TypeDef
                0x0800f398      0x190 ../../libDaisy//build\libdaisy.a(uart.o)
 .text.dsy_dma_init
                0x0800f528      0x100 ../../libDaisy//build\libdaisy.a(dma.o)
                0x0800f528                dsy_dma_init
 .text.HAL_MDMA_Abort_IT
                0x0800f628       0x2c ../../libDaisy//build\libdaisy.a(stm32h7xx_hal_mdma.o)
                0x0800f628                HAL_MDMA_Abort_IT
 .text.SPI_CloseTransfer
                0x0800f654       0xb8 ../../libDaisy//build\libdaisy.a(stm32h7xx_hal_spi.o)
 .text.HAL_SPI_Init
                0x0800f70c      0x15c ../../libDaisy//build\libdaisy.a(stm32h7xx_hal_spi.o)
                0x0800f70c                HAL_SPI_Init
 .text.HAL_SPI_Transmit_DMA
                0x0800f868      0x170 ../../libDaisy//build\libdaisy.a(stm32h7xx_hal_spi.o)
                0x0800f868                HAL_SPI_Transmit_DMA
 .text.HAL_SPI_TransmitReceive_DMA
                0x0800f9d8      0x218 ../../libDaisy//build\libdaisy.a(stm32h7xx_hal_spi.o)
                0x0800f9d8                HAL_SPI_TransmitReceive_DMA
 .text.HAL_SPI_Receive_DMA
                0x0800fbf0      0x1b4 ../../libDaisy//build\libdaisy.a(stm32h7xx_hal_spi.o)
                0x0800fbf0                HAL_SPI_Receive_DMA
 .text.SPI_DMATransmitCplt
                0x0800fda4       0x28 ../../libDaisy//build\libdaisy.a(stm32h7xx_hal_spi.o)
 .text.SPI_DMAReceiveCplt
                0x0800fdcc       0x28 ../../libDaisy//build\libdaisy.a(stm32h7xx_hal_spi.o)
 .text.SPI_DMATransmitReceiveCplt
                0x0800fdf4       0x28 ../../libDaisy//build\libdaisy.a(stm32h7xx_hal_spi.o)
 .text.HAL_SPI_TxHalfCpltCallback
                0x0800fe1c        0x4 ../../libDaisy//build\libdaisy.a(stm32h7xx_hal_spi.o)
                0x0800fe1c                HAL_SPI_TxHalfCpltCallback
 .text.SPI_DMAHalfTransmitCplt
                0x0800fe20        0xc ../../libDaisy//build\libdaisy.a(stm32h7xx_hal_spi.o)
 .text.HAL_SPI_RxHalfCpltCallback
                0x0800fe2c        0x4 ../../libDaisy//build\libdaisy.a(stm32h7xx_hal_spi.o)
                0x0800fe2c                HAL_SPI_RxHalfCpltCallback
 .text.SPI_DMAHalfReceiveCplt
                0x0800fe30        0xc ../../libDaisy//build\libdaisy.a(stm32h7xx_hal_spi.o)
 .text.HAL_SPI_TxRxHalfCpltCallback
                0x0800fe3c        0x4 ../../libDaisy//build\libdaisy.a(stm32h7xx_hal_spi.o)
                0x0800fe3c                HAL_SPI_TxRxHalfCpltCallback
 .text.SPI_DMAHalfTransmitReceiveCplt
                0x0800fe40        0xc ../../libDaisy//build\libdaisy.a(stm32h7xx_hal_spi.o)
 .text.SPI_DMAError
                0x0800fe4c       0xd8 ../../libDaisy//build\libdaisy.a(stm32h7xx_hal_spi.o)
 .text.HAL_SPI_IRQHandler
                0x0800ff24      0x23c ../../libDaisy//build\libdaisy.a(stm32h7xx_hal_spi.o)
                0x0800ff24                HAL_SPI_IRQHandler
 .text.SPI_DMAAbortOnError
                0x08010160       0x1c ../../libDaisy//build\libdaisy.a(stm32h7xx_hal_spi.o)
 .text.HAL_SPI_GetState
                0x0801017c        0x8 ../../libDaisy//build\libdaisy.a(stm32h7xx_hal_spi.o)
                0x0801017c                HAL_SPI_GetState
 .text.HAL_TIM_Base_Init
                0x08010184      0x140 ../../libDaisy//build\libdaisy.a(stm32h7xx_hal_tim.o)
                0x08010184                HAL_TIM_Base_Init
 .text.HAL_TIM_Base_Start
                0x080102c4       0x34 ../../libDaisy//build\libdaisy.a(stm32h7xx_hal_tim.o)
                0x080102c4                HAL_TIM_Base_Start
 .text.HAL_TIM_Base_Start_IT
                0x080102f8       0x2c ../../libDaisy//build\libdaisy.a(stm32h7xx_hal_tim.o)
                0x080102f8                HAL_TIM_Base_Start_IT
 .text.HAL_TIM_ConfigClockSource
                0x08010324      0x17c ../../libDaisy//build\libdaisy.a(stm32h7xx_hal_tim.o)
                0x08010324                HAL_TIM_ConfigClockSource
 .text.HAL_TIM_OC_DelayElapsedCallback
                0x080104a0        0x4 ../../libDaisy//build\libdaisy.a(stm32h7xx_hal_tim.o)
                0x080104a0                HAL_TIM_OC_DelayElapsedCallback
 .text.HAL_TIM_IC_CaptureCallback
                0x080104a4        0x4 ../../libDaisy//build\libdaisy.a(stm32h7xx_hal_tim.o)
                0x080104a4                HAL_TIM_IC_CaptureCallback
 .text.HAL_TIM_PWM_PulseFinishedCallback
                0x080104a8        0x4 ../../libDaisy//build\libdaisy.a(stm32h7xx_hal_tim.o)
                0x080104a8                HAL_TIM_PWM_PulseFinishedCallback
 .text.HAL_TIM_TriggerCallback
                0x080104ac        0x4 ../../libDaisy//build\libdaisy.a(stm32h7xx_hal_tim.o)
                0x080104ac                HAL_TIM_TriggerCallback
 .text.HAL_TIM_IRQHandler
                0x080104b0      0x170 ../../libDaisy//build\libdaisy.a(stm32h7xx_hal_tim.o)
                0x080104b0                HAL_TIM_IRQHandler
 .text.HAL_TIMEx_MasterConfigSynchronization
                0x08010620       0x64 ../../libDaisy//build\libdaisy.a(stm32h7xx_hal_tim_ex.o)
                0x08010620                HAL_TIMEx_MasterConfigSynchronization
 .text.HAL_TIMEx_CommutCallback
                0x08010684        0x4 ../../libDaisy//build\libdaisy.a(stm32h7xx_hal_tim_ex.o)
                0x08010684                HAL_TIMEx_CommutCallback
 .text.HAL_TIMEx_BreakCallback
                0x08010688        0x4 ../../libDaisy//build\libdaisy.a(stm32h7xx_hal_tim_ex.o)
                0x08010688                HAL_TIMEx_BreakCallback
 .text.HAL_TIMEx_Break2Callback
                0x0801068c        0x4 ../../libDaisy//build\libdaisy.a(stm32h7xx_hal_tim_ex.o)
                0x0801068c                HAL_TIMEx_Break2Callback
 .text.HAL_UART_Transmit_DMA
                0x08010690       0xa4 ../../libDaisy//build\libdaisy.a(stm32h7xx_hal_uart.o)
                0x08010690                HAL_UART_Transmit_DMA
 .text.HAL_UART_Receive_DMA
                0x08010734       0xac ../../libDaisy//build\libdaisy.a(stm32h7xx_hal_uart.o)
                0x08010734                HAL_UART_Receive_DMA
 .text.UART_DMATransmitCplt
                0x080107e0       0x2c ../../libDaisy//build\libdaisy.a(stm32h7xx_hal_uart.o)
 .text.HAL_UART_TxHalfCpltCallback
                0x0801080c        0x4 ../../libDaisy//build\libdaisy.a(stm32h7xx_hal_uart.o)
                0x0801080c                HAL_UART_TxHalfCpltCallback
 .text.UART_DMATxHalfCplt
                0x08010810        0xc ../../libDaisy//build\libdaisy.a(stm32h7xx_hal_uart.o)
 .text.UART_DMAReceiveCplt
                0x0801081c       0x38 ../../libDaisy//build\libdaisy.a(stm32h7xx_hal_uart.o)
 .text.HAL_UART_RxHalfCpltCallback